ARM GAS  C:\Users\43479\AppData\Local\Temp\ccmDuM5D.s 			page 1


   1              		.syntax unified
   2              		.cpu cortex-m4
   3              		.eabi_attribute 27, 1
   4              		.fpu fpv4-sp-d16
   5              		.eabi_attribute 20, 1
   6              		.eabi_attribute 21, 1
   7              		.eabi_attribute 23, 3
   8              		.eabi_attribute 24, 1
   9              		.eabi_attribute 25, 1
  10              		.eabi_attribute 26, 1
  11              		.eabi_attribute 30, 1
  12              		.eabi_attribute 34, 1
  13              		.eabi_attribute 18, 4
  14              		.thumb
  15              		.syntax unified
  16              		.file	"cyfitter_amux.c"
  17              		.text
  18              	.Ltext0:
  19              		.cfi_sections	.debug_frame
  20              		.section	.text.AMux_2_Set,"ax",%progbits
  21              		.align	2
  22              		.global	AMux_2_Set
  23              		.thumb
  24              		.thumb_func
  25              		.type	AMux_2_Set, %function
  26              	AMux_2_Set:
  27              	.LFB128:
  28              		.file 1 "Generated_Source\\PSoC6\\cyfitter_amux.c"
   1:Generated_Source\PSoC6/cyfitter_amux.c **** /*******************************************************************************
   2:Generated_Source\PSoC6/cyfitter_amux.c **** * File Name: cyfitter_amux.c
   3:Generated_Source\PSoC6/cyfitter_amux.c **** * 
   4:Generated_Source\PSoC6/cyfitter_amux.c **** * PSoC Creator  4.4
   5:Generated_Source\PSoC6/cyfitter_amux.c **** *
   6:Generated_Source\PSoC6/cyfitter_amux.c **** * Description:
   7:Generated_Source\PSoC6/cyfitter_amux.c **** * APIs for analog mux channel switching
   8:Generated_Source\PSoC6/cyfitter_amux.c **** * This file is automatically generated by PSoC Creator.
   9:Generated_Source\PSoC6/cyfitter_amux.c **** *
  10:Generated_Source\PSoC6/cyfitter_amux.c **** ********************************************************************************
  11:Generated_Source\PSoC6/cyfitter_amux.c **** * Copyright (c) 2007-2020 Cypress Semiconductor.  All rights reserved.
  12:Generated_Source\PSoC6/cyfitter_amux.c **** * You may use this file only in accordance with the license, terms, conditions, 
  13:Generated_Source\PSoC6/cyfitter_amux.c **** * disclaimers, and limitations in the end user license agreement accompanying 
  14:Generated_Source\PSoC6/cyfitter_amux.c **** * the software package with which this file was provided.
  15:Generated_Source\PSoC6/cyfitter_amux.c **** ********************************************************************************/
  16:Generated_Source\PSoC6/cyfitter_amux.c **** 
  17:Generated_Source\PSoC6/cyfitter_amux.c **** #include "cyfitter_cfg.h"
  18:Generated_Source\PSoC6/cyfitter_amux.c **** #include "cydevice_trm.h"
  19:Generated_Source\PSoC6/cyfitter_amux.c **** #include <string.h>
  20:Generated_Source\PSoC6/cyfitter_amux.c **** 
  21:Generated_Source\PSoC6/cyfitter_amux.c **** #if defined(__GNUC__) || defined(__ARMCC_VERSION)
  22:Generated_Source\PSoC6/cyfitter_amux.c ****     #define CYPACKED 
  23:Generated_Source\PSoC6/cyfitter_amux.c ****     #define CYPACKED_ATTR __attribute__ ((packed))
  24:Generated_Source\PSoC6/cyfitter_amux.c ****     #define CYALIGNED __attribute__ ((aligned))
  25:Generated_Source\PSoC6/cyfitter_amux.c ****     #define CY_CFG_UNUSED __attribute__ ((unused))
  26:Generated_Source\PSoC6/cyfitter_amux.c ****     #ifndef CY_CFG_SECTION
  27:Generated_Source\PSoC6/cyfitter_amux.c ****         #define CY_CFG_SECTION __attribute__ ((section(".psocinit")))
  28:Generated_Source\PSoC6/cyfitter_amux.c ****     #endif
  29:Generated_Source\PSoC6/cyfitter_amux.c ****     
ARM GAS  C:\Users\43479\AppData\Local\Temp\ccmDuM5D.s 			page 2


  30:Generated_Source\PSoC6/cyfitter_amux.c ****     #if defined(__ARMCC_VERSION)
  31:Generated_Source\PSoC6/cyfitter_amux.c ****         #define CY_CFG_MEMORY_BARRIER() __memory_changed()
  32:Generated_Source\PSoC6/cyfitter_amux.c ****     #else
  33:Generated_Source\PSoC6/cyfitter_amux.c ****         #define CY_CFG_MEMORY_BARRIER() __sync_synchronize()
  34:Generated_Source\PSoC6/cyfitter_amux.c ****     #endif
  35:Generated_Source\PSoC6/cyfitter_amux.c ****     
  36:Generated_Source\PSoC6/cyfitter_amux.c **** #elif defined(__ICCARM__)
  37:Generated_Source\PSoC6/cyfitter_amux.c ****     #include <intrinsics.h>
  38:Generated_Source\PSoC6/cyfitter_amux.c **** 
  39:Generated_Source\PSoC6/cyfitter_amux.c ****     #define CYPACKED __packed
  40:Generated_Source\PSoC6/cyfitter_amux.c ****     #define CYPACKED_ATTR 
  41:Generated_Source\PSoC6/cyfitter_amux.c ****     #define CYALIGNED _Pragma("data_alignment=4")
  42:Generated_Source\PSoC6/cyfitter_amux.c ****     #define CY_CFG_UNUSED _Pragma("diag_suppress=Pe177")
  43:Generated_Source\PSoC6/cyfitter_amux.c ****     #define CY_CFG_SECTION _Pragma("location=\".psocinit\"")
  44:Generated_Source\PSoC6/cyfitter_amux.c ****     
  45:Generated_Source\PSoC6/cyfitter_amux.c ****     #define CY_CFG_MEMORY_BARRIER() __DMB()
  46:Generated_Source\PSoC6/cyfitter_amux.c ****     
  47:Generated_Source\PSoC6/cyfitter_amux.c **** #else
  48:Generated_Source\PSoC6/cyfitter_amux.c ****     #error Unsupported toolchain
  49:Generated_Source\PSoC6/cyfitter_amux.c **** #endif
  50:Generated_Source\PSoC6/cyfitter_amux.c **** 
  51:Generated_Source\PSoC6/cyfitter_amux.c **** #ifndef CYCODE
  52:Generated_Source\PSoC6/cyfitter_amux.c ****     #define CYCODE
  53:Generated_Source\PSoC6/cyfitter_amux.c **** #endif
  54:Generated_Source\PSoC6/cyfitter_amux.c **** #ifndef CYDATA
  55:Generated_Source\PSoC6/cyfitter_amux.c ****     #define CYDATA
  56:Generated_Source\PSoC6/cyfitter_amux.c **** #endif
  57:Generated_Source\PSoC6/cyfitter_amux.c **** #ifndef CYFAR
  58:Generated_Source\PSoC6/cyfitter_amux.c ****     #define CYFAR
  59:Generated_Source\PSoC6/cyfitter_amux.c **** #endif
  60:Generated_Source\PSoC6/cyfitter_amux.c **** #ifndef CYXDATA
  61:Generated_Source\PSoC6/cyfitter_amux.c ****     #define CYXDATA
  62:Generated_Source\PSoC6/cyfitter_amux.c **** #endif
  63:Generated_Source\PSoC6/cyfitter_amux.c **** 
  64:Generated_Source\PSoC6/cyfitter_amux.c **** 
  65:Generated_Source\PSoC6/cyfitter_amux.c **** CY_CFG_UNUSED
  66:Generated_Source\PSoC6/cyfitter_amux.c **** static void CYMEMZERO(void *s, size_t n);
  67:Generated_Source\PSoC6/cyfitter_amux.c **** CY_CFG_UNUSED
  68:Generated_Source\PSoC6/cyfitter_amux.c **** static void CYMEMZERO(void *s, size_t n)
  69:Generated_Source\PSoC6/cyfitter_amux.c **** {
  70:Generated_Source\PSoC6/cyfitter_amux.c **** 	(void)memset(s, 0, n);
  71:Generated_Source\PSoC6/cyfitter_amux.c **** }
  72:Generated_Source\PSoC6/cyfitter_amux.c **** CY_CFG_UNUSED
  73:Generated_Source\PSoC6/cyfitter_amux.c **** static void CYCONFIGCPY(void *dest, const void *src, size_t n);
  74:Generated_Source\PSoC6/cyfitter_amux.c **** CY_CFG_UNUSED
  75:Generated_Source\PSoC6/cyfitter_amux.c **** static void CYCONFIGCPY(void *dest, const void *src, size_t n)
  76:Generated_Source\PSoC6/cyfitter_amux.c **** {
  77:Generated_Source\PSoC6/cyfitter_amux.c **** 	(void)memcpy(dest, src, n);
  78:Generated_Source\PSoC6/cyfitter_amux.c **** }
  79:Generated_Source\PSoC6/cyfitter_amux.c **** CY_CFG_UNUSED
  80:Generated_Source\PSoC6/cyfitter_amux.c **** static void CYCONFIGCPYCODE(void *dest, const void *src, size_t n);
  81:Generated_Source\PSoC6/cyfitter_amux.c **** CY_CFG_UNUSED
  82:Generated_Source\PSoC6/cyfitter_amux.c **** static void CYCONFIGCPYCODE(void *dest, const void *src, size_t n)
  83:Generated_Source\PSoC6/cyfitter_amux.c **** {
  84:Generated_Source\PSoC6/cyfitter_amux.c **** 	(void)memcpy(dest, src, n);
  85:Generated_Source\PSoC6/cyfitter_amux.c **** }
  86:Generated_Source\PSoC6/cyfitter_amux.c **** 
ARM GAS  C:\Users\43479\AppData\Local\Temp\ccmDuM5D.s 			page 3


  87:Generated_Source\PSoC6/cyfitter_amux.c **** 
  88:Generated_Source\PSoC6/cyfitter_amux.c **** #define CY_AMUX_UNUSED CYREG_CPUSS_CM0_STATUS
  89:Generated_Source\PSoC6/cyfitter_amux.c **** /*******************************************************************************
  90:Generated_Source\PSoC6/cyfitter_amux.c **** * Function Name: AMux_2_Set
  91:Generated_Source\PSoC6/cyfitter_amux.c **** ********************************************************************************
  92:Generated_Source\PSoC6/cyfitter_amux.c **** * Summary:
  93:Generated_Source\PSoC6/cyfitter_amux.c **** *  This function is used to set a particular channel as active on the AMux.
  94:Generated_Source\PSoC6/cyfitter_amux.c **** *
  95:Generated_Source\PSoC6/cyfitter_amux.c **** * Parameters:  
  96:Generated_Source\PSoC6/cyfitter_amux.c **** *   channel - The mux channel input to set as active
  97:Generated_Source\PSoC6/cyfitter_amux.c **** *
  98:Generated_Source\PSoC6/cyfitter_amux.c **** * Return:
  99:Generated_Source\PSoC6/cyfitter_amux.c **** *   void
 100:Generated_Source\PSoC6/cyfitter_amux.c **** *
 101:Generated_Source\PSoC6/cyfitter_amux.c **** *******************************************************************************/
 102:Generated_Source\PSoC6/cyfitter_amux.c **** void AMux_2_Set(uint8 channel)
 103:Generated_Source\PSoC6/cyfitter_amux.c **** {
  29              		.loc 1 103 0
  30              		.cfi_startproc
  31              		@ args = 0, pretend = 0, frame = 0
  32              		@ frame_needed = 0, uses_anonymous_args = 0
  33              		@ link register save eliminated.
  34              	.LVL0:
 104:Generated_Source\PSoC6/cyfitter_amux.c **** 	switch (channel) {
  35              		.loc 1 104 0
  36 0000 0528     		cmp	r0, #5
  37 0002 21D8     		bhi	.L1
  38 0004 DFE800F0 		tbb	[pc, r0]
  39              	.L4:
  40 0008 03       		.byte	(.L3-.L4)/2
  41 0009 08       		.byte	(.L5-.L4)/2
  42 000a 0D       		.byte	(.L6-.L4)/2
  43 000b 12       		.byte	(.L7-.L4)/2
  44 000c 17       		.byte	(.L8-.L4)/2
  45 000d 1C       		.byte	(.L9-.L4)/2
  46              		.p2align 1
  47              	.L3:
 105:Generated_Source\PSoC6/cyfitter_amux.c **** 		case 0u:
 106:Generated_Source\PSoC6/cyfitter_amux.c **** 			CY_SET_REG32((void CYXDATA *)CYREG_SAR_MUX_SWITCH0, (0x100u));
  48              		.loc 1 106 0
  49 000e 4FF48072 		mov	r2, #256
  50 0012 0E4B     		ldr	r3, .L10
  51 0014 1A60     		str	r2, [r3]
 107:Generated_Source\PSoC6/cyfitter_amux.c **** 			break;
  52              		.loc 1 107 0
  53 0016 7047     		bx	lr
  54              	.L5:
 108:Generated_Source\PSoC6/cyfitter_amux.c **** 		case 1u:
 109:Generated_Source\PSoC6/cyfitter_amux.c **** 			CY_SET_REG32((void CYXDATA *)CYREG_SAR_MUX_SWITCH0, (0x200u));
  55              		.loc 1 109 0
  56 0018 4FF40072 		mov	r2, #512
  57 001c 0B4B     		ldr	r3, .L10
  58 001e 1A60     		str	r2, [r3]
 110:Generated_Source\PSoC6/cyfitter_amux.c **** 			break;
  59              		.loc 1 110 0
  60 0020 7047     		bx	lr
  61              	.L6:
ARM GAS  C:\Users\43479\AppData\Local\Temp\ccmDuM5D.s 			page 4


 111:Generated_Source\PSoC6/cyfitter_amux.c **** 		case 2u:
 112:Generated_Source\PSoC6/cyfitter_amux.c **** 			CY_SET_REG32((void CYXDATA *)CYREG_SAR_MUX_SWITCH0, (0x400u));
  62              		.loc 1 112 0
  63 0022 4FF48062 		mov	r2, #1024
  64 0026 094B     		ldr	r3, .L10
  65 0028 1A60     		str	r2, [r3]
 113:Generated_Source\PSoC6/cyfitter_amux.c **** 			break;
  66              		.loc 1 113 0
  67 002a 7047     		bx	lr
  68              	.L7:
 114:Generated_Source\PSoC6/cyfitter_amux.c **** 		case 3u:
 115:Generated_Source\PSoC6/cyfitter_amux.c **** 			CY_SET_REG32((void CYXDATA *)CYREG_SAR_MUX_SWITCH0, (0x800u));
  69              		.loc 1 115 0
  70 002c 4FF40062 		mov	r2, #2048
  71 0030 064B     		ldr	r3, .L10
  72 0032 1A60     		str	r2, [r3]
 116:Generated_Source\PSoC6/cyfitter_amux.c **** 			break;
  73              		.loc 1 116 0
  74 0034 7047     		bx	lr
  75              	.L8:
 117:Generated_Source\PSoC6/cyfitter_amux.c **** 		case 4u:
 118:Generated_Source\PSoC6/cyfitter_amux.c **** 			CY_SET_REG32((void CYXDATA *)CYREG_SAR_MUX_SWITCH0, (0x1000u));
  76              		.loc 1 118 0
  77 0036 4FF48052 		mov	r2, #4096
  78 003a 044B     		ldr	r3, .L10
  79 003c 1A60     		str	r2, [r3]
 119:Generated_Source\PSoC6/cyfitter_amux.c **** 			break;
  80              		.loc 1 119 0
  81 003e 7047     		bx	lr
  82              	.L9:
 120:Generated_Source\PSoC6/cyfitter_amux.c **** 		case 5u:
 121:Generated_Source\PSoC6/cyfitter_amux.c **** 			CY_SET_REG32((void CYXDATA *)CYREG_SAR_MUX_SWITCH0, (0x2000u));
  83              		.loc 1 121 0
  84 0040 4FF40052 		mov	r2, #8192
  85 0044 014B     		ldr	r3, .L10
  86 0046 1A60     		str	r2, [r3]
  87              	.L1:
  88 0048 7047     		bx	lr
  89              	.L11:
  90 004a 00BF     		.align	2
  91              	.L10:
  92 004c 00031D41 		.word	1092420352
  93              		.cfi_endproc
  94              	.LFE128:
  95              		.size	AMux_2_Set, .-AMux_2_Set
  96              		.section	.text.AMux_2_Unset,"ax",%progbits
  97              		.align	2
  98              		.global	AMux_2_Unset
  99              		.thumb
 100              		.thumb_func
 101              		.type	AMux_2_Unset, %function
 102              	AMux_2_Unset:
 103              	.LFB129:
 122:Generated_Source\PSoC6/cyfitter_amux.c **** 			break;
 123:Generated_Source\PSoC6/cyfitter_amux.c **** 		default:
 124:Generated_Source\PSoC6/cyfitter_amux.c **** 			break;
 125:Generated_Source\PSoC6/cyfitter_amux.c **** 	}
ARM GAS  C:\Users\43479\AppData\Local\Temp\ccmDuM5D.s 			page 5


 126:Generated_Source\PSoC6/cyfitter_amux.c **** }
 127:Generated_Source\PSoC6/cyfitter_amux.c **** 
 128:Generated_Source\PSoC6/cyfitter_amux.c **** /*******************************************************************************
 129:Generated_Source\PSoC6/cyfitter_amux.c **** * Function Name: AMux_2_Unset
 130:Generated_Source\PSoC6/cyfitter_amux.c **** ********************************************************************************
 131:Generated_Source\PSoC6/cyfitter_amux.c **** * Summary:
 132:Generated_Source\PSoC6/cyfitter_amux.c **** *  This function is used to clear a particular channel from being active on the
 133:Generated_Source\PSoC6/cyfitter_amux.c **** *  AMux.
 134:Generated_Source\PSoC6/cyfitter_amux.c **** *
 135:Generated_Source\PSoC6/cyfitter_amux.c **** * Parameters:  
 136:Generated_Source\PSoC6/cyfitter_amux.c **** *   channel - The mux channel input to mark inactive
 137:Generated_Source\PSoC6/cyfitter_amux.c **** *
 138:Generated_Source\PSoC6/cyfitter_amux.c **** * Return:
 139:Generated_Source\PSoC6/cyfitter_amux.c **** *   void
 140:Generated_Source\PSoC6/cyfitter_amux.c **** *
 141:Generated_Source\PSoC6/cyfitter_amux.c **** *******************************************************************************/
 142:Generated_Source\PSoC6/cyfitter_amux.c **** void AMux_2_Unset(uint8 channel)
 143:Generated_Source\PSoC6/cyfitter_amux.c **** {
 104              		.loc 1 143 0
 105              		.cfi_startproc
 106              		@ args = 0, pretend = 0, frame = 0
 107              		@ frame_needed = 0, uses_anonymous_args = 0
 108              		@ link register save eliminated.
 109              	.LVL1:
 144:Generated_Source\PSoC6/cyfitter_amux.c **** 	switch (channel) {
 110              		.loc 1 144 0
 111 0000 0528     		cmp	r0, #5
 112 0002 21D8     		bhi	.L12
 113 0004 DFE800F0 		tbb	[pc, r0]
 114              	.L15:
 115 0008 03       		.byte	(.L14-.L15)/2
 116 0009 08       		.byte	(.L16-.L15)/2
 117 000a 0D       		.byte	(.L17-.L15)/2
 118 000b 12       		.byte	(.L18-.L15)/2
 119 000c 17       		.byte	(.L19-.L15)/2
 120 000d 1C       		.byte	(.L20-.L15)/2
 121              		.p2align 1
 122              	.L14:
 145:Generated_Source\PSoC6/cyfitter_amux.c **** 		case 0u:
 146:Generated_Source\PSoC6/cyfitter_amux.c **** 			CY_SET_REG32((void CYXDATA *)CYREG_SAR_MUX_SWITCH_CLEAR0, (0x100u));
 123              		.loc 1 146 0
 124 000e 4FF48072 		mov	r2, #256
 125 0012 0E4B     		ldr	r3, .L21
 126 0014 1A60     		str	r2, [r3]
 147:Generated_Source\PSoC6/cyfitter_amux.c **** 			break;
 127              		.loc 1 147 0
 128 0016 7047     		bx	lr
 129              	.L16:
 148:Generated_Source\PSoC6/cyfitter_amux.c **** 		case 1u:
 149:Generated_Source\PSoC6/cyfitter_amux.c **** 			CY_SET_REG32((void CYXDATA *)CYREG_SAR_MUX_SWITCH_CLEAR0, (0x200u));
 130              		.loc 1 149 0
 131 0018 4FF40072 		mov	r2, #512
 132 001c 0B4B     		ldr	r3, .L21
 133 001e 1A60     		str	r2, [r3]
 150:Generated_Source\PSoC6/cyfitter_amux.c **** 			break;
 134              		.loc 1 150 0
 135 0020 7047     		bx	lr
ARM GAS  C:\Users\43479\AppData\Local\Temp\ccmDuM5D.s 			page 6


 136              	.L17:
 151:Generated_Source\PSoC6/cyfitter_amux.c **** 		case 2u:
 152:Generated_Source\PSoC6/cyfitter_amux.c **** 			CY_SET_REG32((void CYXDATA *)CYREG_SAR_MUX_SWITCH_CLEAR0, (0x400u));
 137              		.loc 1 152 0
 138 0022 4FF48062 		mov	r2, #1024
 139 0026 094B     		ldr	r3, .L21
 140 0028 1A60     		str	r2, [r3]
 153:Generated_Source\PSoC6/cyfitter_amux.c **** 			break;
 141              		.loc 1 153 0
 142 002a 7047     		bx	lr
 143              	.L18:
 154:Generated_Source\PSoC6/cyfitter_amux.c **** 		case 3u:
 155:Generated_Source\PSoC6/cyfitter_amux.c **** 			CY_SET_REG32((void CYXDATA *)CYREG_SAR_MUX_SWITCH_CLEAR0, (0x800u));
 144              		.loc 1 155 0
 145 002c 4FF40062 		mov	r2, #2048
 146 0030 064B     		ldr	r3, .L21
 147 0032 1A60     		str	r2, [r3]
 156:Generated_Source\PSoC6/cyfitter_amux.c **** 			break;
 148              		.loc 1 156 0
 149 0034 7047     		bx	lr
 150              	.L19:
 157:Generated_Source\PSoC6/cyfitter_amux.c **** 		case 4u:
 158:Generated_Source\PSoC6/cyfitter_amux.c **** 			CY_SET_REG32((void CYXDATA *)CYREG_SAR_MUX_SWITCH_CLEAR0, (0x1000u));
 151              		.loc 1 158 0
 152 0036 4FF48052 		mov	r2, #4096
 153 003a 044B     		ldr	r3, .L21
 154 003c 1A60     		str	r2, [r3]
 159:Generated_Source\PSoC6/cyfitter_amux.c **** 			break;
 155              		.loc 1 159 0
 156 003e 7047     		bx	lr
 157              	.L20:
 160:Generated_Source\PSoC6/cyfitter_amux.c **** 		case 5u:
 161:Generated_Source\PSoC6/cyfitter_amux.c **** 			CY_SET_REG32((void CYXDATA *)CYREG_SAR_MUX_SWITCH_CLEAR0, (0x2000u));
 158              		.loc 1 161 0
 159 0040 4FF40052 		mov	r2, #8192
 160 0044 014B     		ldr	r3, .L21
 161 0046 1A60     		str	r2, [r3]
 162              	.L12:
 163 0048 7047     		bx	lr
 164              	.L22:
 165 004a 00BF     		.align	2
 166              	.L21:
 167 004c 04031D41 		.word	1092420356
 168              		.cfi_endproc
 169              	.LFE129:
 170              		.size	AMux_2_Unset, .-AMux_2_Unset
 171              		.section	.text.AMux_1_Set,"ax",%progbits
 172              		.align	2
 173              		.global	AMux_1_Set
 174              		.thumb
 175              		.thumb_func
 176              		.type	AMux_1_Set, %function
 177              	AMux_1_Set:
 178              	.LFB130:
 162:Generated_Source\PSoC6/cyfitter_amux.c **** 			break;
 163:Generated_Source\PSoC6/cyfitter_amux.c **** 		default:
 164:Generated_Source\PSoC6/cyfitter_amux.c **** 			break;
ARM GAS  C:\Users\43479\AppData\Local\Temp\ccmDuM5D.s 			page 7


 165:Generated_Source\PSoC6/cyfitter_amux.c **** 	}
 166:Generated_Source\PSoC6/cyfitter_amux.c **** }
 167:Generated_Source\PSoC6/cyfitter_amux.c **** 
 168:Generated_Source\PSoC6/cyfitter_amux.c **** /*******************************************************************************
 169:Generated_Source\PSoC6/cyfitter_amux.c **** * Function Name: AMux_1_Set
 170:Generated_Source\PSoC6/cyfitter_amux.c **** ********************************************************************************
 171:Generated_Source\PSoC6/cyfitter_amux.c **** * Summary:
 172:Generated_Source\PSoC6/cyfitter_amux.c **** *  This function is used to set a particular channel as active on the AMux.
 173:Generated_Source\PSoC6/cyfitter_amux.c **** *
 174:Generated_Source\PSoC6/cyfitter_amux.c **** * Parameters:  
 175:Generated_Source\PSoC6/cyfitter_amux.c **** *   channel - The mux channel input to set as active
 176:Generated_Source\PSoC6/cyfitter_amux.c **** *
 177:Generated_Source\PSoC6/cyfitter_amux.c **** * Return:
 178:Generated_Source\PSoC6/cyfitter_amux.c **** *   void
 179:Generated_Source\PSoC6/cyfitter_amux.c **** *
 180:Generated_Source\PSoC6/cyfitter_amux.c **** *******************************************************************************/
 181:Generated_Source\PSoC6/cyfitter_amux.c **** void AMux_1_Set(uint8 channel)
 182:Generated_Source\PSoC6/cyfitter_amux.c **** {
 179              		.loc 1 182 0
 180              		.cfi_startproc
 181              		@ args = 0, pretend = 0, frame = 0
 182              		@ frame_needed = 0, uses_anonymous_args = 0
 183              		@ link register save eliminated.
 184              	.LVL2:
 183:Generated_Source\PSoC6/cyfitter_amux.c **** 	switch (channel) {
 185              		.loc 1 183 0
 186 0000 0528     		cmp	r0, #5
 187 0002 27D8     		bhi	.L23
 188 0004 DFE800F0 		tbb	[pc, r0]
 189              	.L26:
 190 0008 03       		.byte	(.L25-.L26)/2
 191 0009 09       		.byte	(.L27-.L26)/2
 192 000a 0F       		.byte	(.L28-.L26)/2
 193 000b 15       		.byte	(.L29-.L26)/2
 194 000c 1B       		.byte	(.L30-.L26)/2
 195 000d 21       		.byte	(.L31-.L26)/2
 196              		.p2align 1
 197              	.L25:
 184:Generated_Source\PSoC6/cyfitter_amux.c **** 		case 0u:
 185:Generated_Source\PSoC6/cyfitter_amux.c **** 			CY_SET_REG32((void CYXDATA *)CYREG_HSIOM_PRT9_PORT_SEL0, (CY_GET_REG32((void CYXDATA *)CYREG_HSI
 198              		.loc 1 185 0
 199 000e 124A     		ldr	r2, .L32
 200 0010 1368     		ldr	r3, [r2]
 201 0012 43F00503 		orr	r3, r3, #5
 202 0016 1360     		str	r3, [r2]
 186:Generated_Source\PSoC6/cyfitter_amux.c **** 			break;
 203              		.loc 1 186 0
 204 0018 7047     		bx	lr
 205              	.L27:
 187:Generated_Source\PSoC6/cyfitter_amux.c **** 		case 1u:
 188:Generated_Source\PSoC6/cyfitter_amux.c **** 			CY_SET_REG32((void CYXDATA *)CYREG_HSIOM_PRT9_PORT_SEL0, (CY_GET_REG32((void CYXDATA *)CYREG_HSI
 206              		.loc 1 188 0
 207 001a 0F4A     		ldr	r2, .L32
 208 001c 1368     		ldr	r3, [r2]
 209 001e 43F4A063 		orr	r3, r3, #1280
 210 0022 1360     		str	r3, [r2]
 189:Generated_Source\PSoC6/cyfitter_amux.c **** 			break;
ARM GAS  C:\Users\43479\AppData\Local\Temp\ccmDuM5D.s 			page 8


 211              		.loc 1 189 0
 212 0024 7047     		bx	lr
 213              	.L28:
 190:Generated_Source\PSoC6/cyfitter_amux.c **** 		case 2u:
 191:Generated_Source\PSoC6/cyfitter_amux.c **** 			CY_SET_REG32((void CYXDATA *)CYREG_HSIOM_PRT9_PORT_SEL0, (CY_GET_REG32((void CYXDATA *)CYREG_HSI
 214              		.loc 1 191 0
 215 0026 0C4A     		ldr	r2, .L32
 216 0028 1368     		ldr	r3, [r2]
 217 002a 43F4A023 		orr	r3, r3, #327680
 218 002e 1360     		str	r3, [r2]
 192:Generated_Source\PSoC6/cyfitter_amux.c **** 			break;
 219              		.loc 1 192 0
 220 0030 7047     		bx	lr
 221              	.L29:
 193:Generated_Source\PSoC6/cyfitter_amux.c **** 		case 3u:
 194:Generated_Source\PSoC6/cyfitter_amux.c **** 			CY_SET_REG32((void CYXDATA *)CYREG_HSIOM_PRT9_PORT_SEL1, (CY_GET_REG32((void CYXDATA *)CYREG_HSI
 222              		.loc 1 194 0
 223 0032 0A4A     		ldr	r2, .L32+4
 224 0034 1368     		ldr	r3, [r2]
 225 0036 43F0A063 		orr	r3, r3, #83886080
 226 003a 1360     		str	r3, [r2]
 195:Generated_Source\PSoC6/cyfitter_amux.c **** 			break;
 227              		.loc 1 195 0
 228 003c 7047     		bx	lr
 229              	.L30:
 196:Generated_Source\PSoC6/cyfitter_amux.c **** 		case 4u:
 197:Generated_Source\PSoC6/cyfitter_amux.c **** 			CY_SET_REG32((void CYXDATA *)CYREG_HSIOM_PRT9_PORT_SEL1, (CY_GET_REG32((void CYXDATA *)CYREG_HSI
 230              		.loc 1 197 0
 231 003e 074A     		ldr	r2, .L32+4
 232 0040 1368     		ldr	r3, [r2]
 233 0042 43F00503 		orr	r3, r3, #5
 234 0046 1360     		str	r3, [r2]
 198:Generated_Source\PSoC6/cyfitter_amux.c **** 			break;
 235              		.loc 1 198 0
 236 0048 7047     		bx	lr
 237              	.L31:
 199:Generated_Source\PSoC6/cyfitter_amux.c **** 		case 5u:
 200:Generated_Source\PSoC6/cyfitter_amux.c **** 			CY_SET_REG32((void CYXDATA *)CYREG_HSIOM_PRT9_PORT_SEL1, (CY_GET_REG32((void CYXDATA *)CYREG_HSI
 238              		.loc 1 200 0
 239 004a 044A     		ldr	r2, .L32+4
 240 004c 1368     		ldr	r3, [r2]
 241 004e 43F4A063 		orr	r3, r3, #1280
 242 0052 1360     		str	r3, [r2]
 243              	.L23:
 244 0054 7047     		bx	lr
 245              	.L33:
 246 0056 00BF     		.align	2
 247              	.L32:
 248 0058 90003140 		.word	1076953232
 249 005c 94003140 		.word	1076953236
 250              		.cfi_endproc
 251              	.LFE130:
 252              		.size	AMux_1_Set, .-AMux_1_Set
 253              		.section	.text.AMux_1_Unset,"ax",%progbits
 254              		.align	2
 255              		.global	AMux_1_Unset
 256              		.thumb
ARM GAS  C:\Users\43479\AppData\Local\Temp\ccmDuM5D.s 			page 9


 257              		.thumb_func
 258              		.type	AMux_1_Unset, %function
 259              	AMux_1_Unset:
 260              	.LFB131:
 201:Generated_Source\PSoC6/cyfitter_amux.c **** 			break;
 202:Generated_Source\PSoC6/cyfitter_amux.c **** 		default:
 203:Generated_Source\PSoC6/cyfitter_amux.c **** 			break;
 204:Generated_Source\PSoC6/cyfitter_amux.c **** 	}
 205:Generated_Source\PSoC6/cyfitter_amux.c **** }
 206:Generated_Source\PSoC6/cyfitter_amux.c **** 
 207:Generated_Source\PSoC6/cyfitter_amux.c **** /*******************************************************************************
 208:Generated_Source\PSoC6/cyfitter_amux.c **** * Function Name: AMux_1_Unset
 209:Generated_Source\PSoC6/cyfitter_amux.c **** ********************************************************************************
 210:Generated_Source\PSoC6/cyfitter_amux.c **** * Summary:
 211:Generated_Source\PSoC6/cyfitter_amux.c **** *  This function is used to clear a particular channel from being active on the
 212:Generated_Source\PSoC6/cyfitter_amux.c **** *  AMux.
 213:Generated_Source\PSoC6/cyfitter_amux.c **** *
 214:Generated_Source\PSoC6/cyfitter_amux.c **** * Parameters:  
 215:Generated_Source\PSoC6/cyfitter_amux.c **** *   channel - The mux channel input to mark inactive
 216:Generated_Source\PSoC6/cyfitter_amux.c **** *
 217:Generated_Source\PSoC6/cyfitter_amux.c **** * Return:
 218:Generated_Source\PSoC6/cyfitter_amux.c **** *   void
 219:Generated_Source\PSoC6/cyfitter_amux.c **** *
 220:Generated_Source\PSoC6/cyfitter_amux.c **** *******************************************************************************/
 221:Generated_Source\PSoC6/cyfitter_amux.c **** void AMux_1_Unset(uint8 channel)
 222:Generated_Source\PSoC6/cyfitter_amux.c **** {
 261              		.loc 1 222 0
 262              		.cfi_startproc
 263              		@ args = 0, pretend = 0, frame = 0
 264              		@ frame_needed = 0, uses_anonymous_args = 0
 265              		@ link register save eliminated.
 266              	.LVL3:
 223:Generated_Source\PSoC6/cyfitter_amux.c **** 	switch (channel) {
 267              		.loc 1 223 0
 268 0000 0528     		cmp	r0, #5
 269 0002 27D8     		bhi	.L34
 270 0004 DFE800F0 		tbb	[pc, r0]
 271              	.L37:
 272 0008 03       		.byte	(.L36-.L37)/2
 273 0009 09       		.byte	(.L38-.L37)/2
 274 000a 0F       		.byte	(.L39-.L37)/2
 275 000b 15       		.byte	(.L40-.L37)/2
 276 000c 1B       		.byte	(.L41-.L37)/2
 277 000d 21       		.byte	(.L42-.L37)/2
 278              		.p2align 1
 279              	.L36:
 224:Generated_Source\PSoC6/cyfitter_amux.c **** 		case 0u:
 225:Generated_Source\PSoC6/cyfitter_amux.c **** 			CY_SET_REG32((void CYXDATA *)CYREG_HSIOM_PRT9_PORT_SEL0, (CY_GET_REG32((void CYXDATA *)CYREG_HSI
 280              		.loc 1 225 0
 281 000e 124A     		ldr	r2, .L43
 282 0010 1368     		ldr	r3, [r2]
 283 0012 23F00503 		bic	r3, r3, #5
 284 0016 1360     		str	r3, [r2]
 226:Generated_Source\PSoC6/cyfitter_amux.c **** 			break;
 285              		.loc 1 226 0
 286 0018 7047     		bx	lr
 287              	.L38:
ARM GAS  C:\Users\43479\AppData\Local\Temp\ccmDuM5D.s 			page 10


 227:Generated_Source\PSoC6/cyfitter_amux.c **** 		case 1u:
 228:Generated_Source\PSoC6/cyfitter_amux.c **** 			CY_SET_REG32((void CYXDATA *)CYREG_HSIOM_PRT9_PORT_SEL0, (CY_GET_REG32((void CYXDATA *)CYREG_HSI
 288              		.loc 1 228 0
 289 001a 0F4A     		ldr	r2, .L43
 290 001c 1368     		ldr	r3, [r2]
 291 001e 23F4A063 		bic	r3, r3, #1280
 292 0022 1360     		str	r3, [r2]
 229:Generated_Source\PSoC6/cyfitter_amux.c **** 			break;
 293              		.loc 1 229 0
 294 0024 7047     		bx	lr
 295              	.L39:
 230:Generated_Source\PSoC6/cyfitter_amux.c **** 		case 2u:
 231:Generated_Source\PSoC6/cyfitter_amux.c **** 			CY_SET_REG32((void CYXDATA *)CYREG_HSIOM_PRT9_PORT_SEL0, (CY_GET_REG32((void CYXDATA *)CYREG_HSI
 296              		.loc 1 231 0
 297 0026 0C4A     		ldr	r2, .L43
 298 0028 1368     		ldr	r3, [r2]
 299 002a 23F4A023 		bic	r3, r3, #327680
 300 002e 1360     		str	r3, [r2]
 232:Generated_Source\PSoC6/cyfitter_amux.c **** 			break;
 301              		.loc 1 232 0
 302 0030 7047     		bx	lr
 303              	.L40:
 233:Generated_Source\PSoC6/cyfitter_amux.c **** 		case 3u:
 234:Generated_Source\PSoC6/cyfitter_amux.c **** 			CY_SET_REG32((void CYXDATA *)CYREG_HSIOM_PRT9_PORT_SEL1, (CY_GET_REG32((void CYXDATA *)CYREG_HSI
 304              		.loc 1 234 0
 305 0032 0A4A     		ldr	r2, .L43+4
 306 0034 1368     		ldr	r3, [r2]
 307 0036 23F0A063 		bic	r3, r3, #83886080
 308 003a 1360     		str	r3, [r2]
 235:Generated_Source\PSoC6/cyfitter_amux.c **** 			break;
 309              		.loc 1 235 0
 310 003c 7047     		bx	lr
 311              	.L41:
 236:Generated_Source\PSoC6/cyfitter_amux.c **** 		case 4u:
 237:Generated_Source\PSoC6/cyfitter_amux.c **** 			CY_SET_REG32((void CYXDATA *)CYREG_HSIOM_PRT9_PORT_SEL1, (CY_GET_REG32((void CYXDATA *)CYREG_HSI
 312              		.loc 1 237 0
 313 003e 074A     		ldr	r2, .L43+4
 314 0040 1368     		ldr	r3, [r2]
 315 0042 23F00503 		bic	r3, r3, #5
 316 0046 1360     		str	r3, [r2]
 238:Generated_Source\PSoC6/cyfitter_amux.c **** 			break;
 317              		.loc 1 238 0
 318 0048 7047     		bx	lr
 319              	.L42:
 239:Generated_Source\PSoC6/cyfitter_amux.c **** 		case 5u:
 240:Generated_Source\PSoC6/cyfitter_amux.c **** 			CY_SET_REG32((void CYXDATA *)CYREG_HSIOM_PRT9_PORT_SEL1, (CY_GET_REG32((void CYXDATA *)CYREG_HSI
 320              		.loc 1 240 0
 321 004a 044A     		ldr	r2, .L43+4
 322 004c 1368     		ldr	r3, [r2]
 323 004e 23F4A063 		bic	r3, r3, #1280
 324 0052 1360     		str	r3, [r2]
 325              	.L34:
 326 0054 7047     		bx	lr
 327              	.L44:
 328 0056 00BF     		.align	2
 329              	.L43:
 330 0058 90003140 		.word	1076953232
ARM GAS  C:\Users\43479\AppData\Local\Temp\ccmDuM5D.s 			page 11


 331 005c 94003140 		.word	1076953236
 332              		.cfi_endproc
 333              	.LFE131:
 334              		.size	AMux_1_Unset, .-AMux_1_Unset
 335              		.text
 336              	.Letext0:
 337              		.file 2 "d:\\mysoftware\\cypress\\psoc creator\\4.4\\psoc creator\\import\\gnu\\arm\\5.4.1\\arm-no
 338              		.file 3 "d:\\mysoftware\\cypress\\psoc creator\\4.4\\psoc creator\\import\\gnu\\arm\\5.4.1\\arm-no
 339              		.file 4 "Generated_Source\\PSoC6\\pdl\\drivers/peripheral/syslib/cy_syslib.h"
 340              		.file 5 "Generated_Source\\PSoC6\\pdl\\cmsis/include/core_cm4.h"
 341              		.section	.debug_info,"",%progbits
 342              	.Ldebug_info0:
 343 0000 76010000 		.4byte	0x176
 344 0004 0400     		.2byte	0x4
 345 0006 00000000 		.4byte	.Ldebug_abbrev0
 346 000a 04       		.byte	0x4
 347 000b 01       		.uleb128 0x1
 348 000c 02010000 		.4byte	.LASF26
 349 0010 0C       		.byte	0xc
 350 0011 18020000 		.4byte	.LASF27
 351 0015 12000000 		.4byte	.LASF28
 352 0019 00000000 		.4byte	.Ldebug_ranges0+0
 353 001d 00000000 		.4byte	0
 354 0021 00000000 		.4byte	.Ldebug_line0
 355 0025 02       		.uleb128 0x2
 356 0026 01       		.byte	0x1
 357 0027 06       		.byte	0x6
 358 0028 0C020000 		.4byte	.LASF0
 359 002c 03       		.uleb128 0x3
 360 002d 00000000 		.4byte	.LASF4
 361 0031 02       		.byte	0x2
 362 0032 1D       		.byte	0x1d
 363 0033 37000000 		.4byte	0x37
 364 0037 02       		.uleb128 0x2
 365 0038 01       		.byte	0x1
 366 0039 08       		.byte	0x8
 367 003a 91000000 		.4byte	.LASF1
 368 003e 02       		.uleb128 0x2
 369 003f 02       		.byte	0x2
 370 0040 05       		.byte	0x5
 371 0041 D9010000 		.4byte	.LASF2
 372 0045 02       		.uleb128 0x2
 373 0046 02       		.byte	0x2
 374 0047 07       		.byte	0x7
 375 0048 6B000000 		.4byte	.LASF3
 376 004c 03       		.uleb128 0x3
 377 004d 61000000 		.4byte	.LASF5
 378 0051 02       		.byte	0x2
 379 0052 3F       		.byte	0x3f
 380 0053 57000000 		.4byte	0x57
 381 0057 02       		.uleb128 0x2
 382 0058 04       		.byte	0x4
 383 0059 05       		.byte	0x5
 384 005a F7010000 		.4byte	.LASF6
 385 005e 03       		.uleb128 0x3
 386 005f CB000000 		.4byte	.LASF7
 387 0063 02       		.byte	0x2
ARM GAS  C:\Users\43479\AppData\Local\Temp\ccmDuM5D.s 			page 12


 388 0064 41       		.byte	0x41
 389 0065 69000000 		.4byte	0x69
 390 0069 02       		.uleb128 0x2
 391 006a 04       		.byte	0x4
 392 006b 07       		.byte	0x7
 393 006c 9F000000 		.4byte	.LASF8
 394 0070 02       		.uleb128 0x2
 395 0071 08       		.byte	0x8
 396 0072 05       		.byte	0x5
 397 0073 C6010000 		.4byte	.LASF9
 398 0077 02       		.uleb128 0x2
 399 0078 08       		.byte	0x8
 400 0079 07       		.byte	0x7
 401 007a E3000000 		.4byte	.LASF10
 402 007e 04       		.uleb128 0x4
 403 007f 04       		.byte	0x4
 404 0080 05       		.byte	0x5
 405 0081 696E7400 		.ascii	"int\000"
 406 0085 02       		.uleb128 0x2
 407 0086 04       		.byte	0x4
 408 0087 07       		.byte	0x7
 409 0088 D6000000 		.4byte	.LASF11
 410 008c 03       		.uleb128 0x3
 411 008d FA000000 		.4byte	.LASF12
 412 0091 03       		.byte	0x3
 413 0092 18       		.byte	0x18
 414 0093 2C000000 		.4byte	0x2c
 415 0097 03       		.uleb128 0x3
 416 0098 B5010000 		.4byte	.LASF13
 417 009c 03       		.byte	0x3
 418 009d 2C       		.byte	0x2c
 419 009e 4C000000 		.4byte	0x4c
 420 00a2 03       		.uleb128 0x3
 421 00a3 EE010000 		.4byte	.LASF14
 422 00a7 03       		.byte	0x3
 423 00a8 30       		.byte	0x30
 424 00a9 5E000000 		.4byte	0x5e
 425 00ad 02       		.uleb128 0x2
 426 00ae 04       		.byte	0x4
 427 00af 07       		.byte	0x7
 428 00b0 BD010000 		.4byte	.LASF15
 429 00b4 02       		.uleb128 0x2
 430 00b5 01       		.byte	0x1
 431 00b6 08       		.byte	0x8
 432 00b7 D4010000 		.4byte	.LASF16
 433 00bb 02       		.uleb128 0x2
 434 00bc 04       		.byte	0x4
 435 00bd 04       		.byte	0x4
 436 00be 8B000000 		.4byte	.LASF17
 437 00c2 02       		.uleb128 0x2
 438 00c3 08       		.byte	0x8
 439 00c4 04       		.byte	0x4
 440 00c5 C4000000 		.4byte	.LASF18
 441 00c9 05       		.uleb128 0x5
 442 00ca B1000000 		.4byte	.LASF19
 443 00ce 04       		.byte	0x4
 444 00cf 8503     		.2byte	0x385
ARM GAS  C:\Users\43479\AppData\Local\Temp\ccmDuM5D.s 			page 13


 445 00d1 8C000000 		.4byte	0x8c
 446 00d5 02       		.uleb128 0x2
 447 00d6 08       		.byte	0x8
 448 00d7 04       		.byte	0x4
 449 00d8 00020000 		.4byte	.LASF20
 450 00dc 06       		.uleb128 0x6
 451 00dd 56000000 		.4byte	.LASF21
 452 00e1 01       		.byte	0x1
 453 00e2 66       		.byte	0x66
 454 00e3 00000000 		.4byte	.LFB128
 455 00e7 50000000 		.4byte	.LFE128-.LFB128
 456 00eb 01       		.uleb128 0x1
 457 00ec 9C       		.byte	0x9c
 458 00ed FF000000 		.4byte	0xff
 459 00f1 07       		.uleb128 0x7
 460 00f2 0A000000 		.4byte	.LASF23
 461 00f6 01       		.byte	0x1
 462 00f7 66       		.byte	0x66
 463 00f8 C9000000 		.4byte	0xc9
 464 00fc 01       		.uleb128 0x1
 465 00fd 50       		.byte	0x50
 466 00fe 00       		.byte	0
 467 00ff 06       		.uleb128 0x6
 468 0100 7E000000 		.4byte	.LASF22
 469 0104 01       		.byte	0x1
 470 0105 8E       		.byte	0x8e
 471 0106 00000000 		.4byte	.LFB129
 472 010a 50000000 		.4byte	.LFE129-.LFB129
 473 010e 01       		.uleb128 0x1
 474 010f 9C       		.byte	0x9c
 475 0110 22010000 		.4byte	0x122
 476 0114 07       		.uleb128 0x7
 477 0115 0A000000 		.4byte	.LASF23
 478 0119 01       		.byte	0x1
 479 011a 8E       		.byte	0x8e
 480 011b C9000000 		.4byte	0xc9
 481 011f 01       		.uleb128 0x1
 482 0120 50       		.byte	0x50
 483 0121 00       		.byte	0
 484 0122 06       		.uleb128 0x6
 485 0123 E3010000 		.4byte	.LASF24
 486 0127 01       		.byte	0x1
 487 0128 B5       		.byte	0xb5
 488 0129 00000000 		.4byte	.LFB130
 489 012d 60000000 		.4byte	.LFE130-.LFB130
 490 0131 01       		.uleb128 0x1
 491 0132 9C       		.byte	0x9c
 492 0133 45010000 		.4byte	0x145
 493 0137 07       		.uleb128 0x7
 494 0138 0A000000 		.4byte	.LASF23
 495 013c 01       		.byte	0x1
 496 013d B5       		.byte	0xb5
 497 013e C9000000 		.4byte	0xc9
 498 0142 01       		.uleb128 0x1
 499 0143 50       		.byte	0x50
 500 0144 00       		.byte	0
 501 0145 06       		.uleb128 0x6
ARM GAS  C:\Users\43479\AppData\Local\Temp\ccmDuM5D.s 			page 14


 502 0146 49000000 		.4byte	.LASF25
 503 014a 01       		.byte	0x1
 504 014b DD       		.byte	0xdd
 505 014c 00000000 		.4byte	.LFB131
 506 0150 60000000 		.4byte	.LFE131-.LFB131
 507 0154 01       		.uleb128 0x1
 508 0155 9C       		.byte	0x9c
 509 0156 68010000 		.4byte	0x168
 510 015a 07       		.uleb128 0x7
 511 015b 0A000000 		.4byte	.LASF23
 512 015f 01       		.byte	0x1
 513 0160 DD       		.byte	0xdd
 514 0161 C9000000 		.4byte	0xc9
 515 0165 01       		.uleb128 0x1
 516 0166 50       		.byte	0x50
 517 0167 00       		.byte	0
 518 0168 08       		.uleb128 0x8
 519 0169 B7000000 		.4byte	.LASF29
 520 016d 05       		.byte	0x5
 521 016e EA07     		.2byte	0x7ea
 522 0170 74010000 		.4byte	0x174
 523 0174 09       		.uleb128 0x9
 524 0175 97000000 		.4byte	0x97
 525 0179 00       		.byte	0
 526              		.section	.debug_abbrev,"",%progbits
 527              	.Ldebug_abbrev0:
 528 0000 01       		.uleb128 0x1
 529 0001 11       		.uleb128 0x11
 530 0002 01       		.byte	0x1
 531 0003 25       		.uleb128 0x25
 532 0004 0E       		.uleb128 0xe
 533 0005 13       		.uleb128 0x13
 534 0006 0B       		.uleb128 0xb
 535 0007 03       		.uleb128 0x3
 536 0008 0E       		.uleb128 0xe
 537 0009 1B       		.uleb128 0x1b
 538 000a 0E       		.uleb128 0xe
 539 000b 55       		.uleb128 0x55
 540 000c 17       		.uleb128 0x17
 541 000d 11       		.uleb128 0x11
 542 000e 01       		.uleb128 0x1
 543 000f 10       		.uleb128 0x10
 544 0010 17       		.uleb128 0x17
 545 0011 00       		.byte	0
 546 0012 00       		.byte	0
 547 0013 02       		.uleb128 0x2
 548 0014 24       		.uleb128 0x24
 549 0015 00       		.byte	0
 550 0016 0B       		.uleb128 0xb
 551 0017 0B       		.uleb128 0xb
 552 0018 3E       		.uleb128 0x3e
 553 0019 0B       		.uleb128 0xb
 554 001a 03       		.uleb128 0x3
 555 001b 0E       		.uleb128 0xe
 556 001c 00       		.byte	0
 557 001d 00       		.byte	0
 558 001e 03       		.uleb128 0x3
ARM GAS  C:\Users\43479\AppData\Local\Temp\ccmDuM5D.s 			page 15


 559 001f 16       		.uleb128 0x16
 560 0020 00       		.byte	0
 561 0021 03       		.uleb128 0x3
 562 0022 0E       		.uleb128 0xe
 563 0023 3A       		.uleb128 0x3a
 564 0024 0B       		.uleb128 0xb
 565 0025 3B       		.uleb128 0x3b
 566 0026 0B       		.uleb128 0xb
 567 0027 49       		.uleb128 0x49
 568 0028 13       		.uleb128 0x13
 569 0029 00       		.byte	0
 570 002a 00       		.byte	0
 571 002b 04       		.uleb128 0x4
 572 002c 24       		.uleb128 0x24
 573 002d 00       		.byte	0
 574 002e 0B       		.uleb128 0xb
 575 002f 0B       		.uleb128 0xb
 576 0030 3E       		.uleb128 0x3e
 577 0031 0B       		.uleb128 0xb
 578 0032 03       		.uleb128 0x3
 579 0033 08       		.uleb128 0x8
 580 0034 00       		.byte	0
 581 0035 00       		.byte	0
 582 0036 05       		.uleb128 0x5
 583 0037 16       		.uleb128 0x16
 584 0038 00       		.byte	0
 585 0039 03       		.uleb128 0x3
 586 003a 0E       		.uleb128 0xe
 587 003b 3A       		.uleb128 0x3a
 588 003c 0B       		.uleb128 0xb
 589 003d 3B       		.uleb128 0x3b
 590 003e 05       		.uleb128 0x5
 591 003f 49       		.uleb128 0x49
 592 0040 13       		.uleb128 0x13
 593 0041 00       		.byte	0
 594 0042 00       		.byte	0
 595 0043 06       		.uleb128 0x6
 596 0044 2E       		.uleb128 0x2e
 597 0045 01       		.byte	0x1
 598 0046 3F       		.uleb128 0x3f
 599 0047 19       		.uleb128 0x19
 600 0048 03       		.uleb128 0x3
 601 0049 0E       		.uleb128 0xe
 602 004a 3A       		.uleb128 0x3a
 603 004b 0B       		.uleb128 0xb
 604 004c 3B       		.uleb128 0x3b
 605 004d 0B       		.uleb128 0xb
 606 004e 27       		.uleb128 0x27
 607 004f 19       		.uleb128 0x19
 608 0050 11       		.uleb128 0x11
 609 0051 01       		.uleb128 0x1
 610 0052 12       		.uleb128 0x12
 611 0053 06       		.uleb128 0x6
 612 0054 40       		.uleb128 0x40
 613 0055 18       		.uleb128 0x18
 614 0056 9742     		.uleb128 0x2117
 615 0058 19       		.uleb128 0x19
ARM GAS  C:\Users\43479\AppData\Local\Temp\ccmDuM5D.s 			page 16


 616 0059 01       		.uleb128 0x1
 617 005a 13       		.uleb128 0x13
 618 005b 00       		.byte	0
 619 005c 00       		.byte	0
 620 005d 07       		.uleb128 0x7
 621 005e 05       		.uleb128 0x5
 622 005f 00       		.byte	0
 623 0060 03       		.uleb128 0x3
 624 0061 0E       		.uleb128 0xe
 625 0062 3A       		.uleb128 0x3a
 626 0063 0B       		.uleb128 0xb
 627 0064 3B       		.uleb128 0x3b
 628 0065 0B       		.uleb128 0xb
 629 0066 49       		.uleb128 0x49
 630 0067 13       		.uleb128 0x13
 631 0068 02       		.uleb128 0x2
 632 0069 18       		.uleb128 0x18
 633 006a 00       		.byte	0
 634 006b 00       		.byte	0
 635 006c 08       		.uleb128 0x8
 636 006d 34       		.uleb128 0x34
 637 006e 00       		.byte	0
 638 006f 03       		.uleb128 0x3
 639 0070 0E       		.uleb128 0xe
 640 0071 3A       		.uleb128 0x3a
 641 0072 0B       		.uleb128 0xb
 642 0073 3B       		.uleb128 0x3b
 643 0074 05       		.uleb128 0x5
 644 0075 49       		.uleb128 0x49
 645 0076 13       		.uleb128 0x13
 646 0077 3F       		.uleb128 0x3f
 647 0078 19       		.uleb128 0x19
 648 0079 3C       		.uleb128 0x3c
 649 007a 19       		.uleb128 0x19
 650 007b 00       		.byte	0
 651 007c 00       		.byte	0
 652 007d 09       		.uleb128 0x9
 653 007e 35       		.uleb128 0x35
 654 007f 00       		.byte	0
 655 0080 49       		.uleb128 0x49
 656 0081 13       		.uleb128 0x13
 657 0082 00       		.byte	0
 658 0083 00       		.byte	0
 659 0084 00       		.byte	0
 660              		.section	.debug_aranges,"",%progbits
 661 0000 34000000 		.4byte	0x34
 662 0004 0200     		.2byte	0x2
 663 0006 00000000 		.4byte	.Ldebug_info0
 664 000a 04       		.byte	0x4
 665 000b 00       		.byte	0
 666 000c 0000     		.2byte	0
 667 000e 0000     		.2byte	0
 668 0010 00000000 		.4byte	.LFB128
 669 0014 50000000 		.4byte	.LFE128-.LFB128
 670 0018 00000000 		.4byte	.LFB129
 671 001c 50000000 		.4byte	.LFE129-.LFB129
 672 0020 00000000 		.4byte	.LFB130
ARM GAS  C:\Users\43479\AppData\Local\Temp\ccmDuM5D.s 			page 17


 673 0024 60000000 		.4byte	.LFE130-.LFB130
 674 0028 00000000 		.4byte	.LFB131
 675 002c 60000000 		.4byte	.LFE131-.LFB131
 676 0030 00000000 		.4byte	0
 677 0034 00000000 		.4byte	0
 678              		.section	.debug_ranges,"",%progbits
 679              	.Ldebug_ranges0:
 680 0000 00000000 		.4byte	.LFB128
 681 0004 50000000 		.4byte	.LFE128
 682 0008 00000000 		.4byte	.LFB129
 683 000c 50000000 		.4byte	.LFE129
 684 0010 00000000 		.4byte	.LFB130
 685 0014 60000000 		.4byte	.LFE130
 686 0018 00000000 		.4byte	.LFB131
 687 001c 60000000 		.4byte	.LFE131
 688 0020 00000000 		.4byte	0
 689 0024 00000000 		.4byte	0
 690              		.section	.debug_line,"",%progbits
 691              	.Ldebug_line0:
 692 0000 19020000 		.section	.debug_str,"MS",%progbits,1
 692      0200A301 
 692      00000201 
 692      FB0E0D00 
 692      01010101 
 693              	.LASF4:
 694 0000 5F5F7569 		.ascii	"__uint8_t\000"
 694      6E74385F 
 694      7400
 695              	.LASF23:
 696 000a 6368616E 		.ascii	"channel\000"
 696      6E656C00 
 697              	.LASF28:
 698 0012 483A5C47 		.ascii	"H:\\Githubrepo\\Intern\\PSoC\\Final_project01_54Byt"
 698      69746875 
 698      62726570 
 698      6F5C496E 
 698      7465726E 
 699 0041 652E6379 		.ascii	"e.cydsn\000"
 699      64736E00 
 700              	.LASF25:
 701 0049 414D7578 		.ascii	"AMux_1_Unset\000"
 701      5F315F55 
 701      6E736574 
 701      00
 702              	.LASF21:
 703 0056 414D7578 		.ascii	"AMux_2_Set\000"
 703      5F325F53 
 703      657400
 704              	.LASF5:
 705 0061 5F5F696E 		.ascii	"__int32_t\000"
 705      7433325F 
 705      7400
 706              	.LASF3:
 707 006b 73686F72 		.ascii	"short unsigned int\000"
 707      7420756E 
 707      7369676E 
 707      65642069 
ARM GAS  C:\Users\43479\AppData\Local\Temp\ccmDuM5D.s 			page 18


 707      6E7400
 708              	.LASF22:
 709 007e 414D7578 		.ascii	"AMux_2_Unset\000"
 709      5F325F55 
 709      6E736574 
 709      00
 710              	.LASF17:
 711 008b 666C6F61 		.ascii	"float\000"
 711      7400
 712              	.LASF1:
 713 0091 756E7369 		.ascii	"unsigned char\000"
 713      676E6564 
 713      20636861 
 713      7200
 714              	.LASF8:
 715 009f 6C6F6E67 		.ascii	"long unsigned int\000"
 715      20756E73 
 715      69676E65 
 715      6420696E 
 715      7400
 716              	.LASF19:
 717 00b1 75696E74 		.ascii	"uint8\000"
 717      3800
 718              	.LASF29:
 719 00b7 49544D5F 		.ascii	"ITM_RxBuffer\000"
 719      52784275 
 719      66666572 
 719      00
 720              	.LASF18:
 721 00c4 646F7562 		.ascii	"double\000"
 721      6C6500
 722              	.LASF7:
 723 00cb 5F5F7569 		.ascii	"__uint32_t\000"
 723      6E743332 
 723      5F7400
 724              	.LASF11:
 725 00d6 756E7369 		.ascii	"unsigned int\000"
 725      676E6564 
 725      20696E74 
 725      00
 726              	.LASF10:
 727 00e3 6C6F6E67 		.ascii	"long long unsigned int\000"
 727      206C6F6E 
 727      6720756E 
 727      7369676E 
 727      65642069 
 728              	.LASF12:
 729 00fa 75696E74 		.ascii	"uint8_t\000"
 729      385F7400 
 730              	.LASF26:
 731 0102 474E5520 		.ascii	"GNU C11 5.4.1 20160609 (release) [ARM/embedded-5-br"
 731      43313120 
 731      352E342E 
 731      31203230 
 731      31363036 
 732 0135 616E6368 		.ascii	"anch revision 237715] -mcpu=cortex-m4 -mfloat-abi=s"
 732      20726576 
ARM GAS  C:\Users\43479\AppData\Local\Temp\ccmDuM5D.s 			page 19


 732      6973696F 
 732      6E203233 
 732      37373135 
 733 0168 6F667466 		.ascii	"oftfp -mfpu=fpv4-sp-d16 -mthumb -g -Og -ffunction-s"
 733      70202D6D 
 733      6670753D 
 733      66707634 
 733      2D73702D 
 734 019b 65637469 		.ascii	"ections -ffat-lto-objects\000"
 734      6F6E7320 
 734      2D666661 
 734      742D6C74 
 734      6F2D6F62 
 735              	.LASF13:
 736 01b5 696E7433 		.ascii	"int32_t\000"
 736      325F7400 
 737              	.LASF15:
 738 01bd 73697A65 		.ascii	"sizetype\000"
 738      74797065 
 738      00
 739              	.LASF9:
 740 01c6 6C6F6E67 		.ascii	"long long int\000"
 740      206C6F6E 
 740      6720696E 
 740      7400
 741              	.LASF16:
 742 01d4 63686172 		.ascii	"char\000"
 742      00
 743              	.LASF2:
 744 01d9 73686F72 		.ascii	"short int\000"
 744      7420696E 
 744      7400
 745              	.LASF24:
 746 01e3 414D7578 		.ascii	"AMux_1_Set\000"
 746      5F315F53 
 746      657400
 747              	.LASF14:
 748 01ee 75696E74 		.ascii	"uint32_t\000"
 748      33325F74 
 748      00
 749              	.LASF6:
 750 01f7 6C6F6E67 		.ascii	"long int\000"
 750      20696E74 
 750      00
 751              	.LASF20:
 752 0200 6C6F6E67 		.ascii	"long double\000"
 752      20646F75 
 752      626C6500 
 753              	.LASF0:
 754 020c 7369676E 		.ascii	"signed char\000"
 754      65642063 
 754      68617200 
 755              	.LASF27:
 756 0218 47656E65 		.ascii	"Generated_Source\\PSoC6\\cyfitter_amux.c\000"
 756      72617465 
 756      645F536F 
 756      75726365 
ARM GAS  C:\Users\43479\AppData\Local\Temp\ccmDuM5D.s 			page 20


 756      5C50536F 
 757              		.ident	"GCC: (GNU Tools for ARM Embedded Processors) 5.4.1 20160609 (release) [ARM/embedded-5-bran
