Archive member included to satisfy reference by file (symbol)

Generated_Source\PSoC6\pdl\middleware\ble\lib\cy_ble_stack_gcc_host_ipc_cm4.a(CyBleStackMgrIP_Interface.o)
                              .\CortexM4\ARM_GCC_541\Debug\cy_ble.o (Cy_BLE_EnableDleFeature)
Generated_Source\PSoC6\pdl\middleware\ble\lib\cy_ble_stack_gcc_host_ipc_cm4.a(BT_os.o)
                              Generated_Source\PSoC6\pdl\middleware\ble\lib\cy_ble_stack_gcc_host_ipc_cm4.a(CyBleStackMgrIP_Interface.o) (cyBleStackMemoryConfig)
Generated_Source\PSoC6\pdl\middleware\ble\lib\cy_ble_stack_gcc_host_ipc_cm4.a(CyBleStackMgr_StackTaskHandler.o)
                              Generated_Source\PSoC6\pdl\middleware\ble\lib\cy_ble_stack_gcc_host_ipc_cm4.a(CyBleStackMgrIP_Interface.o) (CyBle_CreateBleStackTask)
Generated_Source\PSoC6\pdl\middleware\ble\lib\cy_ble_stack_gcc_host_ipc_cm4.a(storage_pl.o)
                              Generated_Source\PSoC6\pdl\middleware\ble\lib\cy_ble_stack_gcc_host_ipc_cm4.a(CyBleStackMgrIP_Interface.o) (storage_manager_init)
Generated_Source\PSoC6\pdl\middleware\ble\lib\cy_ble_stack_gcc_host_ipc_cm4.a(mint_os.o)
                              Generated_Source\PSoC6\pdl\middleware\ble\lib\cy_ble_stack_gcc_host_ipc_cm4.a(CyBleStackMgrIP_Interface.o) (OS_init)
Generated_Source\PSoC6\pdl\middleware\ble\lib\cy_ble_stack_gcc_host_ipc_cm4.a(mint_os_queue.o)
                              Generated_Source\PSoC6\pdl\middleware\ble\lib\cy_ble_stack_gcc_host_ipc_cm4.a(mint_os.o) (OS_TOTAL_QUEUES)
Generated_Source\PSoC6\pdl\middleware\ble\lib\cy_ble_stack_gcc_host_ipc_cm4.a(mint_os_task.o)
                              Generated_Source\PSoC6\pdl\middleware\ble\lib\cy_ble_stack_gcc_host_ipc_cm4.a(mint_os.o) (idle_func_handler)
Generated_Source\PSoC6\pdl\middleware\ble\lib\cy_ble_stack_gcc_host_ipc_cm4.a(mint_buf_mgmt.o)
                              Generated_Source\PSoC6\pdl\middleware\ble\lib\cy_ble_stack_gcc_host_ipc_cm4.a(BT_os.o) (mint_buf_mgmt_allocate_buffer)
Generated_Source\PSoC6\pdl\middleware\ble\lib\cy_ble_stack_gcc_host_ipc_cm4.a(transport_ipc.o)
                              Generated_Source\PSoC6\pdl\middleware\ble\lib\cy_ble_stack_gcc_host_ipc_cm4.a(CyBleStackMgr_StackTaskHandler.o) (CyBleHost_HciIpcFreePktBuffer)
Generated_Source\PSoC6\pdl\middleware\ble\lib\cy_ble_stack_gcc_host_ipc_cm4.a(CyBleStackMgr_PSoCIPCHal.o)
                              Generated_Source\PSoC6\pdl\middleware\ble\lib\cy_ble_stack_gcc_host_ipc_cm4.a(transport_ipc.o) (CyBleHost_IPC_HAL_InitWithStaticMem)
Generated_Source\PSoC6\pdl\middleware\ble\lib\cy_ble_stack_gcc_host_ipc_cm4.a(host_main.o)
                              Generated_Source\PSoC6\pdl\middleware\ble\lib\cy_ble_stack_gcc_host_ipc_cm4.a(CyBleStackMgrIP_Interface.o) (CyBle_HostInit)
Generated_Source\PSoC6\pdl\middleware\ble\lib\cy_ble_stack_gcc_host_ipc_cm4.a(att_api.o)
                              Generated_Source\PSoC6\pdl\middleware\ble\lib\cy_ble_stack_gcc_host_ipc_cm4.a(host_main.o) (BT_att_register)
Generated_Source\PSoC6\pdl\middleware\ble\lib\cy_ble_stack_gcc_host_ipc_cm4.a(att_init.o)
                              Generated_Source\PSoC6\pdl\middleware\ble\lib\cy_ble_stack_gcc_host_ipc_cm4.a(att_api.o) (att_connections)
Generated_Source\PSoC6\pdl\middleware\ble\lib\cy_ble_stack_gcc_host_ipc_cm4.a(att_internal.o)
                              Generated_Source\PSoC6\pdl\middleware\ble\lib\cy_ble_stack_gcc_host_ipc_cm4.a(att_api.o) (att_get_fsm_event)
Generated_Source\PSoC6\pdl\middleware\ble\lib\cy_ble_stack_gcc_host_ipc_cm4.a(BT_common.o)
                              Generated_Source\PSoC6\pdl\middleware\ble\lib\cy_ble_stack_gcc_host_ipc_cm4.a(host_main.o) (BT_bluetooth_off)
Generated_Source\PSoC6\pdl\middleware\ble\lib\cy_ble_stack_gcc_host_ipc_cm4.a(device_queue.o)
                              Generated_Source\PSoC6\pdl\middleware\ble\lib\cy_ble_stack_gcc_host_ipc_cm4.a(host_main.o) (CyBle_DeviceQueueHeapDeInit)
Generated_Source\PSoC6\pdl\middleware\ble\lib\cy_ble_stack_gcc_host_ipc_cm4.a(l2cap.o)
                              Generated_Source\PSoC6\pdl\middleware\ble\lib\cy_ble_stack_gcc_host_ipc_cm4.a(host_main.o) (CyBle_L2capCB)
Generated_Source\PSoC6\pdl\middleware\ble\lib\cy_ble_stack_gcc_host_ipc_cm4.a(l2cap_disconnect.o)
                              Generated_Source\PSoC6\pdl\middleware\ble\lib\cy_ble_stack_gcc_host_ipc_cm4.a(l2cap.o) (l2ca_disconnect_req)
Generated_Source\PSoC6\pdl\middleware\ble\lib\cy_ble_stack_gcc_host_ipc_cm4.a(l2cap_init.o)
                              Generated_Source\PSoC6\pdl\middleware\ble\lib\cy_ble_stack_gcc_host_ipc_cm4.a(l2cap_disconnect.o) (l2cap_fixed_channel)
Generated_Source\PSoC6\pdl\middleware\ble\lib\cy_ble_stack_gcc_host_ipc_cm4.a(l2cap_utils.o)
                              Generated_Source\PSoC6\pdl\middleware\ble\lib\cy_ble_stack_gcc_host_ipc_cm4.a(l2cap_disconnect.o) (l2cap_buffer_dequeue)
Generated_Source\PSoC6\pdl\middleware\ble\lib\cy_ble_stack_gcc_host_ipc_cm4.a(l2cap_lmp.o)
[...]
Memory Configuration

Name             Origin             Length             Attributes
ram              0x08024000         0x00023800         xrw
flash            0x10080000         0x00080000         xr
em_eeprom        0x14000000         0x00008000         xr
sflash_user_data 0x16000800         0x00000800         xr
sflash_nar       0x16001a00         0x00000200         xr
sflash_public_key 0x16005a00         0x00000c00         xr
sflash_toc_2     0x16007c00         0x00000200         xr
sflash_rtoc_2    0x16007e00         0x00000200         xr
xip              0x18000000         0x08000000         xr
efuse            0x90700000         0x00100000         r
*default*        0x00000000         0xffffffff

Linker script and memory map

LOAD c:/program files (x86)/cypress/psoc creator/4.4/psoc creator/import/gnu/arm/5.4.1/bin/../lib/gcc/arm-none-eabi/5.4.1/armv7e-m/softfp/crti.o
LOAD c:/program files (x86)/cypress/psoc creator/4.4/psoc creator/import/gnu/arm/5.4.1/bin/../lib/gcc/arm-none-eabi/5.4.1/armv7e-m/softfp/crtbegin.o
LOAD c:/program files (x86)/cypress/psoc creator/4.4/psoc creator/import/gnu/arm/5.4.1/bin/../lib/gcc/arm-none-eabi/5.4.1/../../../../arm-none-eabi/lib/armv7e-m/softfp/crt0.o
START GROUP
LOAD Generated_Source\PSoC6\pdl\middleware\ble\lib\cy_ble_stack_gcc_host_ipc_cm4.a
LOAD .\CortexM4\ARM_GCC_541\Debug\startup_psoc63_cm4.o
LOAD .\CortexM4\ARM_GCC_541\Debug\main_cm4.o
LOAD .\CortexM4\ARM_GCC_541\Debug\system_psoc63_cm4.o
LOAD .\CortexM4\ARM_GCC_541\Debug\ledTask.o
LOAD .\CortexM4\ARM_GCC_541\Debug\stdio_user.o
LOAD .\CortexM4\ARM_GCC_541\Debug\host_main.o
LOAD .\CortexM4\ARM_GCC_541\Debug\cy_ipc_config.o
LOAD .\CortexM4\ARM_GCC_541\Debug\cyfitter_sysint_cfg.o
LOAD .\CortexM4\ARM_GCC_541\Debug\cymetadata.o
LOAD .\CortexM4\ARM_GCC_541\Debug\BLE.o
LOAD .\CortexM4\ARM_GCC_541\Debug\BLE_config.o
LOAD .\CortexM4\ARM_GCC_541\Debug\BLE_dis_config.o
LOAD .\CortexM4\ARM_GCC_541\Debug\BLE_custom_config.o
LOAD .\CortexM4\ARM_GCC_541\Debug\UART.o
LOAD .\CortexM4\ARM_GCC_541\Debug\PWM.o
LOAD .\CortexM4\ARM_GCC_541\Debug\cy_sysint.o
LOAD .\CortexM4\ARM_GCC_541\Debug\cy_ipc_drv.o
LOAD .\CortexM4\ARM_GCC_541\Debug\cy_ipc_sema.o
LOAD .\CortexM4\ARM_GCC_541\Debug\cy_ipc_pipe.o
LOAD .\CortexM4\ARM_GCC_541\Debug\cy_sysclk.o
LOAD .\CortexM4\ARM_GCC_541\Debug\cy_wdt.o
LOAD .\CortexM4\ARM_GCC_541\Debug\cy_tcpwm_counter.o
LOAD .\CortexM4\ARM_GCC_541\Debug\cy_tcpwm_pwm.o
LOAD .\CortexM4\ARM_GCC_541\Debug\cy_tcpwm_quaddec.o
LOAD .\CortexM4\ARM_GCC_541\Debug\cy_scb_common.o
LOAD .\CortexM4\ARM_GCC_541\Debug\cy_scb_i2c.o
LOAD .\CortexM4\ARM_GCC_541\Debug\cy_scb_ezi2c.o
LOAD .\CortexM4\ARM_GCC_541\Debug\cy_scb_spi.o
LOAD .\CortexM4\ARM_GCC_541\Debug\cy_scb_uart.o
LOAD .\CortexM4\ARM_GCC_541\Debug\cy_efuse.o
LOAD .\CortexM4\ARM_GCC_541\Debug\cy_flash.o
LOAD .\CortexM4\ARM_GCC_541\Debug\cy_gpio.o
LOAD .\CortexM4\ARM_GCC_541\Debug\cy_sysanalog.o
LOAD .\CortexM4\ARM_GCC_541\Debug\cy_syspm.o
LOAD .\CortexM4\ARM_GCC_541\Debug\cy_syslib.o
LOAD .\CortexM4\ARM_GCC_541\Debug\cy_syslib_gcc.o
LOAD .\CortexM4\ARM_GCC_541\Debug\cy_trigmux.o
LOAD .\CortexM4\ARM_GCC_541\Debug\cy_systick.o
LOAD .\CortexM4\ARM_GCC_541\Debug\cy_profile.o
LOAD .\CortexM4\ARM_GCC_541\Debug\cy_prot.o
LOAD .\CortexM4\ARM_GCC_541\Debug\cy_lvd.o
LOAD .\CortexM4\ARM_GCC_541\Debug\cy_dma.o
LOAD .\CortexM4\ARM_GCC_541\Debug\cy_sar.o
LOAD .\CortexM4\ARM_GCC_541\Debug\cy_ble.o
LOAD .\CortexM4\ARM_GCC_541\Debug\cy_ble_hal_int.o
LOAD .\CortexM4\ARM_GCC_541\Debug\cy_ble_hal_pvt.o
LOAD .\CortexM4\ARM_GCC_541\Debug\cy_ble_gap.o
LOAD .\CortexM4\ARM_GCC_541\Debug\cy_ble_gatt.o
LOAD .\CortexM4\ARM_GCC_541\Debug\cy_ble_event_handler.o
LOAD .\CortexM4\ARM_GCC_541\Debug\cy_ble_ancs.o
LOAD .\CortexM4\ARM_GCC_541\Debug\cy_ble_ans.o
LOAD .\CortexM4\ARM_GCC_541\Debug\cy_ble_aios.o
LOAD .\CortexM4\ARM_GCC_541\Debug\cy_ble_bas.o
LOAD .\CortexM4\ARM_GCC_541\Debug\cy_ble_bcs.o
LOAD .\CortexM4\ARM_GCC_541\Debug\cy_ble_bls.o
LOAD .\CortexM4\ARM_GCC_541\Debug\cy_ble_bms.o
LOAD .\CortexM4\ARM_GCC_541\Debug\cy_ble_bts.o
LOAD .\CortexM4\ARM_GCC_541\Debug\cy_ble_cgms.o
LOAD .\CortexM4\ARM_GCC_541\Debug\cy_ble_cps.o
LOAD .\CortexM4\ARM_GCC_541\Debug\cy_ble_cscs.o
LOAD .\CortexM4\ARM_GCC_541\Debug\cy_ble_cts.o
LOAD .\CortexM4\ARM_GCC_541\Debug\cy_ble_custom.o
LOAD .\CortexM4\ARM_GCC_541\Debug\cy_ble_dis.o
LOAD .\CortexM4\ARM_GCC_541\Debug\cy_ble_ess.o
LOAD .\CortexM4\ARM_GCC_541\Debug\cy_ble_gls.o
LOAD .\CortexM4\ARM_GCC_541\Debug\cy_ble_hids.o
LOAD .\CortexM4\ARM_GCC_541\Debug\cy_ble_hps.o
LOAD .\CortexM4\ARM_GCC_541\Debug\cy_ble_hrs.o
LOAD .\CortexM4\ARM_GCC_541\Debug\cy_ble_hts.o
LOAD .\CortexM4\ARM_GCC_541\Debug\cy_ble_ias.o
LOAD .\CortexM4\ARM_GCC_541\Debug\cy_ble_ips.o
LOAD .\CortexM4\ARM_GCC_541\Debug\cy_ble_lls.o
LOAD .\CortexM4\ARM_GCC_541\Debug\cy_ble_lns.o
LOAD .\CortexM4\ARM_GCC_541\Debug\cy_ble_ndcs.o
LOAD .\CortexM4\ARM_GCC_541\Debug\cy_ble_plxs.o
LOAD .\CortexM4\ARM_GCC_541\Debug\cy_ble_pass.o
LOAD .\CortexM4\ARM_GCC_541\Debug\cy_ble_rscs.o
LOAD .\CortexM4\ARM_GCC_541\Debug\cy_ble_rtus.o
LOAD .\CortexM4\ARM_GCC_541\Debug\cy_ble_scps.o
LOAD .\CortexM4\ARM_GCC_541\Debug\cy_ble_tps.o
LOAD .\CortexM4\ARM_GCC_541\Debug\cy_ble_uds.o
LOAD .\CortexM4\ARM_GCC_541\Debug\cy_ble_wpts.o
LOAD .\CortexM4\ARM_GCC_541\Debug\cy_ble_wss.o
LOAD .\CortexM4\ARM_GCC_541\Debug\cy_ble_clk.o
LOAD .\CortexM4\ARM_GCC_541\Debug\retarget.o
LOAD .\CortexM4\ARM_GCC_541\Debug\cyfitter_amux.o
LOAD .\CortexM4\ARM_GCC_541\Debug\AMux_1.o
LOAD .\CortexM4\ARM_GCC_541\Debug\WS_DMA.o
LOAD .\CortexM4\ARM_GCC_541\Debug\WS_SPI.o
LOAD .\CortexM4\ARM_GCC_541\Debug\ADC_1.o
LOAD .\CortexM4\ARM_GCC_541\Debug\ADC_1_INT.o
LOAD .\CortexM4\ARM_GCC_541\Debug\ADC_1_INIT.o
LOAD .\CortexM4\ARM_GCC_541\Debug\ADC_1_PM.o
LOAD .\CortexM4\ARM_GCC_541\Debug\AMux_2.o
END GROUP
START GROUP
LOAD c:/program files (x86)/cypress/psoc creator/4.4/psoc creator/import/gnu/arm/5.4.1/bin/../lib/gcc/arm-none-eabi/5.4.1/armv7e-m/softfp\libgcc.a
LOAD c:/program files (x86)/cypress/psoc creator/4.4/psoc creator/import/gnu/arm/5.4.1/bin/../lib/gcc/arm-none-eabi/5.4.1/../../../../arm-none-eabi/lib/armv7e-m/softfp\libg_nano.a
LOAD c:/program files (x86)/cypress/psoc creator/4.4/psoc creator/import/gnu/arm/5.4.1/bin/../lib/gcc/arm-none-eabi/5.4.1/../../../../arm-none-eabi/lib/armv7e-m/softfp\libc_nano.a
END GROUP
START GROUP
LOAD c:/program files (x86)/cypress/psoc creator/4.4/psoc creator/import/gnu/arm/5.4.1/bin/../lib/gcc/arm-none-eabi/5.4.1/armv7e-m/softfp\libgcc.a
LOAD c:/program files (x86)/cypress/psoc creator/4.4/psoc creator/import/gnu/arm/5.4.1/bin/../lib/gcc/arm-none-eabi/5.4.1/../../../../arm-none-eabi/lib/armv7e-m/softfp\libc_nano.a
END GROUP
LOAD c:/program files (x86)/cypress/psoc creator/4.4/psoc creator/import/gnu/arm/5.4.1/bin/../lib/gcc/arm-none-eabi/5.4.1/armv7e-m/softfp/crtend.o
LOAD c:/program files (x86)/cypress/psoc creator/4.4/psoc creator/import/gnu/arm/5.4.1/bin/../lib/gcc/arm-none-eabi/5.4.1/armv7e-m/softfp/crtn.o
START GROUP
LOAD c:/program files (x86)/cypress/psoc creator/4.4/psoc creator/import/gnu/arm/5.4.1/bin/../lib/gcc/arm-none-eabi/5.4.1/armv7e-m/softfp\libgcc.a
LOAD c:/program files (x86)/cypress/psoc creator/4.4/psoc creator/import/gnu/arm/5.4.1/bin/../lib/gcc/arm-none-eabi/5.4.1/../../../../arm-none-eabi/lib/armv7e-m/softfp\libc.a
LOAD c:/program files (x86)/cypress/psoc creator/4.4/psoc creator/import/gnu/arm/5.4.1/bin/../lib/gcc/arm-none-eabi/5.4.1/../../../../arm-none-eabi/lib/armv7e-m/softfp\libnosys.a
END GROUP
START GROUP
LOAD c:/program files (x86)/cypress/psoc creator/4.4/psoc creator/import/gnu/arm/5.4.1/bin/../lib/gcc/arm-none-eabi/5.4.1/armv7e-m/softfp\libgcc.a
LOAD c:/program files (x86)/cypress/psoc creator/4.4/psoc creator/import/gnu/arm/5.4.1/bin/../lib/gcc/arm-none-eabi/5.4.1/../../../../arm-none-eabi/lib/armv7e-m/softfp\libc.a
LOAD c:/program files (x86)/cypress/psoc creator/4.4/psoc creator/import/gnu/arm/5.4.1/bin/../lib/gcc/arm-none-eabi/5.4.1/../../../../arm-none-eabi/lib/armv7e-m/softfp\libm.a
LOAD c:/program files (x86)/cypress/psoc creator/4.4/psoc creator/import/gnu/arm/5.4.1/bin/../lib/gcc/arm-none-eabi/5.4.1/../../../../arm-none-eabi/lib/armv7e-m/softfp\libnosys.a
END GROUP

.text           0x10080000     0x94e8
                0x10080000                . = ALIGN (0x4)
                0x10080000                __Vectors = .
 *(.vectors)
 .vectors       0x10080000      0x28c .\CortexM4\ARM_GCC_541\Debug\startup_psoc63_cm4.o
                0x1008028c                . = ALIGN (0x4)
                0x1008028c                __Vectors_End = .
                0x0000028c                __Vectors_Size = (__Vectors_End - __Vectors)
                0x1008028c                __end__ = .
                0x1008028c                . = ALIGN (0x4)
 *(.text*)
 .text          0x1008028c       0x5c c:/program files (x86)/cypress/psoc creator/4.4/psoc creator/import/gnu/arm/5.4.1/bin/../lib/gcc/arm-none-eabi/5.4.1/armv7e-m/softfp/crtbegin.o
 .text          0x100802e8       0x94 .\CortexM4\ARM_GCC_541\Debug\startup_psoc63_cm4.o
                0x100802e8                Cy_OnResetUser
                0x100802ea                Cy_SaveIRQ
                0x100802f2                Cy_RestoreIRQ
                0x100802f8                Reset_Handler
                0x1008035c                tcpwm_1_interrupts_11_IRQHandler
                0x1008035c                cpuss_interrupts_ipc_0_IRQHandler
                0x1008035c                tcpwm_1_interrupts_15_IRQHandler
                0x1008035c                ioss_interrupts_gpio_13_IRQHandler
                0x1008035c                tcpwm_1_interrupts_13_IRQHandler
                0x1008035c                cpuss_interrupts_dw1_8_IRQHandler
                0x1008035c                tcpwm_0_interrupts_0_IRQHandler
                0x1008035c                SysTick_Handler
                0x1008035c                cpuss_interrupt_fm_IRQHandler
                0x1008035c                cpuss_interrupts_ipc_7_IRQHandler
                0x1008035c                tcpwm_1_interrupts_14_IRQHandler
                0x1008035c                cpuss_interrupts_dw0_11_IRQHandler
                0x1008035c                tcpwm_1_interrupts_9_IRQHandler
                0x1008035c                cpuss_interrupts_cm0_cti_1_IRQHandler
                0x1008035c                tcpwm_1_interrupts_22_IRQHandler
                0x1008035c                cpuss_interrupts_dw0_4_IRQHandler
                0x1008035c                PendSV_Handler
                0x1008035c                NMI_Handler
                0x1008035c                cpuss_interrupts_dw1_12_IRQHandler
                0x1008035c                tcpwm_1_interrupts_12_IRQHandler
                0x1008035c                smif_interrupt_IRQHandler
                0x1008035c                tcpwm_1_interrupts_2_IRQHandler
                0x1008035c                cpuss_interrupts_ipc_13_IRQHandler
                0x1008035c                udb_interrupts_11_IRQHandler
                0x1008035c                tcpwm_1_interrupts_18_IRQHandler
                0x1008035c                cpuss_interrupts_ipc_6_IRQHandler
                0x1008035c                tcpwm_0_interrupts_2_IRQHandler
                0x1008035c                cpuss_interrupts_dw0_13_IRQHandler
                0x1008035c                udb_interrupts_2_IRQHandler
                0x1008035c                cpuss_interrupts_dw1_7_IRQHandler
                0x1008035c                ioss_interrupts_gpio_1_IRQHandler
                0x1008035c                ioss_interrupts_gpio_7_IRQHandler
                0x1008035c                scb_5_interrupt_IRQHandler
                0x1008035c                udb_interrupts_6_IRQHandler
                0x1008035c                cpuss_interrupts_fault_1_IRQHandler
                0x1008035c                cpuss_interrupts_ipc_5_IRQHandler
                0x1008035c                cpuss_interrupts_dw1_10_IRQHandler
                0x1008035c                udb_interrupts_0_IRQHandler
                0x1008035c                tcpwm_1_interrupts_6_IRQHandler
                0x1008035c                scb_4_interrupt_IRQHandler
                0x1008035c                pass_interrupt_dacs_IRQHandler
                0x1008035c                ioss_interrupts_gpio_2_IRQHandler
                0x1008035c                cpuss_interrupts_dw1_9_IRQHandler
                0x1008035c                cpuss_interrupts_dw1_13_IRQHandler
                0x1008035c                scb_2_interrupt_IRQHandler
                0x1008035c                cpuss_interrupts_cm0_cti_0_IRQHandler
                0x1008035c                udb_interrupts_5_IRQHandler
                0x1008035c                srss_interrupt_IRQHandler
                0x1008035c                udb_interrupts_12_IRQHandler
                0x1008035c                scb_0_interrupt_IRQHandler
                0x1008035c                csd_interrupt_IRQHandler
                0x1008035c                udb_interrupts_1_IRQHandler
                0x1008035c                profile_interrupt_IRQHandler
                0x1008035c                tcpwm_1_interrupts_1_IRQHandler
                0x1008035c                cpuss_interrupts_ipc_12_IRQHandler
                0x1008035c                tcpwm_1_interrupts_3_IRQHandler
                0x1008035c                tcpwm_0_interrupts_7_IRQHandler
                0x1008035c                cpuss_interrupts_dw1_1_IRQHandler
                0x1008035c                cpuss_interrupts_dw1_0_IRQHandler
                0x1008035c                cpuss_interrupts_dw0_9_IRQHandler
                0x1008035c                DebugMon_Handler
                0x1008035c                tcpwm_1_interrupts_23_IRQHandler
                0x1008035c                cpuss_interrupts_dw0_5_IRQHandler
                0x1008035c                tcpwm_1_interrupts_20_IRQHandler
                0x1008035c                ioss_interrupt_gpio_IRQHandler
                0x1008035c                tcpwm_0_interrupts_1_IRQHandler
                0x1008035c                ioss_interrupts_gpio_8_IRQHandler
                0x1008035c                tcpwm_0_interrupts_6_IRQHandler
                0x1008035c                scb_7_interrupt_IRQHandler
                0x1008035c                tcpwm_1_interrupts_7_IRQHandler
                0x1008035c                cpuss_interrupts_ipc_11_IRQHandler
                0x1008035c                udb_interrupts_13_IRQHandler
                0x1008035c                cpuss_interrupts_dw0_15_IRQHandler
                0x1008035c                udb_interrupts_7_IRQHandler
                0x1008035c                cpuss_interrupts_dw1_6_IRQHandler
                0x1008035c                cpuss_interrupt_crypto_IRQHandler
                0x1008035c                scb_1_interrupt_IRQHandler
                0x1008035c                Default_Handler
                0x1008035c                usb_interrupt_hi_IRQHandler
                0x1008035c                tcpwm_1_interrupts_0_IRQHandler
                0x1008035c                udb_interrupts_9_IRQHandler
                0x1008035c                audioss_interrupt_pdm_IRQHandler
                0x1008035c                srss_interrupt_mcwdt_0_IRQHandler
                0x1008035c                scb_3_interrupt_IRQHandler
                0x1008035c                pass_interrupt_ctbs_IRQHandler
                0x1008035c                udb_interrupts_8_IRQHandler
                0x1008035c                ioss_interrupts_gpio_3_IRQHandler
                0x1008035c                scb_6_interrupt_IRQHandler
                0x1008035c                cpuss_interrupts_cm4_cti_0_IRQHandler
                0x1008035c                cpuss_interrupts_dw1_3_IRQHandler
                0x1008035c                pass_interrupt_sar_IRQHandler
                0x1008035c                ioss_interrupts_gpio_0_IRQHandler
                0x1008035c                ioss_interrupts_gpio_14_IRQHandler
                0x1008035c                tcpwm_0_interrupts_4_IRQHandler
                0x1008035c                udb_interrupts_3_IRQHandler
                0x1008035c                tcpwm_0_interrupts_5_IRQHandler
                0x1008035c                cpuss_interrupts_ipc_15_IRQHandler
                0x1008035c                cpuss_interrupts_cm4_cti_1_IRQHandler
                0x1008035c                scb_8_interrupt_IRQHandler
                0x1008035c                srss_interrupt_mcwdt_1_IRQHandler
                0x1008035c                cpuss_interrupts_dw1_2_IRQHandler
                0x1008035c                SVC_Handler
                0x1008035c                cpuss_interrupts_dw1_5_IRQHandler
                0x1008035c                cpuss_interrupts_ipc_1_IRQHandler
                0x1008035c                cpuss_interrupts_dw0_0_IRQHandler
                0x1008035c                ioss_interrupts_gpio_12_IRQHandler
                0x1008035c                cpuss_interrupts_ipc_3_IRQHandler
                0x1008035c                tcpwm_1_interrupts_17_IRQHandler
                0x1008035c                srss_interrupt_backup_IRQHandler
                0x1008035c                bless_interrupt_IRQHandler
                0x1008035c                cpuss_interrupts_ipc_10_IRQHandler
                0x1008035c                cpuss_interrupts_ipc_9_IRQHandler
                0x1008035c                cpuss_interrupts_dw0_14_IRQHandler
                0x1008035c                tcpwm_1_interrupts_4_IRQHandler
                0x1008035c                tcpwm_0_interrupts_3_IRQHandler
                0x1008035c                cpuss_interrupts_dw1_15_IRQHandler
                0x1008035c                ioss_interrupts_gpio_10_IRQHandler
                0x1008035c                udb_interrupts_10_IRQHandler
                0x1008035c                cpuss_interrupts_dw0_8_IRQHandler
                0x1008035c                ioss_interrupts_gpio_11_IRQHandler
                0x1008035c                cpuss_interrupts_ipc_14_IRQHandler
                0x1008035c                ioss_interrupts_gpio_5_IRQHandler
                0x1008035c                ioss_interrupts_gpio_4_IRQHandler
                0x1008035c                tcpwm_1_interrupts_8_IRQHandler
                0x1008035c                cpuss_interrupts_dw1_14_IRQHandler
                0x1008035c                usb_interrupt_med_IRQHandler
                0x1008035c                cpuss_interrupts_dw0_2_IRQHandler
                0x1008035c                udb_interrupts_4_IRQHandler
                0x1008035c                tcpwm_1_interrupts_10_IRQHandler
                0x1008035c                cpuss_interrupts_fault_0_IRQHandler
                0x1008035c                cpuss_interrupts_dw0_12_IRQHandler
                0x1008035c                ioss_interrupts_gpio_6_IRQHandler
                0x1008035c                tcpwm_1_interrupts_21_IRQHandler
                0x1008035c                tcpwm_1_interrupts_16_IRQHandler
                0x1008035c                cpuss_interrupts_dw1_4_IRQHandler
                0x1008035c                udb_interrupts_15_IRQHandler
                0x1008035c                cpuss_interrupts_dw1_11_IRQHandler
                0x1008035c                cpuss_interrupts_dw0_6_IRQHandler
                0x1008035c                ioss_interrupt_vdd_IRQHandler
                0x1008035c                cpuss_interrupts_dw0_7_IRQHandler
                0x1008035c                audioss_interrupt_i2s_IRQHandler
                0x1008035c                tcpwm_1_interrupts_5_IRQHandler
                0x1008035c                cpuss_interrupts_ipc_2_IRQHandler
                0x1008035c                cpuss_interrupts_dw0_10_IRQHandler
                0x1008035c                tcpwm_1_interrupts_19_IRQHandler
                0x1008035c                cpuss_interrupts_dw0_1_IRQHandler
                0x1008035c                lpcomp_interrupt_IRQHandler
                0x1008035c                ioss_interrupts_gpio_9_IRQHandler
                0x1008035c                usb_interrupt_lo_IRQHandler
                0x1008035c                cpuss_interrupts_ipc_8_IRQHandler
                0x1008035c                udb_interrupts_14_IRQHandler
                0x1008035c                cpuss_interrupts_dw0_3_IRQHandler
                0x10080360                UsageFault_Handler
                0x10080360                HardFault_Handler
                0x10080360                MemManage_Handler
                0x10080360                BusFault_Handler
 .text.main     0x1008037c        0xc .\CortexM4\ARM_GCC_541\Debug\main_cm4.o
                0x1008037c                main
 .text.Cy_SystemInit
                0x10080388        0x4 .\CortexM4\ARM_GCC_541\Debug\system_psoc63_cm4.o
                0x10080388                Cy_SystemInit
 .text.SystemCoreClockUpdate
                0x1008038c      0x190 .\CortexM4\ARM_GCC_541\Debug\system_psoc63_cm4.o
                0x1008038c                SystemCoreClockUpdate
 .text.SystemInit
                0x1008051c       0x48 .\CortexM4\ARM_GCC_541\Debug\system_psoc63_cm4.o
                0x1008051c                SystemInit
 .text.Cy_SystemInitFpuEnable
                0x10080564       0x28 .\CortexM4\ARM_GCC_541\Debug\system_psoc63_cm4.o
                0x10080564                Cy_SystemInitFpuEnable
 .text.WS_DMAComplete
                0x1008058c       0x14 .\CortexM4\ARM_GCC_541\Debug\ledTask.o
 .text.WS_DMAConfigure
                0x100805a0      0x10c .\CortexM4\ARM_GCC_541\Debug\ledTask.o
 .text.WS_DMATrigger
                0x100806ac       0x38 .\CortexM4\ARM_GCC_541\Debug\ledTask.o
                0x100806ac                WS_DMATrigger
 .text.WS_SysTickHandler
                0x100806e4       0x34 .\CortexM4\ARM_GCC_541\Debug\ledTask.o
                0x100806e4                WS_SysTickHandler
 .text.WS_convert3Code
                0x10080718       0x24 .\CortexM4\ARM_GCC_541\Debug\ledTask.o
                0x10080718                WS_convert3Code
 .text.WS_setRGB
                0x1008073c       0x90 .\CortexM4\ARM_GCC_541\Debug\ledTask.o
                0x1008073c                WS_setRGB
 .text.WS_setRange
                0x100807cc       0x74 .\CortexM4\ARM_GCC_541\Debug\ledTask.o
                0x100807cc                WS_setRange
 .text.WS_runTest
                0x10080840      0x518 .\CortexM4\ARM_GCC_541\Debug\ledTask.o
                0x10080840                WS_runTest
 .text.WS_Start
                0x10080d58       0x48 .\CortexM4\ARM_GCC_541\Debug\ledTask.o
                0x10080d58                WS_Start
 .text.STDIO_PutChar
                0x10080da0       0x18 .\CortexM4\ARM_GCC_541\Debug\stdio_user.o
                0x10080da0                STDIO_PutChar
 .text.STDIO_GetChar
                0x10080db8       0x1c .\CortexM4\ARM_GCC_541\Debug\stdio_user.o
                0x10080db8                STDIO_GetChar
 .text.StackEventHandler
                0x10080dd4      0x548 .\CortexM4\ARM_GCC_541\Debug\host_main.o
                0x10080dd4                StackEventHandler
 .text.float2string
                0x1008131c       0x6c .\CortexM4\ARM_GCC_541\Debug\host_main.o
                0x1008131c                float2string
 .text.pack2Buffer
                0x10081388       0xa0 .\CortexM4\ARM_GCC_541\Debug\host_main.o
                0x10081388                pack2Buffer
 .text.Ble_Init
                0x10081428       0x60 .\CortexM4\ARM_GCC_541\Debug\host_main.o
                0x10081428                Ble_Init
 .text.HostMain
                0x10081488      0x25c .\CortexM4\ARM_GCC_541\Debug\host_main.o
                0x10081488                HostMain
 .text.cpuss_interrupts_ipc_4_IRQHandler
                0x100816e4       0x10 .\CortexM4\ARM_GCC_541\Debug\cy_ipc_config.o
                0x100816e4                cpuss_interrupts_ipc_4_IRQHandler
 .text.Cy_IPC_SystemSemaInit
                0x100816f4       0x10 .\CortexM4\ARM_GCC_541\Debug\cy_ipc_config.o
                0x100816f4                Cy_IPC_SystemSemaInit
 .text.Cy_IPC_SystemPipeInit
                0x10081704       0x24 .\CortexM4\ARM_GCC_541\Debug\cy_ipc_config.o
                0x10081704                Cy_IPC_SystemPipeInit
 .text.Cy_BLE_Start
                0x10081728       0x38 .\CortexM4\ARM_GCC_541\Debug\BLE.o
                0x10081728                Cy_BLE_Start
 .text.UART_Interrupt
                0x10081760       0x14 .\CortexM4\ARM_GCC_541\Debug\UART.o
 .text.UART_Start
                0x10081774       0x64 .\CortexM4\ARM_GCC_541\Debug\UART.o
                0x10081774                UART_Start
 .text.PWM_Start
                0x100817d8       0x30 .\CortexM4\ARM_GCC_541\Debug\PWM.o
                0x100817d8                PWM_Start
 .text.Cy_SysInt_SetVector
                0x10081808       0x44 .\CortexM4\ARM_GCC_541\Debug\cy_sysint.o
                0x10081808                Cy_SysInt_SetVector
 .text.Cy_SysInt_Init
                0x1008184c       0x7c .\CortexM4\ARM_GCC_541\Debug\cy_sysint.o
                0x1008184c                Cy_SysInt_Init
 .text.Cy_IPC_Drv_LockRelease
                0x100818c8       0x30 .\CortexM4\ARM_GCC_541\Debug\cy_ipc_drv.o
                0x100818c8                Cy_IPC_Drv_LockRelease
 .text.Cy_IPC_Drv_SendMsgWord
                0x100818f8       0x3c .\CortexM4\ARM_GCC_541\Debug\cy_ipc_drv.o
                0x100818f8                Cy_IPC_Drv_SendMsgWord
 .text.Cy_IPC_Drv_ReadMsgWord
                0x10081934       0x2c .\CortexM4\ARM_GCC_541\Debug\cy_ipc_drv.o
                0x10081934                Cy_IPC_Drv_ReadMsgWord
 .text.Cy_IPC_Sema_Init
                0x10081960       0xb0 .\CortexM4\ARM_GCC_541\Debug\cy_ipc_sema.o
                0x10081960                Cy_IPC_Sema_Init
 .text.Cy_IPC_Sema_Clear
                0x10081a10       0x88 .\CortexM4\ARM_GCC_541\Debug\cy_ipc_sema.o
                0x10081a10                Cy_IPC_Sema_Clear
 .text.Cy_IPC_Sema_Status
                0x10081a98       0x40 .\CortexM4\ARM_GCC_541\Debug\cy_ipc_sema.o
                0x10081a98                Cy_IPC_Sema_Status
 .text.Cy_IPC_Pipe_Config
                0x10081ad8       0x10 .\CortexM4\ARM_GCC_541\Debug\cy_ipc_pipe.o
                0x10081ad8                Cy_IPC_Pipe_Config
 .text.Cy_IPC_Pipe_EndpointInit
                0x10081ae8       0xb8 .\CortexM4\ARM_GCC_541\Debug\cy_ipc_pipe.o
                0x10081ae8                Cy_IPC_Pipe_EndpointInit
 .text.Cy_IPC_Pipe_Init
                0x10081ba0       0xc4 .\CortexM4\ARM_GCC_541\Debug\cy_ipc_pipe.o
                0x10081ba0                Cy_IPC_Pipe_Init
 .text.Cy_IPC_Pipe_SendMessage
                0x10081c64       0xb0 .\CortexM4\ARM_GCC_541\Debug\cy_ipc_pipe.o
                0x10081c64                Cy_IPC_Pipe_SendMessage
 .text.Cy_IPC_Pipe_RegisterCallback
                0x10081d14       0x40 .\CortexM4\ARM_GCC_541\Debug\cy_ipc_pipe.o
                0x10081d14                Cy_IPC_Pipe_RegisterCallback
 .text.Cy_IPC_Pipe_RegisterCallbackRel
                0x10081d54       0x2c .\CortexM4\ARM_GCC_541\Debug\cy_ipc_pipe.o
                0x10081d54                Cy_IPC_Pipe_RegisterCallbackRel
 .text.Cy_IPC_Pipe_ExecCallback
                0x10081d80       0xb0 .\CortexM4\ARM_GCC_541\Debug\cy_ipc_pipe.o
                0x10081d80                Cy_IPC_Pipe_ExecCallback
 .text.Cy_IPC_Pipe_EndpointPause
                0x10081e30       0x50 .\CortexM4\ARM_GCC_541\Debug\cy_ipc_pipe.o
                0x10081e30                Cy_IPC_Pipe_EndpointPause
 .text.Cy_IPC_Pipe_EndpointResume
                0x10081e80       0x48 .\CortexM4\ARM_GCC_541\Debug\cy_ipc_pipe.o
                0x10081e80                Cy_IPC_Pipe_EndpointResume
 .text.Cy_TCPWM_PWM_Init
                0x10081ec8      0x16c .\CortexM4\ARM_GCC_541\Debug\cy_tcpwm_pwm.o
                0x10081ec8                Cy_TCPWM_PWM_Init
 .text.Cy_SCB_ReadArrayNoCheck
                0x10082034       0x38 .\CortexM4\ARM_GCC_541\Debug\cy_scb_common.o
                0x10082034                Cy_SCB_ReadArrayNoCheck
 .text.Cy_SCB_ReadArray
                0x1008206c       0x1c .\CortexM4\ARM_GCC_541\Debug\cy_scb_common.o
                0x1008206c                Cy_SCB_ReadArray
 .text.Cy_SCB_Write
                0x10082088       0x28 .\CortexM4\ARM_GCC_541\Debug\cy_scb_common.o
                0x10082088                Cy_SCB_Write
 .text.Cy_SCB_WriteArrayNoCheck
                0x100820b0       0x38 .\CortexM4\ARM_GCC_541\Debug\cy_scb_common.o
                0x100820b0                Cy_SCB_WriteArrayNoCheck
 .text.Cy_SCB_WriteArray
                0x100820e8       0x2c .\CortexM4\ARM_GCC_541\Debug\cy_scb_common.o
                0x100820e8                Cy_SCB_WriteArray
 .text.Cy_SCB_SPI_Init
                0x10082114      0x28c .\CortexM4\ARM_GCC_541\Debug\cy_scb_spi.o
                0x10082114                Cy_SCB_SPI_Init
 .text.HandleDataTransmit
                0x100823a0       0xdc .\CortexM4\ARM_GCC_541\Debug\cy_scb_uart.o
 .text.HandleDataReceive
                0x1008247c       0xf8 .\CortexM4\ARM_GCC_541\Debug\cy_scb_uart.o
 .text.Cy_SCB_UART_Init
                0x10082574      0x370 .\CortexM4\ARM_GCC_541\Debug\cy_scb_uart.o
                0x10082574                Cy_SCB_UART_Init
 .text.Cy_SCB_UART_GetNumInRingBuffer
                0x100828e4       0x18 .\CortexM4\ARM_GCC_541\Debug\cy_scb_uart.o
                0x100828e4                Cy_SCB_UART_GetNumInRingBuffer
 .text.HandleRingBuffer
                0x100828fc       0xcc .\CortexM4\ARM_GCC_541\Debug\cy_scb_uart.o
 .text.Cy_SCB_UART_Interrupt
                0x100829c8       0xe8 .\CortexM4\ARM_GCC_541\Debug\cy_scb_uart.o
                0x100829c8                Cy_SCB_UART_Interrupt
 .text.Cy_Flash_ProcessOpcode
                0x10082ab0       0xac .\CortexM4\ARM_GCC_541\Debug\cy_flash.o
 .text.Cy_Flash_OperationStatus
                0x10082b5c       0x44 .\CortexM4\ARM_GCC_541\Debug\cy_flash.o
 .text.Cy_Flash_Init
                0x10082ba0       0x4c .\CortexM4\ARM_GCC_541\Debug\cy_flash.o
                0x10082ba0                Cy_Flash_Init
 .text.Cy_SysPm_RegisterCallback
                0x10082bec       0x70 .\CortexM4\ARM_GCC_541\Debug\cy_syspm.o
                0x10082bec                Cy_SysPm_RegisterCallback
 .text.Cy_SysPm_UnregisterCallback
                0x10082c5c       0x60 .\CortexM4\ARM_GCC_541\Debug\cy_syspm.o
                0x10082c5c                Cy_SysPm_UnregisterCallback
 .text.Cy_SysLib_Delay
                0x10082cbc       0x30 .\CortexM4\ARM_GCC_541\Debug\cy_syslib.o
                0x10082cbc                Cy_SysLib_Delay
 .text.Cy_SysLib_DelayUs
                0x10082cec       0x14 .\CortexM4\ARM_GCC_541\Debug\cy_syslib.o
                0x10082cec                Cy_SysLib_DelayUs
 .text.Cy_SysLib_Halt
                0x10082d00        0x4 .\CortexM4\ARM_GCC_541\Debug\cy_syslib.o
                0x10082d00                Cy_SysLib_Halt
 .text.Cy_SysLib_AssertFailed
                0x10082d04       0x1c .\CortexM4\ARM_GCC_541\Debug\cy_syslib.o
                0x10082d04                Cy_SysLib_AssertFailed
 .text.Cy_SysLib_ProcessingFault
                0x10082d20        0x4 .\CortexM4\ARM_GCC_541\Debug\cy_syslib.o
                0x10082d20                Cy_SysLib_ProcessingFault
 .text.Cy_SysLib_FaultHandler
                0x10082d24       0xa4 .\CortexM4\ARM_GCC_541\Debug\cy_syslib.o
                0x10082d24                Cy_SysLib_FaultHandler
 .text          0x10082dc8       0x20 .\CortexM4\ARM_GCC_541\Debug\cy_syslib_gcc.o
                0x10082dc8                Cy_SysLib_DelayCycles
                0x10082dda                Cy_SysLib_EnterCriticalSection
                0x10082de2                Cy_SysLib_ExitCriticalSection
 .text.Cy_SysTick_ServiceCallbacks
                0x10082de8       0x2c .\CortexM4\ARM_GCC_541\Debug\cy_systick.o
 .text.Cy_SysTick_Enable
                0x10082e14       0x18 .\CortexM4\ARM_GCC_541\Debug\cy_systick.o
                0x10082e14                Cy_SysTick_Enable
 .text.Cy_SysTick_SetClockSource
                0x10082e2c       0x30 .\CortexM4\ARM_GCC_541\Debug\cy_systick.o
                0x10082e2c                Cy_SysTick_SetClockSource
 .text.Cy_SysTick_Init
                0x10082e5c       0x44 .\CortexM4\ARM_GCC_541\Debug\cy_systick.o
                0x10082e5c                Cy_SysTick_Init
 .text.Cy_SysTick_SetCallback
                0x10082ea0       0x1c .\CortexM4\ARM_GCC_541\Debug\cy_systick.o
                0x10082ea0                Cy_SysTick_SetCallback
 .text.Cy_DMA_Descriptor_Init
                0x10082ebc      0x21c .\CortexM4\ARM_GCC_541\Debug\cy_dma.o
                0x10082ebc                Cy_DMA_Descriptor_Init
 .text.Cy_DMA_Channel_Init
                0x100830d8       0x94 .\CortexM4\ARM_GCC_541\Debug\cy_dma.o
                0x100830d8                Cy_DMA_Channel_Init
 .text.Cy_DMA_Descriptor_SetNextDescriptor
                0x1008316c       0x30 .\CortexM4\ARM_GCC_541\Debug\cy_dma.o
                0x1008316c                Cy_DMA_Descriptor_SetNextDescriptor
 .text.Cy_SAR_Init
                0x1008319c      0x1e8 .\CortexM4\ARM_GCC_541\Debug\cy_sar.o
                0x1008319c                Cy_SAR_Init
 .text.Cy_SAR_DeInit
                0x10083384       0x70 .\CortexM4\ARM_GCC_541\Debug\cy_sar.o
                0x10083384                Cy_SAR_DeInit
 .text.Cy_SAR_Enable
                0x100833f4       0x20 .\CortexM4\ARM_GCC_541\Debug\cy_sar.o
                0x100833f4                Cy_SAR_Enable
 .text.Cy_SAR_StartConvert
                0x10083414       0x2c .\CortexM4\ARM_GCC_541\Debug\cy_sar.o
                0x10083414                Cy_SAR_StartConvert
 .text.Cy_SAR_StopConvert
                0x10083440       0x14 .\CortexM4\ARM_GCC_541\Debug\cy_sar.o
                0x10083440                Cy_SAR_StopConvert
 .text.Cy_SAR_IsEndConversion
                0x10083454       0x64 .\CortexM4\ARM_GCC_541\Debug\cy_sar.o
                0x10083454                Cy_SAR_IsEndConversion
 .text.Cy_SAR_IsChannelSingleEnded
                0x100834b8       0x34 .\CortexM4\ARM_GCC_541\Debug\cy_sar.o
                0x100834b8                Cy_SAR_IsChannelSingleEnded
 .text.Cy_SAR_IsChannelSigned
                0x100834ec       0x54 .\CortexM4\ARM_GCC_541\Debug\cy_sar.o
                0x100834ec                Cy_SAR_IsChannelSigned
 .text.Cy_SAR_GetResult16
                0x10083540       0x2c .\CortexM4\ARM_GCC_541\Debug\cy_sar.o
                0x10083540                Cy_SAR_GetResult16
 .text.Cy_SAR_RawCounts2Counts
                0x1008356c       0x80 .\CortexM4\ARM_GCC_541\Debug\cy_sar.o
                0x1008356c                Cy_SAR_RawCounts2Counts
 .text.Cy_SAR_CountsTo_Volts
                0x100835ec       0x6c .\CortexM4\ARM_GCC_541\Debug\cy_sar.o
                0x100835ec                Cy_SAR_CountsTo_Volts
 .text.Cy_BLE_DeepSleepCallback
                0x10083658       0x8c .\CortexM4\ARM_GCC_541\Debug\cy_ble.o
                0x10083658                Cy_BLE_DeepSleepCallback
 .text.Cy_BLE_SleepCallback
                0x100836e4       0x68 .\CortexM4\ARM_GCC_541\Debug\cy_ble.o
                0x100836e4                Cy_BLE_SleepCallback
 .text.Cy_BLE_UnregisterHostPMCallbacks
                0x1008374c       0x18 .\CortexM4\ARM_GCC_541\Debug\cy_ble.o
                0x1008374c                Cy_BLE_UnregisterHostPMCallbacks
 .text.Cy_BLE_Init
                0x10083764       0x60 .\CortexM4\ARM_GCC_541\Debug\cy_ble.o
                0x10083764                Cy_BLE_Init
 .text.Cy_BLE_Enable
                0x100837c4      0x108 .\CortexM4\ARM_GCC_541\Debug\cy_ble.o
                0x100837c4                Cy_BLE_Enable
 .text.Cy_BLE_IPC_HostMsgFlushRecvCallBack
                0x100838cc       0x1c .\CortexM4\ARM_GCC_541\Debug\cy_ble_hal_pvt.o
 .text.Cy_BLE_IPC_HostMsgRecvCallBack
                0x100838e8       0x1c .\CortexM4\ARM_GCC_541\Debug\cy_ble_hal_pvt.o
 .text.Cy_BLE_HAL_BlockCalcCRC8
                0x10083904       0x34 .\CortexM4\ARM_GCC_541\Debug\cy_ble_hal_pvt.o
                0x10083904                Cy_BLE_HAL_BlockCalcCRC8
 .text.Cy_BLE_HAL_CalcCRC8
                0x10083938        0xc .\CortexM4\ARM_GCC_541\Debug\cy_ble_hal_pvt.o
                0x10083938                Cy_BLE_HAL_CalcCRC8
 .text.Cy_BLE_HAL_EnterCriticalSection
                0x10083944        0x8 .\CortexM4\ARM_GCC_541\Debug\cy_ble_hal_pvt.o
                0x10083944                Cy_BLE_HAL_EnterCriticalSection
 .text.Cy_BLE_HAL_ExitCriticalSection
                0x1008394c        0x8 .\CortexM4\ARM_GCC_541\Debug\cy_ble_hal_pvt.o
                0x1008394c                Cy_BLE_HAL_ExitCriticalSection
 .text.Cy_BLE_Ipc_Cypipe_Isr_Enable
                0x10083954        0xc .\CortexM4\ARM_GCC_541\Debug\cy_ble_hal_pvt.o
                0x10083954                Cy_BLE_Ipc_Cypipe_Isr_Enable
 .text.Cy_BLE_HAL_EnableGlobalInterrupts
                0x10083960        0x8 .\CortexM4\ARM_GCC_541\Debug\cy_ble_hal_pvt.o
                0x10083960                Cy_BLE_HAL_EnableGlobalInterrupts
 .text.Cy_BLE_Ipc_Cypipe_Isr_Disable
                0x10083968        0xc .\CortexM4\ARM_GCC_541\Debug\cy_ble_hal_pvt.o
                0x10083968                Cy_BLE_Ipc_Cypipe_Isr_Disable
 .text.Cy_BLE_HAL_DisableGlobalInterrupts
                0x10083974        0x8 .\CortexM4\ARM_GCC_541\Debug\cy_ble_hal_pvt.o
                0x10083974                Cy_BLE_HAL_DisableGlobalInterrupts
 .text.Cy_BLE_IPC_HostRegisterClientCallbacks
                0x1008397c       0x34 .\CortexM4\ARM_GCC_541\Debug\cy_ble_hal_pvt.o
                0x1008397c                Cy_BLE_IPC_HostRegisterClientCallbacks
 .text.Cy_BLE_IPC_SendMessageToController
                0x100839b0       0x20 .\CortexM4\ARM_GCC_541\Debug\cy_ble_hal_pvt.o
                0x100839b0                Cy_BLE_IPC_SendMessageToController
 .text.Cy_BLE_HAL_EccHeapInit
                0x100839d0        0x4 .\CortexM4\ARM_GCC_541\Debug\cy_ble_hal_pvt.o
                0x100839d0                Cy_BLE_HAL_EccHeapInit
 .text.Cy_BLE_HAL_EccHeapDeInit
                0x100839d4        0x4 .\CortexM4\ARM_GCC_541\Debug\cy_ble_hal_pvt.o
                0x100839d4                Cy_BLE_HAL_EccHeapDeInit
 .text.Cy_BLE_HAL_EccGetFeatureHeapReq
                0x100839d8        0x4 .\CortexM4\ARM_GCC_541\Debug\cy_ble_hal_pvt.o
                0x100839d8                Cy_BLE_HAL_EccGetFeatureHeapReq
 .text.Cy_BLE_HAL_PairingLocalPublicKeyHandler
                0x100839dc        0x8 .\CortexM4\ARM_GCC_541\Debug\cy_ble_hal_pvt.o
                0x100839dc                Cy_BLE_HAL_PairingLocalPublicKeyHandler
 .text.Cy_BLE_HAL_PairingRemoteKeyHandler
                0x100839e4        0x8 .\CortexM4\ARM_GCC_541\Debug\cy_ble_hal_pvt.o
                0x100839e4                Cy_BLE_HAL_PairingRemoteKeyHandler
 .text.Cy_BLE_HAL_PairingDhkeyHandler
                0x100839ec        0x8 .\CortexM4\ARM_GCC_541\Debug\cy_ble_hal_pvt.o
                0x100839ec                Cy_BLE_HAL_PairingDhkeyHandler
 .text.Cy_BLE_HAL_PairingDhkeyCheckHandler
                0x100839f4        0x8 .\CortexM4\ARM_GCC_541\Debug\cy_ble_hal_pvt.o
                0x100839f4                Cy_BLE_HAL_PairingDhkeyCheckHandler
 .text.Cy_BLE_HAL_PairingKeypressNotificationHandler
                0x100839fc        0x8 .\CortexM4\ARM_GCC_541\Debug\cy_ble_hal_pvt.o
                0x100839fc                Cy_BLE_HAL_PairingKeypressNotificationHandler
 .text.Cy_BLE_HAL_PairingRandHandler
                0x10083a04        0x8 .\CortexM4\ARM_GCC_541\Debug\cy_ble_hal_pvt.o
                0x10083a04                Cy_BLE_HAL_PairingRandHandler
 .text.Cy_BLE_HAL_PairingConfirmHandler
                0x10083a0c        0x8 .\CortexM4\ARM_GCC_541\Debug\cy_ble_hal_pvt.o
                0x10083a0c                Cy_BLE_HAL_PairingConfirmHandler
 .text.Cy_BLE_HAL_PairingLrConfirmingHandler
                0x10083a14        0x8 .\CortexM4\ARM_GCC_541\Debug\cy_ble_hal_pvt.o
                0x10083a14                Cy_BLE_HAL_PairingLrConfirmingHandler
 .text.Cy_BLE_HAL_PairingScTbxLocalPubkeyGenerateComplete
                0x10083a1c        0x8 .\CortexM4\ARM_GCC_541\Debug\cy_ble_hal_pvt.o
                0x10083a1c                Cy_BLE_HAL_PairingScTbxLocalPubkeyGenerateComplete
 .text.Cy_BLE_HAL_PairingScTbxGenerateLocalP256PublicKey
                0x10083a24        0x8 .\CortexM4\ARM_GCC_541\Debug\cy_ble_hal_pvt.o
                0x10083a24                Cy_BLE_HAL_PairingScTbxGenerateLocalP256PublicKey
 .text.Cy_BLE_HAL_SeSmpScUserPasskeyHandler
                0x10083a2c        0x8 .\CortexM4\ARM_GCC_541\Debug\cy_ble_hal_pvt.o
                0x10083a2c                Cy_BLE_HAL_SeSmpScUserPasskeyHandler
 .text.Cy_BLE_HAL_EccPointMult
                0x10083a34        0x4 .\CortexM4\ARM_GCC_541\Debug\cy_ble_hal_pvt.o
                0x10083a34                Cy_BLE_HAL_EccPointMult
 .text.Cy_BLE_ServiceInit
                0x10083a38       0x18 .\CortexM4\ARM_GCC_541\Debug\cy_ble_gap.o
                0x10083a38                Cy_BLE_ServiceInit
 .text.Cy_BLE_GAPP_StartAdvertisement
                0x10083a50      0x120 .\CortexM4\ARM_GCC_541\Debug\cy_ble_gap.o
                0x10083a50                Cy_BLE_GAPP_StartAdvertisement
 .text.Cy_BLE_ChangeAdDeviceAddress
                0x10083b70       0x5c .\CortexM4\ARM_GCC_541\Debug\cy_ble_gap.o
                0x10083b70                Cy_BLE_ChangeAdDeviceAddress
 .text.Cy_BLE_GATTS_WriteAttributeValueCCCD
                0x10083bcc       0x6c .\CortexM4\ARM_GCC_541\Debug\cy_ble_gatt.o
                0x10083bcc                Cy_BLE_GATTS_WriteAttributeValueCCCD
 .text.Cy_BLE_GATTS_WriteEventHandler
                0x10083c38       0x84 .\CortexM4\ARM_GCC_541\Debug\cy_ble_gatt.o
                0x10083c38                Cy_BLE_GATTS_WriteEventHandler
 .text.Cy_BLE_GATTS_ReadAttributeValueCCCDReqHandler
                0x10083cbc       0x58 .\CortexM4\ARM_GCC_541\Debug\cy_ble_gatt.o
                0x10083cbc                Cy_BLE_GATTS_ReadAttributeValueCCCDReqHandler
 .text.Cy_BLE_SendWriteResponse
                0x10083d14       0x40 .\CortexM4\ARM_GCC_541\Debug\cy_ble_event_handler.o
 .text.Cy_BLE_RegisterServiceEventHandler
                0x10083d54       0x60 .\CortexM4\ARM_GCC_541\Debug\cy_ble_event_handler.o
                0x10083d54                Cy_BLE_RegisterServiceEventHandler
 .text.Cy_BLE_InvokeServiceEventHandler
                0x10083db4       0x38 .\CortexM4\ARM_GCC_541\Debug\cy_ble_event_handler.o
                0x10083db4                Cy_BLE_InvokeServiceEventHandler
 .text.Cy_BLE_IsDeviceAddressValid
                0x10083dec       0x20 .\CortexM4\ARM_GCC_541\Debug\cy_ble_event_handler.o
                0x10083dec                Cy_BLE_IsDeviceAddressValid
 .text.Cy_BLE_EventHandler
                0x10083e0c      0x6a4 .\CortexM4\ARM_GCC_541\Debug\cy_ble_event_handler.o
                0x10083e0c                Cy_BLE_EventHandler
 .text.Cy_BLE_CUSTOM_EventHandler
                0x100844b0        0x4 .\CortexM4\ARM_GCC_541\Debug\cy_ble_custom.o
 .text.Cy_BLE_CUSTOM_Init
                0x100844b4       0x20 .\CortexM4\ARM_GCC_541\Debug\cy_ble_custom.o
                0x100844b4                Cy_BLE_CUSTOM_Init
 .text.Cy_BLE_DIS_EventHandler
                0x100844d4        0x4 .\CortexM4\ARM_GCC_541\Debug\cy_ble_dis.o
 .text.Cy_BLE_DIS_Init
                0x100844d8       0x20 .\CortexM4\ARM_GCC_541\Debug\cy_ble_dis.o
                0x100844d8                Cy_BLE_DIS_Init
 .text._write   0x100844f8       0x24 .\CortexM4\ARM_GCC_541\Debug\retarget.o
                0x100844f8                _write
 .text._read    0x1008451c       0x28 .\CortexM4\ARM_GCC_541\Debug\retarget.o
                0x1008451c                _read
 .text.AMux_2_Set
                0x10084544       0x50 .\CortexM4\ARM_GCC_541\Debug\cyfitter_amux.o
                0x10084544                AMux_2_Set
 .text.AMux_2_Unset
                0x10084594       0x50 .\CortexM4\ARM_GCC_541\Debug\cyfitter_amux.o
                0x10084594                AMux_2_Unset
 .text.AMux_1_Set
                0x100845e4       0x60 .\CortexM4\ARM_GCC_541\Debug\cyfitter_amux.o
                0x100845e4                AMux_1_Set
 .text.AMux_1_Unset
                0x10084644       0x60 .\CortexM4\ARM_GCC_541\Debug\cyfitter_amux.o
                0x10084644                AMux_1_Unset
 .text.AMux_1_Start
                0x100846a4       0x20 .\CortexM4\ARM_GCC_541\Debug\AMux_1.o
                0x100846a4                AMux_1_Start
 .text.AMux_1_FastSelect
                0x100846c4       0x20 .\CortexM4\ARM_GCC_541\Debug\AMux_1.o
                0x100846c4                AMux_1_FastSelect
 .text.ADC_1_InitConfig
                0x100846e4       0x58 .\CortexM4\ARM_GCC_541\Debug\ADC_1.o
                0x100846e4                ADC_1_InitConfig
 .text.ADC_1_StartConvert
                0x1008473c       0x24 .\CortexM4\ARM_GCC_541\Debug\ADC_1.o
                0x1008473c                ADC_1_StartConvert
 .text.ADC_1_IsEndConversion
                0x10084760       0x18 .\CortexM4\ARM_GCC_541\Debug\ADC_1.o
                0x10084760                ADC_1_IsEndConversion
 .text.ADC_1_Init
                0x10084778       0x34 .\CortexM4\ARM_GCC_541\Debug\ADC_1.o
                0x10084778                ADC_1_Init
 .text.ADC_1_Start
                0x100847ac       0x2c .\CortexM4\ARM_GCC_541\Debug\ADC_1.o
                0x100847ac                ADC_1_Start
 .text.ADC_1_ISR
                0x100847d8       0x30 .\CortexM4\ARM_GCC_541\Debug\ADC_1_INT.o
                0x100847d8                ADC_1_ISR
 .text.AMux_2_Start
                0x10084808       0x20 .\CortexM4\ARM_GCC_541\Debug\AMux_2.o
                0x10084808                AMux_2_Start
 .text.AMux_2_FastSelect
                0x10084828       0x20 .\CortexM4\ARM_GCC_541\Debug\AMux_2.o
                0x10084828                AMux_2_FastSelect
 .text          0x10084848      0x370 c:/program files (x86)/cypress/psoc creator/4.4/psoc creator/import/gnu/arm/5.4.1/bin/../lib/gcc/arm-none-eabi/5.4.1/armv7e-m/softfp\libgcc.a(_arm_addsubdf3.o)
                0x10084848                __aeabi_drsub
                0x10084850                __aeabi_dsub
                0x10084850                __subdf3
                0x10084854                __aeabi_dadd
                0x10084854                __adddf3
                0x10084acc                __floatunsidf
                0x10084acc                __aeabi_ui2d
                0x10084aec                __floatsidf
                0x10084aec                __aeabi_i2d
                0x10084b10                __aeabi_f2d
                0x10084b10                __extendsfdf2
                0x10084b4c                __floatundidf
                0x10084b4c                __aeabi_ul2d
                0x10084b5c                __floatdidf
                0x10084b5c                __aeabi_l2d
 .text          0x10084bb8      0x424 c:/program files (x86)/cypress/psoc creator/4.4/psoc creator/import/gnu/arm/5.4.1/bin/../lib/gcc/arm-none-eabi/5.4.1/armv7e-m/softfp\libgcc.a(_arm_muldivdf3.o)
                0x10084bb8                __aeabi_dmul
                0x10084bb8                __muldf3
                0x10084e0c                __divdf3
                0x10084e0c                __aeabi_ddiv
 .text          0x10084fdc       0x40 c:/program files (x86)/cypress/psoc creator/4.4/psoc creator/import/gnu/arm/5.4.1/bin/../lib/gcc/arm-none-eabi/5.4.1/armv7e-m/softfp\libgcc.a(_arm_fixunsdfsi.o)
                0x10084fdc                __aeabi_d2uiz
                0x10084fdc                __fixunsdfsi
 .text.memcmp   0x1008501c       0x1e c:/program files (x86)/cypress/psoc creator/4.4/psoc creator/import/gnu/arm/5.4.1/bin/../lib/gcc/arm-none-eabi/5.4.1/../../../../arm-none-eabi/lib/armv7e-m/softfp\libg_nano.a(lib_a-memcmp.o)
                0x1008501c                memcmp
 .text.memcpy   0x1008503a       0x16 c:/program files (x86)/cypress/psoc creator/4.4/psoc creator/import/gnu/arm/5.4.1/bin/../lib/gcc/arm-none-eabi/5.4.1/../../../../arm-none-eabi/lib/armv7e-m/softfp\libg_nano.a(lib_a-memcpy-stub.o)
                0x1008503a                memcpy
 .text.memset   0x10085050       0x10 c:/program files (x86)/cypress/psoc creator/4.4/psoc creator/import/gnu/arm/5.4.1/bin/../lib/gcc/arm-none-eabi/5.4.1/../../../../arm-none-eabi/lib/armv7e-m/softfp\libg_nano.a(lib_a-memset.o)
                0x10085050                memset
 .text.__cvt    0x10085060       0xc2 c:/program files (x86)/cypress/psoc creator/4.4/psoc creator/import/gnu/arm/5.4.1/bin/../lib/gcc/arm-none-eabi/5.4.1/../../../../arm-none-eabi/lib/armv7e-m/softfp\libg_nano.a(lib_a-nano-vfprintf_float.o)
                0x10085060                __cvt
 .text.__exponent
                0x10085122       0x60 c:/program files (x86)/cypress/psoc creator/4.4/psoc creator/import/gnu/arm/5.4.1/bin/../lib/gcc/arm-none-eabi/5.4.1/../../../../arm-none-eabi/lib/armv7e-m/softfp\libg_nano.a(lib_a-nano-vfprintf_float.o)
                0x10085122                __exponent
 *fill*         0x10085182        0x2 
 .text._printf_float
                0x10085184      0x488 c:/program files (x86)/cypress/psoc creator/4.4/psoc creator/import/gnu/arm/5.4.1/bin/../lib/gcc/arm-none-eabi/5.4.1/../../../../arm-none-eabi/lib/armv7e-m/softfp\libg_nano.a(lib_a-nano-vfprintf_float.o)
                0x10085184                _printf_float
 .text._printf_common
                0x1008560c       0xec c:/program files (x86)/cypress/psoc creator/4.4/psoc creator/import/gnu/arm/5.4.1/bin/../lib/gcc/arm-none-eabi/5.4.1/../../../../arm-none-eabi/lib/armv7e-m/softfp\libg_nano.a(lib_a-nano-vfprintf_i.o)
                0x1008560c                _printf_common
 .text._printf_i
                0x100856f8      0x24c c:/program files (x86)/cypress/psoc creator/4.4/psoc creator/import/gnu/arm/5.4.1/bin/../lib/gcc/arm-none-eabi/5.4.1/../../../../arm-none-eabi/lib/armv7e-m/softfp\libg_nano.a(lib_a-nano-vfprintf_i.o)
                0x100856f8                _printf_i
 .text.printf   0x10085944       0x30 c:/program files (x86)/cypress/psoc creator/4.4/psoc creator/import/gnu/arm/5.4.1/bin/../lib/gcc/arm-none-eabi/5.4.1/../../../../arm-none-eabi/lib/armv7e-m/softfp\libg_nano.a(lib_a-printf.o)
                0x10085944                iprintf
                0x10085944                printf
 .text.putchar  0x10085974       0x28 c:/program files (x86)/cypress/psoc creator/4.4/psoc creator/import/gnu/arm/5.4.1/bin/../lib/gcc/arm-none-eabi/5.4.1/../../../../arm-none-eabi/lib/armv7e-m/softfp\libg_nano.a(lib_a-putchar.o)
                0x10085974                putchar
 .text._puts_r  0x1008599c       0xb4 c:/program files (x86)/cypress/psoc creator/4.4/psoc creator/import/gnu/arm/5.4.1/bin/../lib/gcc/arm-none-eabi/5.4.1/../../../../arm-none-eabi/lib/armv7e-m/softfp\libg_nano.a(lib_a-puts.o)
                0x1008599c                _puts_r
 .text.puts     0x10085a50       0x10 c:/program files (x86)/cypress/psoc creator/4.4/psoc creator/import/gnu/arm/5.4.1/bin/../lib/gcc/arm-none-eabi/5.4.1/../../../../arm-none-eabi/lib/armv7e-m/softfp\libg_nano.a(lib_a-puts.o)
                0x10085a50                puts
 .text.setvbuf  0x10085a60      0x154 c:/program files (x86)/cypress/psoc creator/4.4/psoc creator/import/gnu/arm/5.4.1/bin/../lib/gcc/arm-none-eabi/5.4.1/../../../../arm-none-eabi/lib/armv7e-m/softfp\libg_nano.a(lib_a-setvbuf.o)
                0x10085a60                setvbuf
 .text          0x10085bb4       0x10 c:/program files (x86)/cypress/psoc creator/4.4/psoc creator/import/gnu/arm/5.4.1/bin/../lib/gcc/arm-none-eabi/5.4.1/../../../../arm-none-eabi/lib/armv7e-m/softfp\libg_nano.a(lib_a-strlen.o)
                0x10085bb4                strlen
 .text.strncpy  0x10085bc4       0x26 c:/program files (x86)/cypress/psoc creator/4.4/psoc creator/import/gnu/arm/5.4.1/bin/../lib/gcc/arm-none-eabi/5.4.1/../../../../arm-none-eabi/lib/armv7e-m/softfp\libg_nano.a(lib_a-strncpy.o)
                0x10085bc4                strncpy
 *fill*         0x10085bea        0x2 
 .text.__swbuf_r
                0x10085bec       0xa8 c:/program files (x86)/cypress/psoc creator/4.4/psoc creator/import/gnu/arm/5.4.1/bin/../lib/gcc/arm-none-eabi/5.4.1/../../../../arm-none-eabi/lib/armv7e-m/softfp\libg_nano.a(lib_a-wbuf.o)
                0x10085bec                __swbuf_r
 .text.__swsetup_r
                0x10085c94       0xdc c:/program files (x86)/cypress/psoc creator/4.4/psoc creator/import/gnu/arm/5.4.1/bin/../lib/gcc/arm-none-eabi/5.4.1/../../../../arm-none-eabi/lib/armv7e-m/softfp\libg_nano.a(lib_a-wsetup.o)
                0x10085c94                __swsetup_r
 .text.quorem   0x10085d70      0x11e c:/program files (x86)/cypress/psoc creator/4.4/psoc creator/import/gnu/arm/5.4.1/bin/../lib/gcc/arm-none-eabi/5.4.1/../../../../arm-none-eabi/lib/armv7e-m/softfp\libg_nano.a(lib_a-dtoa.o)
 *fill*         0x10085e8e        0x2 
 .text._dtoa_r  0x10085e90      0xb38 c:/program files (x86)/cypress/psoc creator/4.4/psoc creator/import/gnu/arm/5.4.1/bin/../lib/gcc/arm-none-eabi/5.4.1/../../../../arm-none-eabi/lib/armv7e-m/softfp\libg_nano.a(lib_a-dtoa.o)
                0x10085e90                _dtoa_r
 .text.__sflush_r
                0x100869c8      0x110 c:/program files (x86)/cypress/psoc creator/4.4/psoc creator/import/gnu/arm/5.4.1/bin/../lib/gcc/arm-none-eabi/5.4.1/../../../../arm-none-eabi/lib/armv7e-m/softfp\libg_nano.a(lib_a-fflush.o)
                0x100869c8                __sflush_r
 .text._fflush_r
                0x10086ad8       0x54 c:/program files (x86)/cypress/psoc creator/4.4/psoc creator/import/gnu/arm/5.4.1/bin/../lib/gcc/arm-none-eabi/5.4.1/../../../../arm-none-eabi/lib/armv7e-m/softfp\libg_nano.a(lib_a-fflush.o)
                0x10086ad8                _fflush_r
 .text._cleanup_r
                0x10086b2c        0xc c:/program files (x86)/cypress/psoc creator/4.4/psoc creator/import/gnu/arm/5.4.1/bin/../lib/gcc/arm-none-eabi/5.4.1/../../../../arm-none-eabi/lib/armv7e-m/softfp\libg_nano.a(lib_a-findfp.o)
                0x10086b2c                _cleanup_r
 .text.std.isra.0
                0x10086b38       0x48 c:/program files (x86)/cypress/psoc creator/4.4/psoc creator/import/gnu/arm/5.4.1/bin/../lib/gcc/arm-none-eabi/5.4.1/../../../../arm-none-eabi/lib/armv7e-m/softfp\libg_nano.a(lib_a-findfp.o)
 .text.__sfmoreglue
                0x10086b80       0x2c c:/program files (x86)/cypress/psoc creator/4.4/psoc creator/import/gnu/arm/5.4.1/bin/../lib/gcc/arm-none-eabi/5.4.1/../../../../arm-none-eabi/lib/armv7e-m/softfp\libg_nano.a(lib_a-findfp.o)
                0x10086b80                __sfmoreglue
 .text.__sinit  0x10086bac       0x60 c:/program files (x86)/cypress/psoc creator/4.4/psoc creator/import/gnu/arm/5.4.1/bin/../lib/gcc/arm-none-eabi/5.4.1/../../../../arm-none-eabi/lib/armv7e-m/softfp\libg_nano.a(lib_a-findfp.o)
                0x10086bac                __sinit
 .text.__sfp    0x10086c0c       0x78 c:/program files (x86)/cypress/psoc creator/4.4/psoc creator/import/gnu/arm/5.4.1/bin/../lib/gcc/arm-none-eabi/5.4.1/../../../../arm-none-eabi/lib/armv7e-m/softfp\libg_nano.a(lib_a-findfp.o)
                0x10086c0c                __sfp
 .text._fwalk_reent
                0x10086c84       0x3c c:/program files (x86)/cypress/psoc creator/4.4/psoc creator/import/gnu/arm/5.4.1/bin/../lib/gcc/arm-none-eabi/5.4.1/../../../../arm-none-eabi/lib/armv7e-m/softfp\libg_nano.a(lib_a-fwalk.o)
                0x10086c84                _fwalk_reent
 .text._localeconv_r
                0x10086cc0        0x8 c:/program files (x86)/cypress/psoc creator/4.4/psoc creator/import/gnu/arm/5.4.1/bin/../lib/gcc/arm-none-eabi/5.4.1/../../../../arm-none-eabi/lib/armv7e-m/softfp\libg_nano.a(lib_a-locale.o)
                0x10086cc0                _localeconv_r
 .text.__swhatbuf_r
                0x10086cc8       0x46 c:/program files (x86)/cypress/psoc creator/4.4/psoc creator/import/gnu/arm/5.4.1/bin/../lib/gcc/arm-none-eabi/5.4.1/../../../../arm-none-eabi/lib/armv7e-m/softfp\libg_nano.a(lib_a-makebuf.o)
                0x10086cc8                __swhatbuf_r
 *fill*         0x10086d0e        0x2 
 .text.__smakebuf_r
                0x10086d10       0x78 c:/program files (x86)/cypress/psoc creator/4.4/psoc creator/import/gnu/arm/5.4.1/bin/../lib/gcc/arm-none-eabi/5.4.1/../../../../arm-none-eabi/lib/armv7e-m/softfp\libg_nano.a(lib_a-makebuf.o)
                0x10086d10                __smakebuf_r
 .text.malloc   0x10086d88       0x10 c:/program files (x86)/cypress/psoc creator/4.4/psoc creator/import/gnu/arm/5.4.1/bin/../lib/gcc/arm-none-eabi/5.4.1/../../../../arm-none-eabi/lib/armv7e-m/softfp\libg_nano.a(lib_a-malloc.o)
                0x10086d88                malloc
 *fill*         0x10086d98        0x8 
 .text          0x10086da0       0xa0 c:/program files (x86)/cypress/psoc creator/4.4/psoc creator/import/gnu/arm/5.4.1/bin/../lib/gcc/arm-none-eabi/5.4.1/../../../../arm-none-eabi/lib/armv7e-m/softfp\libg_nano.a(lib_a-memchr.o)
                0x10086da0                memchr
 .text._Balloc  0x10086e40       0x6a c:/program files (x86)/cypress/psoc creator/4.4/psoc creator/import/gnu/arm/5.4.1/bin/../lib/gcc/arm-none-eabi/5.4.1/../../../../arm-none-eabi/lib/armv7e-m/softfp\libg_nano.a(lib_a-mprec.o)
                0x10086e40                _Balloc
 .text._Bfree   0x10086eaa       0x2e c:/program files (x86)/cypress/psoc creator/4.4/psoc creator/import/gnu/arm/5.4.1/bin/../lib/gcc/arm-none-eabi/5.4.1/../../../../arm-none-eabi/lib/armv7e-m/softfp\libg_nano.a(lib_a-mprec.o)
                0x10086eaa                _Bfree
 .text.__multadd
                0x10086ed8       0x76 c:/program files (x86)/cypress/psoc creator/4.4/psoc creator/import/gnu/arm/5.4.1/bin/../lib/gcc/arm-none-eabi/5.4.1/../../../../arm-none-eabi/lib/armv7e-m/softfp\libg_nano.a(lib_a-mprec.o)
                0x10086ed8                __multadd
 .text.__hi0bits
                0x10086f4e       0x40 c:/program files (x86)/cypress/psoc creator/4.4/psoc creator/import/gnu/arm/5.4.1/bin/../lib/gcc/arm-none-eabi/5.4.1/../../../../arm-none-eabi/lib/armv7e-m/softfp\libg_nano.a(lib_a-mprec.o)
                0x10086f4e                __hi0bits
 .text.__lo0bits
                0x10086f8e       0x5a c:/program files (x86)/cypress/psoc creator/4.4/psoc creator/import/gnu/arm/5.4.1/bin/../lib/gcc/arm-none-eabi/5.4.1/../../../../arm-none-eabi/lib/armv7e-m/softfp\libg_nano.a(lib_a-mprec.o)
                0x10086f8e                __lo0bits
 .text.__i2b    0x10086fe8       0x12 c:/program files (x86)/cypress/psoc creator/4.4/psoc creator/import/gnu/arm/5.4.1/bin/../lib/gcc/arm-none-eabi/5.4.1/../../../../arm-none-eabi/lib/armv7e-m/softfp\libg_nano.a(lib_a-mprec.o)
                0x10086fe8                __i2b
 .text.__multiply
                0x10086ffa      0x122 c:/program files (x86)/cypress/psoc creator/4.4/psoc creator/import/gnu/arm/5.4.1/bin/../lib/gcc/arm-none-eabi/5.4.1/../../../../arm-none-eabi/lib/armv7e-m/softfp\libg_nano.a(lib_a-mprec.o)
                0x10086ffa                __multiply
 .text.__pow5mult
                0x1008711c       0x9c c:/program files (x86)/cypress/psoc creator/4.4/psoc creator/import/gnu/arm/5.4.1/bin/../lib/gcc/arm-none-eabi/5.4.1/../../../../arm-none-eabi/lib/armv7e-m/softfp\libg_nano.a(lib_a-mprec.o)
                0x1008711c                __pow5mult
 .text.__lshift
                0x100871b8       0xa2 c:/program files (x86)/cypress/psoc creator/4.4/psoc creator/import/gnu/arm/5.4.1/bin/../lib/gcc/arm-none-eabi/5.4.1/../../../../arm-none-eabi/lib/armv7e-m/softfp\libg_nano.a(lib_a-mprec.o)
                0x100871b8                __lshift
 .text.__mcmp   0x1008725a       0x38 c:/program files (x86)/cypress/psoc creator/4.4/psoc creator/import/gnu/arm/5.4.1/bin/../lib/gcc/arm-none-eabi/5.4.1/../../../../arm-none-eabi/lib/armv7e-m/softfp\libg_nano.a(lib_a-mprec.o)
                0x1008725a                __mcmp
 .text.__mdiff  0x10087292       0xbe c:/program files (x86)/cypress/psoc creator/4.4/psoc creator/import/gnu/arm/5.4.1/bin/../lib/gcc/arm-none-eabi/5.4.1/../../../../arm-none-eabi/lib/armv7e-m/softfp\libg_nano.a(lib_a-mprec.o)
                0x10087292                __mdiff
 .text.__d2b    0x10087350       0x9c c:/program files (x86)/cypress/psoc creator/4.4/psoc creator/import/gnu/arm/5.4.1/bin/../lib/gcc/arm-none-eabi/5.4.1/../../../../arm-none-eabi/lib/armv7e-m/softfp\libg_nano.a(lib_a-mprec.o)
                0x10087350                __d2b
 .text._calloc_r
                0x100873ec       0x1c c:/program files (x86)/cypress/psoc creator/4.4/psoc creator/import/gnu/arm/5.4.1/bin/../lib/gcc/arm-none-eabi/5.4.1/../../../../arm-none-eabi/lib/armv7e-m/softfp\libg_nano.a(lib_a-nano-callocr.o)
                0x100873ec                _calloc_r
 .text._free_r  0x10087408       0x9c c:/program files (x86)/cypress/psoc creator/4.4/psoc creator/import/gnu/arm/5.4.1/bin/../lib/gcc/arm-none-eabi/5.4.1/../../../../arm-none-eabi/lib/armv7e-m/softfp\libg_nano.a(lib_a-nano-freer.o)
                0x10087408                _free_r
 .text._malloc_r
                0x100874a4       0xbc c:/program files (x86)/cypress/psoc creator/4.4/psoc creator/import/gnu/arm/5.4.1/bin/../lib/gcc/arm-none-eabi/5.4.1/../../../../arm-none-eabi/lib/armv7e-m/softfp\libg_nano.a(lib_a-nano-mallocr.o)
                0x100874a4                _malloc_r
 .text.__sfputc_r
                0x10087560       0x30 c:/program files (x86)/cypress/psoc creator/4.4/psoc creator/import/gnu/arm/5.4.1/bin/../lib/gcc/arm-none-eabi/5.4.1/../../../../arm-none-eabi/lib/armv7e-m/softfp\libg_nano.a(lib_a-nano-vfprintf.o)
 .text.__sfputs_r
                0x10087590       0x24 c:/program files (x86)/cypress/psoc creator/4.4/psoc creator/import/gnu/arm/5.4.1/bin/../lib/gcc/arm-none-eabi/5.4.1/../../../../arm-none-eabi/lib/armv7e-m/softfp\libg_nano.a(lib_a-nano-vfprintf.o)
                0x10087590                __sfputs_r
 .text._vfprintf_r
                0x100875b4      0x238 c:/program files (x86)/cypress/psoc creator/4.4/psoc creator/import/gnu/arm/5.4.1/bin/../lib/gcc/arm-none-eabi/5.4.1/../../../../arm-none-eabi/lib/armv7e-m/softfp\libg_nano.a(lib_a-nano-vfprintf.o)
                0x100875b4                _vfprintf_r
                0x100875b4                _vfiprintf_r
 .text._putc_r  0x100877ec       0x6c c:/program files (x86)/cypress/psoc creator/4.4/psoc creator/import/gnu/arm/5.4.1/bin/../lib/gcc/arm-none-eabi/5.4.1/../../../../arm-none-eabi/lib/armv7e-m/softfp\libg_nano.a(lib_a-putc.o)
                0x100877ec                _putc_r
 .text._sbrk_r  0x10087858       0x20 c:/program files (x86)/cypress/psoc creator/4.4/psoc creator/import/gnu/arm/5.4.1/bin/../lib/gcc/arm-none-eabi/5.4.1/../../../../arm-none-eabi/lib/armv7e-m/softfp\libg_nano.a(lib_a-sbrkr.o)
                0x10087858                _sbrk_r
 .text.__sread  0x10087878       0x22 c:/program files (x86)/cypress/psoc creator/4.4/psoc creator/import/gnu/arm/5.4.1/bin/../lib/gcc/arm-none-eabi/5.4.1/../../../../arm-none-eabi/lib/armv7e-m/softfp\libg_nano.a(lib_a-stdio.o)
                0x10087878                __sread
 .text.__swrite
                0x1008789a       0x38 c:/program files (x86)/cypress/psoc creator/4.4/psoc creator/import/gnu/arm/5.4.1/bin/../lib/gcc/arm-none-eabi/5.4.1/../../../../arm-none-eabi/lib/armv7e-m/softfp\libg_nano.a(lib_a-stdio.o)
                0x1008789a                __swrite
 .text.__sseek  0x100878d2       0x24 c:/program files (x86)/cypress/psoc creator/4.4/psoc creator/import/gnu/arm/5.4.1/bin/../lib/gcc/arm-none-eabi/5.4.1/../../../../arm-none-eabi/lib/armv7e-m/softfp\libg_nano.a(lib_a-stdio.o)
                0x100878d2                __sseek
 .text.__sclose
                0x100878f6        0x8 c:/program files (x86)/cypress/psoc creator/4.4/psoc creator/import/gnu/arm/5.4.1/bin/../lib/gcc/arm-none-eabi/5.4.1/../../../../arm-none-eabi/lib/armv7e-m/softfp\libg_nano.a(lib_a-stdio.o)
                0x100878f6                __sclose
 *fill*         0x100878fe        0x2 
 .text._write_r
                0x10087900       0x24 c:/program files (x86)/cypress/psoc creator/4.4/psoc creator/import/gnu/arm/5.4.1/bin/../lib/gcc/arm-none-eabi/5.4.1/../../../../arm-none-eabi/lib/armv7e-m/softfp\libg_nano.a(lib_a-writer.o)
                0x10087900                _write_r
 .text._close_r
                0x10087924       0x20 c:/program files (x86)/cypress/psoc creator/4.4/psoc creator/import/gnu/arm/5.4.1/bin/../lib/gcc/arm-none-eabi/5.4.1/../../../../arm-none-eabi/lib/armv7e-m/softfp\libg_nano.a(lib_a-closer.o)
                0x10087924                _close_r
 .text._fstat_r
                0x10087944       0x24 c:/program files (x86)/cypress/psoc creator/4.4/psoc creator/import/gnu/arm/5.4.1/bin/../lib/gcc/arm-none-eabi/5.4.1/../../../../arm-none-eabi/lib/armv7e-m/softfp\libg_nano.a(lib_a-fstatr.o)
                0x10087944                _fstat_r
 .text._isatty_r
                0x10087968       0x20 c:/program files (x86)/cypress/psoc creator/4.4/psoc creator/import/gnu/arm/5.4.1/bin/../lib/gcc/arm-none-eabi/5.4.1/../../../../arm-none-eabi/lib/armv7e-m/softfp\libg_nano.a(lib_a-isattyr.o)
                0x10087968                _isatty_r
 .text._lseek_r
                0x10087988       0x24 c:/program files (x86)/cypress/psoc creator/4.4/psoc creator/import/gnu/arm/5.4.1/bin/../lib/gcc/arm-none-eabi/5.4.1/../../../../arm-none-eabi/lib/armv7e-m/softfp\libg_nano.a(lib_a-lseekr.o)
                0x10087988                _lseek_r
 .text.__malloc_lock
                0x100879ac        0x2 c:/program files (x86)/cypress/psoc creator/4.4/psoc creator/import/gnu/arm/5.4.1/bin/../lib/gcc/arm-none-eabi/5.4.1/../../../../arm-none-eabi/lib/armv7e-m/softfp\libg_nano.a(lib_a-mlock.o)
                0x100879ac                __malloc_lock
 .text.__malloc_unlock
                0x100879ae        0x2 c:/program files (x86)/cypress/psoc creator/4.4/psoc creator/import/gnu/arm/5.4.1/bin/../lib/gcc/arm-none-eabi/5.4.1/../../../../arm-none-eabi/lib/armv7e-m/softfp\libg_nano.a(lib_a-mlock.o)
                0x100879ae                __malloc_unlock
 .text._read_r  0x100879b0       0x24 c:/program files (x86)/cypress/psoc creator/4.4/psoc creator/import/gnu/arm/5.4.1/bin/../lib/gcc/arm-none-eabi/5.4.1/../../../../arm-none-eabi/lib/armv7e-m/softfp\libg_nano.a(lib_a-readr.o)
                0x100879b0                _read_r
 .text          0x100879d4      0x110 c:/program files (x86)/cypress/psoc creator/4.4/psoc creator/import/gnu/arm/5.4.1/bin/../lib/gcc/arm-none-eabi/5.4.1/armv7e-m/softfp\libgcc.a(_arm_cmpdf2.o)
                0x100879d4                __gtdf2
                0x100879d4                __gedf2
                0x100879dc                __ltdf2
                0x100879dc                __ledf2
                0x100879e4                __nedf2
                0x100879e4                __eqdf2
                0x100879e4                __cmpdf2
                0x10087a60                __aeabi_cdrcmple
                0x10087a70                __aeabi_cdcmpeq
                0x10087a70                __aeabi_cdcmple
                0x10087a80                __aeabi_dcmpeq
                0x10087a94                __aeabi_dcmplt
                0x10087aa8                __aeabi_dcmple
                0x10087abc                __aeabi_dcmpge
                0x10087ad0                __aeabi_dcmpgt
 .text          0x10087ae4       0x2c c:/program files (x86)/cypress/psoc creator/4.4/psoc creator/import/gnu/arm/5.4.1/bin/../lib/gcc/arm-none-eabi/5.4.1/armv7e-m/softfp\libgcc.a(_arm_unorddf2.o)
                0x10087ae4                __unorddf2
                0x10087ae4                __aeabi_dcmpun
 .text          0x10087b10       0x50 c:/program files (x86)/cypress/psoc creator/4.4/psoc creator/import/gnu/arm/5.4.1/bin/../lib/gcc/arm-none-eabi/5.4.1/armv7e-m/softfp\libgcc.a(_arm_fixdfsi.o)
                0x10087b10                __aeabi_d2iz
                0x10087b10                __fixdfsi
 .text._close   0x10087b60       0x10 c:/program files (x86)/cypress/psoc creator/4.4/psoc creator/import/gnu/arm/5.4.1/bin/../lib/gcc/arm-none-eabi/5.4.1/../../../../arm-none-eabi/lib/armv7e-m/softfp\libnosys.a(close.o)
                0x10087b60                _close
 .text._fstat   0x10087b70       0x10 c:/program files (x86)/cypress/psoc creator/4.4/psoc creator/import/gnu/arm/5.4.1/bin/../lib/gcc/arm-none-eabi/5.4.1/../../../../arm-none-eabi/lib/armv7e-m/softfp\libnosys.a(fstat.o)
                0x10087b70                _fstat
 .text._isatty  0x10087b80       0x10 c:/program files (x86)/cypress/psoc creator/4.4/psoc creator/import/gnu/arm/5.4.1/bin/../lib/gcc/arm-none-eabi/5.4.1/../../../../arm-none-eabi/lib/armv7e-m/softfp\libnosys.a(isatty.o)
                0x10087b80                _isatty
 .text._lseek   0x10087b90       0x10 c:/program files (x86)/cypress/psoc creator/4.4/psoc creator/import/gnu/arm/5.4.1/bin/../lib/gcc/arm-none-eabi/5.4.1/../../../../arm-none-eabi/lib/armv7e-m/softfp\libnosys.a(lseek.o)
                0x10087b90                _lseek
 .text._sbrk    0x10087ba0       0x1c c:/program files (x86)/cypress/psoc creator/4.4/psoc creator/import/gnu/arm/5.4.1/bin/../lib/gcc/arm-none-eabi/5.4.1/../../../../arm-none-eabi/lib/armv7e-m/softfp\libnosys.a(sbrk.o)
                0x10087ba0                _sbrk
 *(.init)
 .init          0x10087bbc        0x4 c:/program files (x86)/cypress/psoc creator/4.4/psoc creator/import/gnu/arm/5.4.1/bin/../lib/gcc/arm-none-eabi/5.4.1/armv7e-m/softfp/crti.o
                0x10087bbc                _init
 .init          0x10087bc0        0x8 c:/program files (x86)/cypress/psoc creator/4.4/psoc creator/import/gnu/arm/5.4.1/bin/../lib/gcc/arm-none-eabi/5.4.1/armv7e-m/softfp/crtn.o
 *(.fini)
 .fini          0x10087bc8        0x4 c:/program files (x86)/cypress/psoc creator/4.4/psoc creator/import/gnu/arm/5.4.1/bin/../lib/gcc/arm-none-eabi/5.4.1/armv7e-m/softfp/crti.o
                0x10087bc8                _fini
 .fini          0x10087bcc        0x8 c:/program files (x86)/cypress/psoc creator/4.4/psoc creator/import/gnu/arm/5.4.1/bin/../lib/gcc/arm-none-eabi/5.4.1/armv7e-m/softfp/crtn.o
 *crtbegin.o(.ctors)
 *crtbegin?.o(.ctors)
 *(EXCLUDE_FILE(*crtend.o *crtend?.o) .ctors)
 *(SORT(.ctors.*))
 *(.ctors)
 *crtbegin.o(.dtors)
 *crtbegin?.o(.dtors)
 *(EXCLUDE_FILE(*crtend.o *crtend?.o) .dtors)
 *(SORT(.dtors.*))
 *(.dtors)
 *(.rodata .rodata.* .constdata .constdata.* .conststring .conststring.*)
 .rodata        0x10087bd4       0x30 .\CortexM4\ARM_GCC_541\Debug\ledTask.o
 .rodata.str1.4
                0x10087c04       0xaa .\CortexM4\ARM_GCC_541\Debug\ledTask.o
 *fill*         0x10087cae        0x2 
 .rodata.str1.4
                0x10087cb0      0x8a7 .\CortexM4\ARM_GCC_541\Debug\host_main.o
                                0x8ab (size before relaxing)
 *fill*         0x10088557        0x1 
 .rodata        0x10088558       0x34 .\CortexM4\ARM_GCC_541\Debug\cy_ipc_config.o
 .rodata        0x1008858c       0x28 .\CortexM4\ARM_GCC_541\Debug\cyfitter_sysint_cfg.o
                0x1008858c                ADC_1_IRQ_cfg
                0x10088594                WS_DMA_INT_cfg
                0x1008859c                WS_SPI_SCB_IRQ_cfg
                0x100885a4                UART_SCB_IRQ_cfg
                0x100885ac                BLE_bless_isr_cfg
 .rodata        0x100885b4      0x27e .\CortexM4\ARM_GCC_541\Debug\BLE_config.o
 *fill*         0x10088832        0x2 
 .rodata        0x10088834       0x14 .\CortexM4\ARM_GCC_541\Debug\BLE_dis_config.o
 .rodata        0x10088848        0x8 .\CortexM4\ARM_GCC_541\Debug\BLE_custom_config.o
 .rodata        0x10088850       0x40 .\CortexM4\ARM_GCC_541\Debug\UART.o
                0x10088850                UART_config
 .rodata        0x10088890       0x64 .\CortexM4\ARM_GCC_541\Debug\PWM.o
                0x10088890                PWM_config
 .rodata.str1.4
                0x100888f4       0x41 .\CortexM4\ARM_GCC_541\Debug\cy_sysint.o
 *fill*         0x10088935        0x3 
 .rodata.str1.4
                0x10088938       0x7f .\CortexM4\ARM_GCC_541\Debug\cy_ipc_drv.o
 *fill*         0x100889b7        0x1 
 .rodata.str1.4
                0x100889b8       0x3f .\CortexM4\ARM_GCC_541\Debug\cy_ipc_sema.o
 *fill*         0x100889f7        0x1 
 .rodata.str1.4
                0x100889f8       0x40 .\CortexM4\ARM_GCC_541\Debug\cy_ipc_pipe.o
                                 0x7f (size before relaxing)
 .rodata.str1.4
                0x10088a38       0x83 .\CortexM4\ARM_GCC_541\Debug\cy_scb_spi.o
 *fill*         0x10088abb        0x1 
 .rodata.str1.4
                0x10088abc       0x80 .\CortexM4\ARM_GCC_541\Debug\cy_scb_uart.o
                                 0xc4 (size before relaxing)
 .rodata.str1.4
                0x10088b3c       0x77 .\CortexM4\ARM_GCC_541\Debug\cy_dma.o
 *fill*         0x10088bb3        0x1 
 .rodata.str1.4
                0x10088bb4       0x3b .\CortexM4\ARM_GCC_541\Debug\cy_sar.o
 *fill*         0x10088bef        0x1 
 .rodata        0x10088bf0       0x10 .\CortexM4\ARM_GCC_541\Debug\cy_ble.o
 .rodata        0x10088c00      0x100 .\CortexM4\ARM_GCC_541\Debug\cy_ble_hal_pvt.o
 .rodata        0x10088d00        0xa .\CortexM4\ARM_GCC_541\Debug\cy_ble_event_handler.o
 *fill*         0x10088d0a        0x2 
 .rodata.str1.4
                0x10088d0c       0x37 .\CortexM4\ARM_GCC_541\Debug\cy_ble_event_handler.o
 *fill*         0x10088d43        0x1 
 .rodata        0x10088d44       0x34 .\CortexM4\ARM_GCC_541\Debug\WS_SPI.o
                0x10088d44                WS_SPI_config
 .rodata.str1.4
                0x10088d78       0x3c .\CortexM4\ARM_GCC_541\Debug\ADC_1_INT.o
                                 0x3b (size before relaxing)
 .rodata        0x10088db4       0x8c .\CortexM4\ARM_GCC_541\Debug\ADC_1_INIT.o
                0x10088db4                ADC_1_allConfigs
 .constdata     0x10088e40       0x18 Generated_Source\PSoC6\pdl\middleware\ble\lib\cy_ble_stack_gcc_host_ipc_cm4.a(BT_os.o)
                0x10088e40                cyBleStackMemoryConfig
 .constdata     0x10088e58       0x58 Generated_Source\PSoC6\pdl\middleware\ble\lib\cy_ble_stack_gcc_host_ipc_cm4.a(l2cap_init.o)
                0x10088e58                l2cap_le_sig_handler
 .constdata     0x10088eb0       0x3c Generated_Source\PSoC6\pdl\middleware\ble\lib\cy_ble_stack_gcc_host_ipc_cm4.a(fsm_engine_pl.o)
                0x10088eb0                fsm_module_table
 .constdata     0x10088eec      0x110 Generated_Source\PSoC6\pdl\middleware\ble\lib\cy_ble_stack_gcc_host_ipc_cm4.a(gap_hci_iface.o)
                0x10088eec                hciCommandCompleteEventHandlers
 .constdata     0x10088ffc       0x20 Generated_Source\PSoC6\pdl\middleware\ble\lib\cy_ble_stack_gcc_host_ipc_cm4.a(gap_privacy.o)
 .constdata     0x1008901c       0x32 Generated_Source\PSoC6\pdl\middleware\ble\lib\cy_ble_stack_gcc_host_ipc_cm4.a(smp_core.o)
                0x1008901c                smp_iocap_assoc_map
                0x10089035                smp_sc_iocap_assoc_map
 *fill*         0x1008904e        0x2 
 .constdata     0x10089050        0xc Generated_Source\PSoC6\pdl\middleware\ble\lib\cy_ble_stack_gcc_host_ipc_cm4.a(smp_interface.o)
                0x10089050                smp_event_fp
 .constdata     0x1008905c       0x22 Generated_Source\PSoC6\pdl\middleware\ble\lib\cy_ble_stack_gcc_host_ipc_cm4.a(smp_utils.o)
                0x1008905c                smp_event_map
 *fill*         0x1008907e        0x2 
 .constdata     0x10089080       0xb4 Generated_Source\PSoC6\pdl\middleware\ble\lib\cy_ble_stack_gcc_host_ipc_cm4.a(smp_fsm_table.o)
                0x10089080                smp_state_event_table
 .constdata     0x10089134      0x110 Generated_Source\PSoC6\pdl\middleware\ble\lib\cy_ble_stack_gcc_host_ipc_cm4.a(smp_fsm_table.o)
                0x10089134                smp_event_handler_table
 .constdata     0x10089244       0x20 Generated_Source\PSoC6\pdl\middleware\ble\lib\cy_ble_stack_gcc_host_ipc_cm4.a(aes_cmac.o)
                0x10089244                cmac_zero_data
                0x10089254                cmac_rb_data
 .constdata     0x10089264       0x60 Generated_Source\PSoC6\pdl\middleware\ble\lib\cy_ble_stack_gcc_host_ipc_cm4.a(att_fsm_table.o)
                0x10089264                att_state_event_table
 .constdata     0x100892c4       0x58 Generated_Source\PSoC6\pdl\middleware\ble\lib\cy_ble_stack_gcc_host_ipc_cm4.a(att_fsm_table.o)
                0x100892c4                att_event_handler_table
 .rodata.str1.1
                0x1008931c        0x2 c:/program files (x86)/cypress/psoc creator/4.4/psoc creator/import/gnu/arm/5.4.1/bin/../lib/gcc/arm-none-eabi/5.4.1/../../../../arm-none-eabi/lib/armv7e-m/softfp\libg_nano.a(lib_a-impure.o)
 *fill*         0x1008931e        0x2 
 .rodata._global_impure_ptr
                0x10089320        0x4 c:/program files (x86)/cypress/psoc creator/4.4/psoc creator/import/gnu/arm/5.4.1/bin/../lib/gcc/arm-none-eabi/5.4.1/../../../../arm-none-eabi/lib/armv7e-m/softfp\libg_nano.a(lib_a-impure.o)
                0x10089320                _global_impure_ptr
 .rodata.str1.1
                0x10089324       0x12 c:/program files (x86)/cypress/psoc creator/4.4/psoc creator/import/gnu/arm/5.4.1/bin/../lib/gcc/arm-none-eabi/5.4.1/../../../../arm-none-eabi/lib/armv7e-m/softfp\libg_nano.a(lib_a-nano-vfprintf_float.o)
 .rodata.str1.1
                0x10089336       0x22 c:/program files (x86)/cypress/psoc creator/4.4/psoc creator/import/gnu/arm/5.4.1/bin/../lib/gcc/arm-none-eabi/5.4.1/../../../../arm-none-eabi/lib/armv7e-m/softfp\libg_nano.a(lib_a-nano-vfprintf_i.o)
 .rodata.str1.1
                0x10089358        0xd c:/program files (x86)/cypress/psoc creator/4.4/psoc creator/import/gnu/arm/5.4.1/bin/../lib/gcc/arm-none-eabi/5.4.1/../../../../arm-none-eabi/lib/armv7e-m/softfp\libg_nano.a(lib_a-dtoa.o)
                                  0xf (size before relaxing)
 *fill*         0x10089365        0x3 
 .rodata.__sf_fake_stdin
                0x10089368       0x20 c:/program files (x86)/cypress/psoc creator/4.4/psoc creator/import/gnu/arm/5.4.1/bin/../lib/gcc/arm-none-eabi/5.4.1/../../../../arm-none-eabi/lib/armv7e-m/softfp\libg_nano.a(lib_a-findfp.o)
                0x10089368                __sf_fake_stdin
 .rodata.__sf_fake_stdout
                0x10089388       0x20 c:/program files (x86)/cypress/psoc creator/4.4/psoc creator/import/gnu/arm/5.4.1/bin/../lib/gcc/arm-none-eabi/5.4.1/../../../../arm-none-eabi/lib/armv7e-m/softfp\libg_nano.a(lib_a-findfp.o)
                0x10089388                __sf_fake_stdout
 .rodata.__sf_fake_stderr
                0x100893a8       0x20 c:/program files (x86)/cypress/psoc creator/4.4/psoc creator/import/gnu/arm/5.4.1/bin/../lib/gcc/arm-none-eabi/5.4.1/../../../../arm-none-eabi/lib/armv7e-m/softfp\libg_nano.a(lib_a-findfp.o)
                0x100893a8                __sf_fake_stderr
 .rodata.str1.1
                0x100893c8        0x8 c:/program files (x86)/cypress/psoc creator/4.4/psoc creator/import/gnu/arm/5.4.1/bin/../lib/gcc/arm-none-eabi/5.4.1/../../../../arm-none-eabi/lib/armv7e-m/softfp\libg_nano.a(lib_a-locale.o)
                                  0xb (size before relaxing)
 .rodata.p05.5410
                0x100893d0        0xc c:/program files (x86)/cypress/psoc creator/4.4/psoc creator/import/gnu/arm/5.4.1/bin/../lib/gcc/arm-none-eabi/5.4.1/../../../../arm-none-eabi/lib/armv7e-m/softfp\libg_nano.a(lib_a-mprec.o)
 *fill*         0x100893dc        0x4 
 .rodata.__mprec_bigtens
                0x100893e0       0x28 c:/program files (x86)/cypress/psoc creator/4.4/psoc creator/import/gnu/arm/5.4.1/bin/../lib/gcc/arm-none-eabi/5.4.1/../../../../arm-none-eabi/lib/armv7e-m/softfp\libg_nano.a(lib_a-mprec.o)
                0x100893e0                __mprec_bigtens
 .rodata.__mprec_tens
                0x10089408       0xc8 c:/program files (x86)/cypress/psoc creator/4.4/psoc creator/import/gnu/arm/5.4.1/bin/../lib/gcc/arm-none-eabi/5.4.1/../../../../arm-none-eabi/lib/armv7e-m/softfp\libg_nano.a(lib_a-mprec.o)
                0x10089408                __mprec_tens
 .rodata.str1.1
                0x100894d0       0x11 c:/program files (x86)/cypress/psoc creator/4.4/psoc creator/import/gnu/arm/5.4.1/bin/../lib/gcc/arm-none-eabi/5.4.1/../../../../arm-none-eabi/lib/armv7e-m/softfp\libg_nano.a(lib_a-nano-vfprintf.o)
 *(.eh_frame*)
 *fill*         0x100894e1        0x3 
 .eh_frame      0x100894e4        0x0 c:/program files (x86)/cypress/psoc creator/4.4/psoc creator/import/gnu/arm/5.4.1/bin/../lib/gcc/arm-none-eabi/5.4.1/armv7e-m/softfp/crtbegin.o
 .eh_frame      0x100894e4        0x4 c:/program files (x86)/cypress/psoc creator/4.4/psoc creator/import/gnu/arm/5.4.1/bin/../lib/gcc/arm-none-eabi/5.4.1/armv7e-m/softfp/crtend.o

.glue_7         0x100894e8        0x0
 .glue_7        0x100894e8        0x0 linker stubs

.glue_7t        0x100894e8        0x0
 .glue_7t       0x100894e8        0x0 linker stubs

.vfp11_veneer   0x100894e8        0x0
 .vfp11_veneer  0x100894e8        0x0 linker stubs

.v4_bx          0x100894e8        0x0
 .v4_bx         0x100894e8        0x0 linker stubs

.iplt           0x100894e8        0x0
 .iplt          0x100894e8        0x0 c:/program files (x86)/cypress/psoc creator/4.4/psoc creator/import/gnu/arm/5.4.1/bin/../lib/gcc/arm-none-eabi/5.4.1/armv7e-m/softfp/crtbegin.o

i.CyBleStackMgr_Init
                0x100894e8       0xdc
 i.CyBleStackMgr_Init
                0x100894e8       0xdc Generated_Source\PSoC6\pdl\middleware\ble\lib\cy_ble_stack_gcc_host_ipc_cm4.a(CyBleStackMgrIP_Interface.o)
                0x100894e8                CyBleStackMgr_Init

i.CyBleStackMgr_ProcessBleEvents
                0x100895c4       0x14
 i.CyBleStackMgr_ProcessBleEvents
                0x100895c4       0x14 Generated_Source\PSoC6\pdl\middleware\ble\lib\cy_ble_stack_gcc_host_ipc_cm4.a(CyBleStackMgrIP_Interface.o)
                0x100895c4                CyBleStackMgr_ProcessBleEvents

i.CyBleStackMgr_Shutdown
                0x100895d8       0x20
 i.CyBleStackMgr_Shutdown
                0x100895d8       0x20 Generated_Source\PSoC6\pdl\middleware\ble\lib\cy_ble_stack_gcc_host_ipc_cm4.a(CyBleStackMgrIP_Interface.o)
                0x100895d8                CyBleStackMgr_Shutdown

i.CyBle_GetHeapMemory
                0x100895f8       0x3c
 i.CyBle_GetHeapMemory
                0x100895f8       0x3c Generated_Source\PSoC6\pdl\middleware\ble\lib\cy_ble_stack_gcc_host_ipc_cm4.a(CyBleStackMgrIP_Interface.o)
                0x100895f8                CyBle_GetHeapMemory

i.CyBle_GetNumAppBufferPools
                0x10089634        0xc
 i.CyBle_GetNumAppBufferPools
                0x10089634        0xc Generated_Source\PSoC6\pdl\middleware\ble\lib\cy_ble_stack_gcc_host_ipc_cm4.a(CyBleStackMgrIP_Interface.o)
                0x10089634                CyBle_GetNumAppBufferPools

i.CyBle_HostStackBufferPoolInit
                0x10089640       0xc4
 i.CyBle_HostStackBufferPoolInit
                0x10089640       0xc4 Generated_Source\PSoC6\pdl\middleware\ble\lib\cy_ble_stack_gcc_host_ipc_cm4.a(CyBleStackMgrIP_Interface.o)

i.CyBle_SortBufers
                0x10089704       0x40
 i.CyBle_SortBufers
                0x10089704       0x40 Generated_Source\PSoC6\pdl\middleware\ble\lib\cy_ble_stack_gcc_host_ipc_cm4.a(CyBleStackMgrIP_Interface.o)
                0x10089704                CyBle_SortBufers

i.CyBle_StackGetConfigPtr
                0x10089744        0x8
 i.CyBle_StackGetConfigPtr
                0x10089744        0x8 Generated_Source\PSoC6\pdl\middleware\ble\lib\cy_ble_stack_gcc_host_ipc_cm4.a(CyBleStackMgrIP_Interface.o)
                0x10089744                CyBle_StackGetConfigPtr

i.Cy_BLE_EnableDleFeature
                0x1008974c        0x4
 i.Cy_BLE_EnableDleFeature
                0x1008974c        0x4 Generated_Source\PSoC6\pdl\middleware\ble\lib\cy_ble_stack_gcc_host_ipc_cm4.a(CyBleStackMgrIP_Interface.o)
                0x1008974c                Cy_BLE_EnableDleFeature

i.Cy_BLE_EnablePhyUpdateFeature
                0x10089750        0x4
 i.Cy_BLE_EnablePhyUpdateFeature
                0x10089750        0x4 Generated_Source\PSoC6\pdl\middleware\ble\lib\cy_ble_stack_gcc_host_ipc_cm4.a(CyBleStackMgrIP_Interface.o)
                0x10089750                Cy_BLE_EnablePhyUpdateFeature

i.Cy_BLE_EnablePrivacyFeature
                0x10089754        0x4
 i.Cy_BLE_EnablePrivacyFeature
                0x10089754        0x4 Generated_Source\PSoC6\pdl\middleware\ble\lib\cy_ble_stack_gcc_host_ipc_cm4.a(CyBleStackMgrIP_Interface.o)
                0x10089754                Cy_BLE_EnablePrivacyFeature

i.Cy_BLE_GetStackLibraryVersion
                0x10089758       0x1c
 i.Cy_BLE_GetStackLibraryVersion
                0x10089758       0x1c Generated_Source\PSoC6\pdl\middleware\ble\lib\cy_ble_stack_gcc_host_ipc_cm4.a(CyBleStackMgrIP_Interface.o)
                0x10089758                Cy_BLE_GetStackLibraryVersion

i.Cy_BLE_ProcessEvents
                0x10089774        0x4
 i.Cy_BLE_ProcessEvents
                0x10089774        0x4 Generated_Source\PSoC6\pdl\middleware\ble\lib\cy_ble_stack_gcc_host_ipc_cm4.a(CyBleStackMgrIP_Interface.o)
                0x10089774                Cy_BLE_ProcessEvents

i.Cy_BLE_StackEnterLPM
                0x10089778       0x16
 i.Cy_BLE_StackEnterLPM
                0x10089778       0x16 Generated_Source\PSoC6\pdl\middleware\ble\lib\cy_ble_stack_gcc_host_ipc_cm4.a(CyBleStackMgrIP_Interface.o)
                0x10089778                Cy_BLE_StackEnterLPM

i.Cy_BLE_StackGetBleSsState
                0x1008978e        0x4
 i.Cy_BLE_StackGetBleSsState
                0x1008978e        0x4 Generated_Source\PSoC6\pdl\middleware\ble\lib\cy_ble_stack_gcc_host_ipc_cm4.a(CyBleStackMgrIP_Interface.o)
                0x1008978e                Cy_BLE_StackGetBleSsState

i.Cy_BLE_StackGetFeatureConfig
                0x10089794       0x20
 i.Cy_BLE_StackGetFeatureConfig
                0x10089794       0x20 Generated_Source\PSoC6\pdl\middleware\ble\lib\cy_ble_stack_gcc_host_ipc_cm4.a(CyBleStackMgrIP_Interface.o)
                0x10089794                Cy_BLE_StackGetFeatureConfig

i.Cy_BLE_StackInit
                0x100897b4       0x70
 i.Cy_BLE_StackInit
                0x100897b4       0x70 Generated_Source\PSoC6\pdl\middleware\ble\lib\cy_ble_stack_gcc_host_ipc_cm4.a(CyBleStackMgrIP_Interface.o)
                0x100897b4                Cy_BLE_StackInit

i.Cy_BLE_StackSetFeatureConfig
                0x10089824       0x54
 i.Cy_BLE_StackSetFeatureConfig
                0x10089824       0x54 Generated_Source\PSoC6\pdl\middleware\ble\lib\cy_ble_stack_gcc_host_ipc_cm4.a(CyBleStackMgrIP_Interface.o)
                0x10089824                Cy_BLE_StackSetFeatureConfig

i.ble_stack_idle_task_callback
                0x10089878        0x2
 i.ble_stack_idle_task_callback
                0x10089878        0x2 Generated_Source\PSoC6\pdl\middleware\ble\lib\cy_ble_stack_gcc_host_ipc_cm4.a(CyBleStackMgrIP_Interface.o)
                0x10089878                ble_stack_idle_task_callback

i.BT_OSFreeBuf  0x1008987c       0x20
 i.BT_OSFreeBuf
                0x1008987c       0x20 Generated_Source\PSoC6\pdl\middleware\ble\lib\cy_ble_stack_gcc_host_ipc_cm4.a(BT_os.o)
                0x1008987c                BT_OSFreeBuf

i.BT_OSGetBuF   0x1008989c       0x30
 i.BT_OSGetBuF  0x1008989c       0x30 Generated_Source\PSoC6\pdl\middleware\ble\lib\cy_ble_stack_gcc_host_ipc_cm4.a(BT_os.o)
                0x1008989c                BT_OSGetBuF

i.BT_OSMemCreate
                0x100898cc       0x3c
 i.BT_OSMemCreate
                0x100898cc       0x3c Generated_Source\PSoC6\pdl\middleware\ble\lib\cy_ble_stack_gcc_host_ipc_cm4.a(BT_os.o)
                0x100898cc                BT_OSMemCreate

i.BT_alloc_mem_ext
                0x10089908       0x40
 i.BT_alloc_mem_ext
                0x10089908       0x40 Generated_Source\PSoC6\pdl\middleware\ble\lib\cy_ble_stack_gcc_host_ipc_cm4.a(BT_os.o)
                0x10089908                BT_alloc_mem_ext

i.BT_free_mem   0x10089948        0xa
 i.BT_free_mem  0x10089948        0xa Generated_Source\PSoC6\pdl\middleware\ble\lib\cy_ble_stack_gcc_host_ipc_cm4.a(BT_os.o)
                0x10089948                BT_free_mem

i.bt_stack_create_buffer_pool
                0x10089954       0x2c
 i.bt_stack_create_buffer_pool
                0x10089954       0x2c Generated_Source\PSoC6\pdl\middleware\ble\lib\cy_ble_stack_gcc_host_ipc_cm4.a(BT_os.o)
                0x10089954                bt_stack_create_buffer_pool

i.CyBle_CreateBleStackTask
                0x10089980       0x30
 i.CyBle_CreateBleStackTask
                0x10089980       0x30 Generated_Source\PSoC6\pdl\middleware\ble\lib\cy_ble_stack_gcc_host_ipc_cm4.a(CyBleStackMgr_StackTaskHandler.o)
                0x10089980                CyBle_CreateBleStackTask

i.CyBle_SignalBleStackTask
                0x100899b0       0x38
 i.CyBle_SignalBleStackTask
                0x100899b0       0x38 Generated_Source\PSoC6\pdl\middleware\ble\lib\cy_ble_stack_gcc_host_ipc_cm4.a(CyBleStackMgr_StackTaskHandler.o)
                0x100899b0                CyBle_SignalBleStackTask

i.CyBle_StackTaskHandler
                0x100899e8       0x74
 i.CyBle_StackTaskHandler
                0x100899e8       0x74 Generated_Source\PSoC6\pdl\middleware\ble\lib\cy_ble_stack_gcc_host_ipc_cm4.a(CyBleStackMgr_StackTaskHandler.o)
                0x100899e8                CyBle_StackTaskHandler

i.IsStackTaskFree
                0x10089a5c        0xc
 i.IsStackTaskFree
                0x10089a5c        0xc Generated_Source\PSoC6\pdl\middleware\ble\lib\cy_ble_stack_gcc_host_ipc_cm4.a(CyBleStackMgr_StackTaskHandler.o)
                0x10089a5c                IsStackTaskFree

i.storage_bt_init_pl
                0x10089a68       0x8c
 i.storage_bt_init_pl
                0x10089a68       0x8c Generated_Source\PSoC6\pdl\middleware\ble\lib\cy_ble_stack_gcc_host_ipc_cm4.a(storage_pl.o)
                0x10089a68                storage_bt_init_pl

i.storage_bt_reset_offset
                0x10089af4       0x3c
 i.storage_bt_reset_offset
                0x10089af4       0x3c Generated_Source\PSoC6\pdl\middleware\ble\lib\cy_ble_stack_gcc_host_ipc_cm4.a(storage_pl.o)
                0x10089af4                storage_bt_reset_offset

i.storage_manager_init
                0x10089b30       0x54
 i.storage_manager_init
                0x10089b30       0x54 Generated_Source\PSoC6\pdl\middleware\ble\lib\cy_ble_stack_gcc_host_ipc_cm4.a(storage_pl.o)
                0x10089b30                storage_manager_init

i.storage_manager_register_module
                0x10089b84       0x68
 i.storage_manager_register_module
                0x10089b84       0x68 Generated_Source\PSoC6\pdl\middleware\ble\lib\cy_ble_stack_gcc_host_ipc_cm4.a(storage_pl.o)
                0x10089b84                storage_manager_register_module

i.storage_validate_init_params
                0x10089bec       0x98
 i.storage_validate_init_params
                0x10089bec       0x98 Generated_Source\PSoC6\pdl\middleware\ble\lib\cy_ble_stack_gcc_host_ipc_cm4.a(storage_pl.o)
                0x10089bec                storage_validate_init_params

i.OS_init       0x10089c84       0x64
 i.OS_init      0x10089c84       0x64 Generated_Source\PSoC6\pdl\middleware\ble\lib\cy_ble_stack_gcc_host_ipc_cm4.a(mint_os.o)
                0x10089c84                OS_init

i.OS_shutdown   0x10089ce8        0x4
 i.OS_shutdown  0x10089ce8        0x4 Generated_Source\PSoC6\pdl\middleware\ble\lib\cy_ble_stack_gcc_host_ipc_cm4.a(mint_os.o)
                0x10089ce8                OS_shutdown

i.mintos_malloc
                0x10089cec       0x34
 i.mintos_malloc
                0x10089cec       0x34 Generated_Source\PSoC6\pdl\middleware\ble\lib\cy_ble_stack_gcc_host_ipc_cm4.a(mint_os.o)
                0x10089cec                mintos_malloc

i.OS_create_queue
                0x10089d20       0x74
 i.OS_create_queue
                0x10089d20       0x74 Generated_Source\PSoC6\pdl\middleware\ble\lib\cy_ble_stack_gcc_host_ipc_cm4.a(mint_os_queue.o)
                0x10089d20                OS_create_queue

i.OS_enqueue_item
                0x10089d94       0x9c
 i.OS_enqueue_item
                0x10089d94       0x9c Generated_Source\PSoC6\pdl\middleware\ble\lib\cy_ble_stack_gcc_host_ipc_cm4.a(mint_os_queue.o)
                0x10089d94                OS_enqueue_item

i.OS_queue_get_num_of_items
                0x10089e30       0x2c
 i.OS_queue_get_num_of_items
                0x10089e30       0x2c Generated_Source\PSoC6\pdl\middleware\ble\lib\cy_ble_stack_gcc_host_ipc_cm4.a(mint_os_queue.o)
                0x10089e30                OS_queue_get_num_of_items

i.OS_queue_mgmt_init
                0x10089e5c       0x58
 i.OS_queue_mgmt_init
                0x10089e5c       0x58 Generated_Source\PSoC6\pdl\middleware\ble\lib\cy_ble_stack_gcc_host_ipc_cm4.a(mint_os_queue.o)
                0x10089e5c                OS_queue_mgmt_init

i.OS_remove_item
                0x10089eb4       0xb8
 i.OS_remove_item
                0x10089eb4       0xb8 Generated_Source\PSoC6\pdl\middleware\ble\lib\cy_ble_stack_gcc_host_ipc_cm4.a(mint_os_queue.o)
                0x10089eb4                OS_remove_item

i.OS_create_task
                0x10089f6c       0x88
 i.OS_create_task
                0x10089f6c       0x88 Generated_Source\PSoC6\pdl\middleware\ble\lib\cy_ble_stack_gcc_host_ipc_cm4.a(mint_os_task.o)
                0x10089f6c                OS_create_task

i.OS_is_task_free
                0x10089ff4       0x30
 i.OS_is_task_free
                0x10089ff4       0x30 Generated_Source\PSoC6\pdl\middleware\ble\lib\cy_ble_stack_gcc_host_ipc_cm4.a(mint_os_task.o)
                0x10089ff4                OS_is_task_free

i.OS_scheduler  0x1008a024       0x64
 i.OS_scheduler
                0x1008a024       0x64 Generated_Source\PSoC6\pdl\middleware\ble\lib\cy_ble_stack_gcc_host_ipc_cm4.a(mint_os_task.o)
                0x1008a024                OS_scheduler

i.OS_send_signal_to_task
                0x1008a088        0xc
 i.OS_send_signal_to_task
                0x1008a088        0xc Generated_Source\PSoC6\pdl\middleware\ble\lib\cy_ble_stack_gcc_host_ipc_cm4.a(mint_os_task.o)
                0x1008a088                OS_send_signal_to_task

i.OS_send_signal_to_task_context
                0x1008a094       0x3c
 i.OS_send_signal_to_task_context