Archive member included to satisfy reference by file (symbol)

Generated_Source\PSoC6\pdl\middleware\ble\lib\cy_ble_stack_gcc_host_ipc_cm4.a(CyBleStackMgrIP_Interface.o)
                              .\CortexM4\ARM_GCC_541\Debug\cy_ble.o (Cy_BLE_EnableDleFeature)
Generated_Source\PSoC6\pdl\middleware\ble\lib\cy_ble_stack_gcc_host_ipc_cm4.a(BT_os.o)
                              Generated_Source\PSoC6\pdl\middleware\ble\lib\cy_ble_stack_gcc_host_ipc_cm4.a(CyBleStackMgrIP_Interface.o) (cyBleStackMemoryConfig)
Generated_Source\PSoC6\pdl\middleware\ble\lib\cy_ble_stack_gcc_host_ipc_cm4.a(CyBleStackMgr_StackTaskHandler.o)
                              Generated_Source\PSoC6\pdl\middleware\ble\lib\cy_ble_stack_gcc_host_ipc_cm4.a(CyBleStackMgrIP_Interface.o) (CyBle_CreateBleStackTask)
Generated_Source\PSoC6\pdl\middleware\ble\lib\cy_ble_stack_gcc_host_ipc_cm4.a(storage_pl.o)
                              Generated_Source\PSoC6\pdl\middleware\ble\lib\cy_ble_stack_gcc_host_ipc_cm4.a(CyBleStackMgrIP_Interface.o) (storage_manager_init)
Generated_Source\PSoC6\pdl\middleware\ble\lib\cy_ble_stack_gcc_host_ipc_cm4.a(mint_os.o)
                              Generated_Source\PSoC6\pdl\middleware\ble\lib\cy_ble_stack_gcc_host_ipc_cm4.a(CyBleStackMgrIP_Interface.o) (OS_init)
Generated_Source\PSoC6\pdl\middleware\ble\lib\cy_ble_stack_gcc_host_ipc_cm4.a(mint_os_queue.o)
                              Generated_Source\PSoC6\pdl\middleware\ble\lib\cy_ble_stack_gcc_host_ipc_cm4.a(mint_os.o) (OS_TOTAL_QUEUES)
Generated_Source\PSoC6\pdl\middleware\ble\lib\cy_ble_stack_gcc_host_ipc_cm4.a(mint_os_task.o)
                              Generated_Source\PSoC6\pdl\middleware\ble\lib\cy_ble_stack_gcc_host_ipc_cm4.a(mint_os.o) (idle_func_handler)
Generated_Source\PSoC6\pdl\middleware\ble\lib\cy_ble_stack_gcc_host_ipc_cm4.a(mint_buf_mgmt.o)
                              Generated_Source\PSoC6\pdl\middleware\ble\lib\cy_ble_stack_gcc_host_ipc_cm4.a(BT_os.o) (mint_buf_mgmt_allocate_buffer)
Generated_Source\PSoC6\pdl\middleware\ble\lib\cy_ble_stack_gcc_host_ipc_cm4.a(transport_ipc.o)
                              Generated_Source\PSoC6\pdl\middleware\ble\lib\cy_ble_stack_gcc_host_ipc_cm4.a(CyBleStackMgr_StackTaskHandler.o) (CyBleHost_HciIpcFreePktBuffer)
Generated_Source\PSoC6\pdl\middleware\ble\lib\cy_ble_stack_gcc_host_ipc_cm4.a(CyBleStackMgr_PSoCIPCHal.o)
                              Generated_Source\PSoC6\pdl\middleware\ble\lib\cy_ble_stack_gcc_host_ipc_cm4.a(transport_ipc.o) (CyBleHost_IPC_HAL_InitWithStaticMem)
Generated_Source\PSoC6\pdl\middleware\ble\lib\cy_ble_stack_gcc_host_ipc_cm4.a(host_main.o)
                              Generated_Source\PSoC6\pdl\middleware\ble\lib\cy_ble_stack_gcc_host_ipc_cm4.a(CyBleStackMgrIP_Interface.o) (CyBle_HostInit)
Generated_Source\PSoC6\pdl\middleware\ble\lib\cy_ble_stack_gcc_host_ipc_cm4.a(att_api.o)
                              Generated_Source\PSoC6\pdl\middleware\ble\lib\cy_ble_stack_gcc_host_ipc_cm4.a(host_main.o) (BT_att_register)
Generated_Source\PSoC6\pdl\middleware\ble\lib\cy_ble_stack_gcc_host_ipc_cm4.a(att_init.o)
                              Generated_Source\PSoC6\pdl\middleware\ble\lib\cy_ble_stack_gcc_host_ipc_cm4.a(att_api.o) (att_connections)
Generated_Source\PSoC6\pdl\middleware\ble\lib\cy_ble_stack_gcc_host_ipc_cm4.a(att_internal.o)
                              Generated_Source\PSoC6\pdl\middleware\ble\lib\cy_ble_stack_gcc_host_ipc_cm4.a(att_api.o) (att_get_fsm_event)
Generated_Source\PSoC6\pdl\middleware\ble\lib\cy_ble_stack_gcc_host_ipc_cm4.a(BT_common.o)
                              Generated_Source\PSoC6\pdl\middleware\ble\lib\cy_ble_stack_gcc_host_ipc_cm4.a(host_main.o) (BT_bluetooth_off)
Generated_Source\PSoC6\pdl\middleware\ble\lib\cy_ble_stack_gcc_host_ipc_cm4.a(device_queue.o)
                              Generated_Source\PSoC6\pdl\middleware\ble\lib\cy_ble_stack_gcc_host_ipc_cm4.a(host_main.o) (CyBle_DeviceQueueHeapDeInit)
Generated_Source\PSoC6\pdl\middleware\ble\lib\cy_ble_stack_gcc_host_ipc_cm4.a(l2cap.o)
                              Generated_Source\PSoC6\pdl\middleware\ble\lib\cy_ble_stack_gcc_host_ipc_cm4.a(host_main.o) (CyBle_L2capCB)
Generated_Source\PSoC6\pdl\middleware\ble\lib\cy_ble_stack_gcc_host_ipc_cm4.a(l2cap_disconnect.o)
                              Generated_Source\PSoC6\pdl\middleware\ble\lib\cy_ble_stack_gcc_host_ipc_cm4.a(l2cap.o) (l2ca_disconnect_req)
Generated_Source\PSoC6\pdl\middleware\ble\lib\cy_ble_stack_gcc_host_ipc_cm4.a(l2cap_init.o)
                              Generated_Source\PSoC6\pdl\middleware\ble\lib\cy_ble_stack_gcc_host_ipc_cm4.a(l2cap_disconnect.o) (l2cap_fixed_channel)
Generated_Source\PSoC6\pdl\middleware\ble\lib\cy_ble_stack_gcc_host_ipc_cm4.a(l2cap_utils.o)
                              Generated_Source\PSoC6\pdl\middleware\ble\lib\cy_ble_stack_gcc_host_ipc_cm4.a(l2cap_disconnect.o) (l2cap_buffer_dequeue)
Generated_Source\PSoC6\pdl\middleware\ble\lib\cy_ble_stack_gcc_host_ipc_cm4.a(l2cap_lmp.o)
[...]
Memory Configuration

Name             Origin             Length             Attributes
ram              0x08024000         0x00023800         xrw
flash            0x10080000         0x00080000         xr
em_eeprom        0x14000000         0x00008000         xr
sflash_user_data 0x16000800         0x00000800         xr
sflash_nar       0x16001a00         0x00000200         xr
sflash_public_key 0x16005a00         0x00000c00         xr
sflash_toc_2     0x16007c00         0x00000200         xr
sflash_rtoc_2    0x16007e00         0x00000200         xr
xip              0x18000000         0x08000000         xr
efuse            0x90700000         0x00100000         r
*default*        0x00000000         0xffffffff

Linker script and memory map

LOAD d:/mysoftware/cypress/psoc creator/4.4/psoc creator/import/gnu/arm/5.4.1/bin/../lib/gcc/arm-none-eabi/5.4.1/armv7e-m/softfp/crti.o
LOAD d:/mysoftware/cypress/psoc creator/4.4/psoc creator/import/gnu/arm/5.4.1/bin/../lib/gcc/arm-none-eabi/5.4.1/armv7e-m/softfp/crtbegin.o
LOAD d:/mysoftware/cypress/psoc creator/4.4/psoc creator/import/gnu/arm/5.4.1/bin/../lib/gcc/arm-none-eabi/5.4.1/../../../../arm-none-eabi/lib/armv7e-m/softfp/crt0.o
START GROUP
LOAD Generated_Source\PSoC6\pdl\middleware\ble\lib\cy_ble_stack_gcc_host_ipc_cm4.a
LOAD .\CortexM4\ARM_GCC_541\Debug\startup_psoc63_cm4.o
LOAD .\CortexM4\ARM_GCC_541\Debug\main_cm4.o
LOAD .\CortexM4\ARM_GCC_541\Debug\system_psoc63_cm4.o
LOAD .\CortexM4\ARM_GCC_541\Debug\ledTask.o
LOAD .\CortexM4\ARM_GCC_541\Debug\stdio_user.o
LOAD .\CortexM4\ARM_GCC_541\Debug\host_main.o
LOAD .\CortexM4\ARM_GCC_541\Debug\cy_ipc_config.o
LOAD .\CortexM4\ARM_GCC_541\Debug\cyfitter_sysint_cfg.o
LOAD .\CortexM4\ARM_GCC_541\Debug\cymetadata.o
LOAD .\CortexM4\ARM_GCC_541\Debug\BLE.o
LOAD .\CortexM4\ARM_GCC_541\Debug\BLE_config.o
LOAD .\CortexM4\ARM_GCC_541\Debug\BLE_dis_config.o
LOAD .\CortexM4\ARM_GCC_541\Debug\BLE_custom_config.o
LOAD .\CortexM4\ARM_GCC_541\Debug\UART.o
LOAD .\CortexM4\ARM_GCC_541\Debug\PWM.o
LOAD .\CortexM4\ARM_GCC_541\Debug\cy_sysint.o
LOAD .\CortexM4\ARM_GCC_541\Debug\cy_ipc_drv.o
LOAD .\CortexM4\ARM_GCC_541\Debug\cy_ipc_sema.o
LOAD .\CortexM4\ARM_GCC_541\Debug\cy_ipc_pipe.o
LOAD .\CortexM4\ARM_GCC_541\Debug\cy_sysclk.o
LOAD .\CortexM4\ARM_GCC_541\Debug\cy_wdt.o
LOAD .\CortexM4\ARM_GCC_541\Debug\cy_tcpwm_counter.o
LOAD .\CortexM4\ARM_GCC_541\Debug\cy_tcpwm_pwm.o
LOAD .\CortexM4\ARM_GCC_541\Debug\cy_tcpwm_quaddec.o
LOAD .\CortexM4\ARM_GCC_541\Debug\cy_scb_common.o
LOAD .\CortexM4\ARM_GCC_541\Debug\cy_scb_i2c.o
LOAD .\CortexM4\ARM_GCC_541\Debug\cy_scb_ezi2c.o
LOAD .\CortexM4\ARM_GCC_541\Debug\cy_scb_spi.o
LOAD .\CortexM4\ARM_GCC_541\Debug\cy_scb_uart.o
LOAD .\CortexM4\ARM_GCC_541\Debug\cy_efuse.o
LOAD .\CortexM4\ARM_GCC_541\Debug\cy_flash.o
LOAD .\CortexM4\ARM_GCC_541\Debug\cy_gpio.o
LOAD .\CortexM4\ARM_GCC_541\Debug\cy_sysanalog.o
LOAD .\CortexM4\ARM_GCC_541\Debug\cy_syspm.o
LOAD .\CortexM4\ARM_GCC_541\Debug\cy_syslib.o
LOAD .\CortexM4\ARM_GCC_541\Debug\cy_syslib_gcc.o
LOAD .\CortexM4\ARM_GCC_541\Debug\cy_trigmux.o
LOAD .\CortexM4\ARM_GCC_541\Debug\cy_systick.o
LOAD .\CortexM4\ARM_GCC_541\Debug\cy_profile.o
LOAD .\CortexM4\ARM_GCC_541\Debug\cy_prot.o
LOAD .\CortexM4\ARM_GCC_541\Debug\cy_lvd.o
LOAD .\CortexM4\ARM_GCC_541\Debug\cy_dma.o
LOAD .\CortexM4\ARM_GCC_541\Debug\cy_sar.o
LOAD .\CortexM4\ARM_GCC_541\Debug\cy_ble.o
LOAD .\CortexM4\ARM_GCC_541\Debug\cy_ble_hal_int.o
LOAD .\CortexM4\ARM_GCC_541\Debug\cy_ble_hal_pvt.o
LOAD .\CortexM4\ARM_GCC_541\Debug\cy_ble_gap.o
LOAD .\CortexM4\ARM_GCC_541\Debug\cy_ble_gatt.o
LOAD .\CortexM4\ARM_GCC_541\Debug\cy_ble_event_handler.o
LOAD .\CortexM4\ARM_GCC_541\Debug\cy_ble_ancs.o
LOAD .\CortexM4\ARM_GCC_541\Debug\cy_ble_ans.o
LOAD .\CortexM4\ARM_GCC_541\Debug\cy_ble_aios.o
LOAD .\CortexM4\ARM_GCC_541\Debug\cy_ble_bas.o
LOAD .\CortexM4\ARM_GCC_541\Debug\cy_ble_bcs.o
LOAD .\CortexM4\ARM_GCC_541\Debug\cy_ble_bls.o
LOAD .\CortexM4\ARM_GCC_541\Debug\cy_ble_bms.o
LOAD .\CortexM4\ARM_GCC_541\Debug\cy_ble_bts.o
LOAD .\CortexM4\ARM_GCC_541\Debug\cy_ble_cgms.o
LOAD .\CortexM4\ARM_GCC_541\Debug\cy_ble_cps.o
LOAD .\CortexM4\ARM_GCC_541\Debug\cy_ble_cscs.o
LOAD .\CortexM4\ARM_GCC_541\Debug\cy_ble_cts.o
LOAD .\CortexM4\ARM_GCC_541\Debug\cy_ble_custom.o
LOAD .\CortexM4\ARM_GCC_541\Debug\cy_ble_dis.o
LOAD .\CortexM4\ARM_GCC_541\Debug\cy_ble_ess.o
LOAD .\CortexM4\ARM_GCC_541\Debug\cy_ble_gls.o
LOAD .\CortexM4\ARM_GCC_541\Debug\cy_ble_hids.o
LOAD .\CortexM4\ARM_GCC_541\Debug\cy_ble_hps.o
LOAD .\CortexM4\ARM_GCC_541\Debug\cy_ble_hrs.o
LOAD .\CortexM4\ARM_GCC_541\Debug\cy_ble_hts.o
LOAD .\CortexM4\ARM_GCC_541\Debug\cy_ble_ias.o
LOAD .\CortexM4\ARM_GCC_541\Debug\cy_ble_ips.o
LOAD .\CortexM4\ARM_GCC_541\Debug\cy_ble_lls.o
LOAD .\CortexM4\ARM_GCC_541\Debug\cy_ble_lns.o
LOAD .\CortexM4\ARM_GCC_541\Debug\cy_ble_ndcs.o
LOAD .\CortexM4\ARM_GCC_541\Debug\cy_ble_plxs.o
LOAD .\CortexM4\ARM_GCC_541\Debug\cy_ble_pass.o
LOAD .\CortexM4\ARM_GCC_541\Debug\cy_ble_rscs.o
LOAD .\CortexM4\ARM_GCC_541\Debug\cy_ble_rtus.o
LOAD .\CortexM4\ARM_GCC_541\Debug\cy_ble_scps.o
LOAD .\CortexM4\ARM_GCC_541\Debug\cy_ble_tps.o
LOAD .\CortexM4\ARM_GCC_541\Debug\cy_ble_uds.o
LOAD .\CortexM4\ARM_GCC_541\Debug\cy_ble_wpts.o
LOAD .\CortexM4\ARM_GCC_541\Debug\cy_ble_wss.o
LOAD .\CortexM4\ARM_GCC_541\Debug\cy_ble_clk.o
LOAD .\CortexM4\ARM_GCC_541\Debug\retarget.o
LOAD .\CortexM4\ARM_GCC_541\Debug\cyfitter_amux.o
LOAD .\CortexM4\ARM_GCC_541\Debug\AMux_1.o
LOAD .\CortexM4\ARM_GCC_541\Debug\WS_DMA.o
LOAD .\CortexM4\ARM_GCC_541\Debug\WS_SPI.o
LOAD .\CortexM4\ARM_GCC_541\Debug\ADC_1.o
LOAD .\CortexM4\ARM_GCC_541\Debug\ADC_1_INT.o
LOAD .\CortexM4\ARM_GCC_541\Debug\ADC_1_INIT.o
LOAD .\CortexM4\ARM_GCC_541\Debug\ADC_1_PM.o
LOAD .\CortexM4\ARM_GCC_541\Debug\AMux_2.o
LOAD .\CortexM4\ARM_GCC_541\Debug\Timer.o
END GROUP
START GROUP
LOAD d:/mysoftware/cypress/psoc creator/4.4/psoc creator/import/gnu/arm/5.4.1/bin/../lib/gcc/arm-none-eabi/5.4.1/armv7e-m/softfp\libgcc.a
LOAD d:/mysoftware/cypress/psoc creator/4.4/psoc creator/import/gnu/arm/5.4.1/bin/../lib/gcc/arm-none-eabi/5.4.1/../../../../arm-none-eabi/lib/armv7e-m/softfp\libg_nano.a
LOAD d:/mysoftware/cypress/psoc creator/4.4/psoc creator/import/gnu/arm/5.4.1/bin/../lib/gcc/arm-none-eabi/5.4.1/../../../../arm-none-eabi/lib/armv7e-m/softfp\libc_nano.a
END GROUP
START GROUP
LOAD d:/mysoftware/cypress/psoc creator/4.4/psoc creator/import/gnu/arm/5.4.1/bin/../lib/gcc/arm-none-eabi/5.4.1/armv7e-m/softfp\libgcc.a
LOAD d:/mysoftware/cypress/psoc creator/4.4/psoc creator/import/gnu/arm/5.4.1/bin/../lib/gcc/arm-none-eabi/5.4.1/../../../../arm-none-eabi/lib/armv7e-m/softfp\libc_nano.a
END GROUP
LOAD d:/mysoftware/cypress/psoc creator/4.4/psoc creator/import/gnu/arm/5.4.1/bin/../lib/gcc/arm-none-eabi/5.4.1/armv7e-m/softfp/crtend.o
LOAD d:/mysoftware/cypress/psoc creator/4.4/psoc creator/import/gnu/arm/5.4.1/bin/../lib/gcc/arm-none-eabi/5.4.1/armv7e-m/softfp/crtn.o
START GROUP
LOAD d:/mysoftware/cypress/psoc creator/4.4/psoc creator/import/gnu/arm/5.4.1/bin/../lib/gcc/arm-none-eabi/5.4.1/armv7e-m/softfp\libgcc.a
LOAD d:/mysoftware/cypress/psoc creator/4.4/psoc creator/import/gnu/arm/5.4.1/bin/../lib/gcc/arm-none-eabi/5.4.1/../../../../arm-none-eabi/lib/armv7e-m/softfp\libc.a
LOAD d:/mysoftware/cypress/psoc creator/4.4/psoc creator/import/gnu/arm/5.4.1/bin/../lib/gcc/arm-none-eabi/5.4.1/../../../../arm-none-eabi/lib/armv7e-m/softfp\libnosys.a
END GROUP
START GROUP
LOAD d:/mysoftware/cypress/psoc creator/4.4/psoc creator/import/gnu/arm/5.4.1/bin/../lib/gcc/arm-none-eabi/5.4.1/armv7e-m/softfp\libgcc.a
LOAD d:/mysoftware/cypress/psoc creator/4.4/psoc creator/import/gnu/arm/5.4.1/bin/../lib/gcc/arm-none-eabi/5.4.1/../../../../arm-none-eabi/lib/armv7e-m/softfp\libc.a
LOAD d:/mysoftware/cypress/psoc creator/4.4/psoc creator/import/gnu/arm/5.4.1/bin/../lib/gcc/arm-none-eabi/5.4.1/../../../../arm-none-eabi/lib/armv7e-m/softfp\libm.a
LOAD d:/mysoftware/cypress/psoc creator/4.4/psoc creator/import/gnu/arm/5.4.1/bin/../lib/gcc/arm-none-eabi/5.4.1/../../../../arm-none-eabi/lib/armv7e-m/softfp\libnosys.a
END GROUP

.text           0x10080000     0x8bf8
                0x10080000                . = ALIGN (0x4)
                0x10080000                __Vectors = .
 *(.vectors)
 .vectors       0x10080000      0x28c .\CortexM4\ARM_GCC_541\Debug\startup_psoc63_cm4.o
                0x1008028c                . = ALIGN (0x4)
                0x1008028c                __Vectors_End = .
                0x0000028c                __Vectors_Size = (__Vectors_End - __Vectors)
                0x1008028c                __end__ = .
                0x1008028c                . = ALIGN (0x4)
 *(.text*)
 .text          0x1008028c       0x5c d:/mysoftware/cypress/psoc creator/4.4/psoc creator/import/gnu/arm/5.4.1/bin/../lib/gcc/arm-none-eabi/5.4.1/armv7e-m/softfp/crtbegin.o
 .text          0x100802e8       0x94 .\CortexM4\ARM_GCC_541\Debug\startup_psoc63_cm4.o
                0x100802e8                Cy_OnResetUser
                0x100802ea                Cy_SaveIRQ
                0x100802f2                Cy_RestoreIRQ
                0x100802f8                Reset_Handler
                0x1008035c                tcpwm_1_interrupts_11_IRQHandler
                0x1008035c                cpuss_interrupts_ipc_0_IRQHandler
                0x1008035c                tcpwm_1_interrupts_15_IRQHandler
                0x1008035c                ioss_interrupts_gpio_13_IRQHandler
                0x1008035c                tcpwm_1_interrupts_13_IRQHandler
                0x1008035c                cpuss_interrupts_dw1_8_IRQHandler
                0x1008035c                tcpwm_0_interrupts_0_IRQHandler
                0x1008035c                SysTick_Handler
                0x1008035c                cpuss_interrupt_fm_IRQHandler
                0x1008035c                cpuss_interrupts_ipc_7_IRQHandler
                0x1008035c                tcpwm_1_interrupts_14_IRQHandler
                0x1008035c                cpuss_interrupts_dw0_11_IRQHandler
                0x1008035c                tcpwm_1_interrupts_9_IRQHandler
                0x1008035c                cpuss_interrupts_cm0_cti_1_IRQHandler
                0x1008035c                tcpwm_1_interrupts_22_IRQHandler
                0x1008035c                cpuss_interrupts_dw0_4_IRQHandler
                0x1008035c                PendSV_Handler
                0x1008035c                NMI_Handler
                0x1008035c                cpuss_interrupts_dw1_12_IRQHandler
                0x1008035c                tcpwm_1_interrupts_12_IRQHandler
                0x1008035c                smif_interrupt_IRQHandler
                0x1008035c                tcpwm_1_interrupts_2_IRQHandler
                0x1008035c                cpuss_interrupts_ipc_13_IRQHandler
                0x1008035c                udb_interrupts_11_IRQHandler
                0x1008035c                tcpwm_1_interrupts_18_IRQHandler
                0x1008035c                cpuss_interrupts_ipc_6_IRQHandler
                0x1008035c                tcpwm_0_interrupts_2_IRQHandler
                0x1008035c                cpuss_interrupts_dw0_13_IRQHandler
                0x1008035c                udb_interrupts_2_IRQHandler
                0x1008035c                cpuss_interrupts_dw1_7_IRQHandler
                0x1008035c                ioss_interrupts_gpio_1_IRQHandler
                0x1008035c                ioss_interrupts_gpio_7_IRQHandler
                0x1008035c                scb_5_interrupt_IRQHandler
                0x1008035c                udb_interrupts_6_IRQHandler
                0x1008035c                cpuss_interrupts_fault_1_IRQHandler
                0x1008035c                cpuss_interrupts_ipc_5_IRQHandler
                0x1008035c                cpuss_interrupts_dw1_10_IRQHandler
                0x1008035c                udb_interrupts_0_IRQHandler
                0x1008035c                tcpwm_1_interrupts_6_IRQHandler
                0x1008035c                scb_4_interrupt_IRQHandler
                0x1008035c                pass_interrupt_dacs_IRQHandler
                0x1008035c                ioss_interrupts_gpio_2_IRQHandler
                0x1008035c                cpuss_interrupts_dw1_9_IRQHandler
                0x1008035c                cpuss_interrupts_dw1_13_IRQHandler
                0x1008035c                scb_2_interrupt_IRQHandler
                0x1008035c                cpuss_interrupts_cm0_cti_0_IRQHandler
                0x1008035c                udb_interrupts_5_IRQHandler
                0x1008035c                srss_interrupt_IRQHandler
                0x1008035c                udb_interrupts_12_IRQHandler
                0x1008035c                scb_0_interrupt_IRQHandler
                0x1008035c                csd_interrupt_IRQHandler
                0x1008035c                udb_interrupts_1_IRQHandler
                0x1008035c                profile_interrupt_IRQHandler
                0x1008035c                tcpwm_1_interrupts_1_IRQHandler
                0x1008035c                cpuss_interrupts_ipc_12_IRQHandler
                0x1008035c                tcpwm_1_interrupts_3_IRQHandler
                0x1008035c                tcpwm_0_interrupts_7_IRQHandler
                0x1008035c                cpuss_interrupts_dw1_1_IRQHandler
                0x1008035c                cpuss_interrupts_dw1_0_IRQHandler
                0x1008035c                cpuss_interrupts_dw0_9_IRQHandler
                0x1008035c                DebugMon_Handler
                0x1008035c                tcpwm_1_interrupts_23_IRQHandler
                0x1008035c                cpuss_interrupts_dw0_5_IRQHandler
                0x1008035c                tcpwm_1_interrupts_20_IRQHandler
                0x1008035c                ioss_interrupt_gpio_IRQHandler
                0x1008035c                tcpwm_0_interrupts_1_IRQHandler
                0x1008035c                ioss_interrupts_gpio_8_IRQHandler
                0x1008035c                tcpwm_0_interrupts_6_IRQHandler
                0x1008035c                scb_7_interrupt_IRQHandler
                0x1008035c                tcpwm_1_interrupts_7_IRQHandler
                0x1008035c                cpuss_interrupts_ipc_11_IRQHandler
                0x1008035c                udb_interrupts_13_IRQHandler
                0x1008035c                cpuss_interrupts_dw0_15_IRQHandler
                0x1008035c                udb_interrupts_7_IRQHandler
                0x1008035c                cpuss_interrupts_dw1_6_IRQHandler
                0x1008035c                cpuss_interrupt_crypto_IRQHandler
                0x1008035c                scb_1_interrupt_IRQHandler
                0x1008035c                Default_Handler
                0x1008035c                usb_interrupt_hi_IRQHandler
                0x1008035c                tcpwm_1_interrupts_0_IRQHandler
                0x1008035c                udb_interrupts_9_IRQHandler
                0x1008035c                audioss_interrupt_pdm_IRQHandler
                0x1008035c                srss_interrupt_mcwdt_0_IRQHandler
                0x1008035c                scb_3_interrupt_IRQHandler
                0x1008035c                pass_interrupt_ctbs_IRQHandler
                0x1008035c                udb_interrupts_8_IRQHandler
                0x1008035c                ioss_interrupts_gpio_3_IRQHandler
                0x1008035c                scb_6_interrupt_IRQHandler
                0x1008035c                cpuss_interrupts_cm4_cti_0_IRQHandler
                0x1008035c                cpuss_interrupts_dw1_3_IRQHandler
                0x1008035c                pass_interrupt_sar_IRQHandler
                0x1008035c                ioss_interrupts_gpio_0_IRQHandler
                0x1008035c                ioss_interrupts_gpio_14_IRQHandler
                0x1008035c                tcpwm_0_interrupts_4_IRQHandler
                0x1008035c                udb_interrupts_3_IRQHandler
                0x1008035c                tcpwm_0_interrupts_5_IRQHandler
                0x1008035c                cpuss_interrupts_ipc_15_IRQHandler
                0x1008035c                cpuss_interrupts_cm4_cti_1_IRQHandler
                0x1008035c                scb_8_interrupt_IRQHandler
                0x1008035c                srss_interrupt_mcwdt_1_IRQHandler
                0x1008035c                cpuss_interrupts_dw1_2_IRQHandler
                0x1008035c                SVC_Handler
                0x1008035c                cpuss_interrupts_dw1_5_IRQHandler
                0x1008035c                cpuss_interrupts_ipc_1_IRQHandler
                0x1008035c                cpuss_interrupts_dw0_0_IRQHandler
                0x1008035c                ioss_interrupts_gpio_12_IRQHandler
                0x1008035c                cpuss_interrupts_ipc_3_IRQHandler
                0x1008035c                tcpwm_1_interrupts_17_IRQHandler
                0x1008035c                srss_interrupt_backup_IRQHandler
                0x1008035c                bless_interrupt_IRQHandler
                0x1008035c                cpuss_interrupts_ipc_10_IRQHandler
                0x1008035c                cpuss_interrupts_ipc_9_IRQHandler
                0x1008035c                cpuss_interrupts_dw0_14_IRQHandler
                0x1008035c                tcpwm_1_interrupts_4_IRQHandler
                0x1008035c                tcpwm_0_interrupts_3_IRQHandler
                0x1008035c                cpuss_interrupts_dw1_15_IRQHandler
                0x1008035c                ioss_interrupts_gpio_10_IRQHandler
                0x1008035c                udb_interrupts_10_IRQHandler
                0x1008035c                cpuss_interrupts_dw0_8_IRQHandler
                0x1008035c                ioss_interrupts_gpio_11_IRQHandler
                0x1008035c                cpuss_interrupts_ipc_14_IRQHandler
                0x1008035c                ioss_interrupts_gpio_5_IRQHandler
                0x1008035c                ioss_interrupts_gpio_4_IRQHandler
                0x1008035c                tcpwm_1_interrupts_8_IRQHandler
                0x1008035c                cpuss_interrupts_dw1_14_IRQHandler
                0x1008035c                usb_interrupt_med_IRQHandler
                0x1008035c                cpuss_interrupts_dw0_2_IRQHandler
                0x1008035c                udb_interrupts_4_IRQHandler
                0x1008035c                tcpwm_1_interrupts_10_IRQHandler
                0x1008035c                cpuss_interrupts_fault_0_IRQHandler
                0x1008035c                cpuss_interrupts_dw0_12_IRQHandler
                0x1008035c                ioss_interrupts_gpio_6_IRQHandler
                0x1008035c                tcpwm_1_interrupts_21_IRQHandler
                0x1008035c                tcpwm_1_interrupts_16_IRQHandler
                0x1008035c                cpuss_interrupts_dw1_4_IRQHandler
                0x1008035c                udb_interrupts_15_IRQHandler
                0x1008035c                cpuss_interrupts_dw1_11_IRQHandler
                0x1008035c                cpuss_interrupts_dw0_6_IRQHandler
                0x1008035c                ioss_interrupt_vdd_IRQHandler
                0x1008035c                cpuss_interrupts_dw0_7_IRQHandler
                0x1008035c                audioss_interrupt_i2s_IRQHandler
                0x1008035c                tcpwm_1_interrupts_5_IRQHandler
                0x1008035c                cpuss_interrupts_ipc_2_IRQHandler
                0x1008035c                cpuss_interrupts_dw0_10_IRQHandler
                0x1008035c                tcpwm_1_interrupts_19_IRQHandler
                0x1008035c                cpuss_interrupts_dw0_1_IRQHandler
                0x1008035c                lpcomp_interrupt_IRQHandler
                0x1008035c                ioss_interrupts_gpio_9_IRQHandler
                0x1008035c                usb_interrupt_lo_IRQHandler
                0x1008035c                cpuss_interrupts_ipc_8_IRQHandler
                0x1008035c                udb_interrupts_14_IRQHandler
                0x1008035c                cpuss_interrupts_dw0_3_IRQHandler
                0x10080360                UsageFault_Handler
                0x10080360                HardFault_Handler
                0x10080360                MemManage_Handler
                0x10080360                BusFault_Handler
 .text.main     0x1008037c        0xc .\CortexM4\ARM_GCC_541\Debug\main_cm4.o
                0x1008037c                main
 .text.Cy_SystemInit
                0x10080388        0x4 .\CortexM4\ARM_GCC_541\Debug\system_psoc63_cm4.o
                0x10080388                Cy_SystemInit
 .text.SystemCoreClockUpdate
                0x1008038c      0x190 .\CortexM4\ARM_GCC_541\Debug\system_psoc63_cm4.o
                0x1008038c                SystemCoreClockUpdate
 .text.SystemInit
                0x1008051c       0x48 .\CortexM4\ARM_GCC_541\Debug\system_psoc63_cm4.o
                0x1008051c                SystemInit
 .text.Cy_SystemInitFpuEnable
                0x10080564       0x28 .\CortexM4\ARM_GCC_541\Debug\system_psoc63_cm4.o
                0x10080564                Cy_SystemInitFpuEnable
 .text.WS_DMAComplete
                0x1008058c       0x14 .\CortexM4\ARM_GCC_541\Debug\ledTask.o
 .text.WS_DMAConfigure
                0x100805a0      0x10c .\CortexM4\ARM_GCC_541\Debug\ledTask.o
 .text.WS_DMATrigger
                0x100806ac       0x38 .\CortexM4\ARM_GCC_541\Debug\ledTask.o
                0x100806ac                WS_DMATrigger
 .text.WS_SysTickHandler
                0x100806e4       0x34 .\CortexM4\ARM_GCC_541\Debug\ledTask.o
                0x100806e4                WS_SysTickHandler
 .text.WS_convert3Code
                0x10080718       0x24 .\CortexM4\ARM_GCC_541\Debug\ledTask.o
                0x10080718                WS_convert3Code
 .text.WS_setRGB
                0x1008073c       0x90 .\CortexM4\ARM_GCC_541\Debug\ledTask.o
                0x1008073c                WS_setRGB
 .text.WS_setRange
                0x100807cc       0x74 .\CortexM4\ARM_GCC_541\Debug\ledTask.o
                0x100807cc                WS_setRange
 .text.WS_runTest
                0x10080840      0x518 .\CortexM4\ARM_GCC_541\Debug\ledTask.o
                0x10080840                WS_runTest
 .text.WS_Start
                0x10080d58       0x48 .\CortexM4\ARM_GCC_541\Debug\ledTask.o
                0x10080d58                WS_Start
 .text.STDIO_PutChar
                0x10080da0       0x18 .\CortexM4\ARM_GCC_541\Debug\stdio_user.o
                0x10080da0                STDIO_PutChar
 .text.STDIO_GetChar
                0x10080db8       0x1c .\CortexM4\ARM_GCC_541\Debug\stdio_user.o
                0x10080db8                STDIO_GetChar
 .text.TimerInterruptHandler
                0x10080dd4       0xd8 .\CortexM4\ARM_GCC_541\Debug\host_main.o
                0x10080dd4                TimerInterruptHandler
 .text.StackEventHandler
                0x10080eac      0x294 .\CortexM4\ARM_GCC_541\Debug\host_main.o
                0x10080eac                StackEventHandler
 .text.float2string
                0x10081140       0x6c .\CortexM4\ARM_GCC_541\Debug\host_main.o
                0x10081140                float2string
 .text.pack2Buffer
                0x100811ac       0xa0 .\CortexM4\ARM_GCC_541\Debug\host_main.o
                0x100811ac                pack2Buffer
 .text.Timer_Config
                0x1008124c       0x70 .\CortexM4\ARM_GCC_541\Debug\host_main.o
                0x1008124c                Timer_Config
 .text.Ble_Init
                0x100812bc       0x1c .\CortexM4\ARM_GCC_541\Debug\host_main.o
                0x100812bc                Ble_Init
 .text.HostMain
                0x100812d8      0x100 .\CortexM4\ARM_GCC_541\Debug\host_main.o
                0x100812d8                HostMain
 .text.cpuss_interrupts_ipc_4_IRQHandler
                0x100813d8       0x10 .\CortexM4\ARM_GCC_541\Debug\cy_ipc_config.o
                0x100813d8                cpuss_interrupts_ipc_4_IRQHandler
 .text.Cy_IPC_SystemSemaInit
                0x100813e8       0x10 .\CortexM4\ARM_GCC_541\Debug\cy_ipc_config.o
                0x100813e8                Cy_IPC_SystemSemaInit
 .text.Cy_IPC_SystemPipeInit
                0x100813f8       0x24 .\CortexM4\ARM_GCC_541\Debug\cy_ipc_config.o
                0x100813f8                Cy_IPC_SystemPipeInit
 .text.Cy_BLE_Start
                0x1008141c       0x38 .\CortexM4\ARM_GCC_541\Debug\BLE.o
                0x1008141c                Cy_BLE_Start
 .text.UART_Interrupt
                0x10081454       0x14 .\CortexM4\ARM_GCC_541\Debug\UART.o
 .text.UART_Start
                0x10081468       0x64 .\CortexM4\ARM_GCC_541\Debug\UART.o
                0x10081468                UART_Start
 .text.PWM_Start
                0x100814cc       0x30 .\CortexM4\ARM_GCC_541\Debug\PWM.o
                0x100814cc                PWM_Start
 .text.Cy_SysInt_SetVector
                0x100814fc       0x44 .\CortexM4\ARM_GCC_541\Debug\cy_sysint.o
                0x100814fc                Cy_SysInt_SetVector
 .text.Cy_SysInt_Init
                0x10081540       0x7c .\CortexM4\ARM_GCC_541\Debug\cy_sysint.o
                0x10081540                Cy_SysInt_Init
 .text.Cy_IPC_Drv_LockRelease
                0x100815bc       0x30 .\CortexM4\ARM_GCC_541\Debug\cy_ipc_drv.o
                0x100815bc                Cy_IPC_Drv_LockRelease
 .text.Cy_IPC_Drv_SendMsgWord
                0x100815ec       0x3c .\CortexM4\ARM_GCC_541\Debug\cy_ipc_drv.o
                0x100815ec                Cy_IPC_Drv_SendMsgWord
 .text.Cy_IPC_Drv_ReadMsgWord
                0x10081628       0x2c .\CortexM4\ARM_GCC_541\Debug\cy_ipc_drv.o
                0x10081628                Cy_IPC_Drv_ReadMsgWord
 .text.Cy_IPC_Sema_Init
                0x10081654       0xb0 .\CortexM4\ARM_GCC_541\Debug\cy_ipc_sema.o
                0x10081654                Cy_IPC_Sema_Init
 .text.Cy_IPC_Sema_Clear
                0x10081704       0x88 .\CortexM4\ARM_GCC_541\Debug\cy_ipc_sema.o
                0x10081704                Cy_IPC_Sema_Clear
 .text.Cy_IPC_Sema_Status
                0x1008178c       0x40 .\CortexM4\ARM_GCC_541\Debug\cy_ipc_sema.o
                0x1008178c                Cy_IPC_Sema_Status
 .text.Cy_IPC_Pipe_Config
                0x100817cc       0x10 .\CortexM4\ARM_GCC_541\Debug\cy_ipc_pipe.o
                0x100817cc                Cy_IPC_Pipe_Config
 .text.Cy_IPC_Pipe_EndpointInit
                0x100817dc       0xb8 .\CortexM4\ARM_GCC_541\Debug\cy_ipc_pipe.o
                0x100817dc                Cy_IPC_Pipe_EndpointInit
 .text.Cy_IPC_Pipe_Init
                0x10081894       0xc4 .\CortexM4\ARM_GCC_541\Debug\cy_ipc_pipe.o
                0x10081894                Cy_IPC_Pipe_Init
 .text.Cy_IPC_Pipe_SendMessage
                0x10081958       0xb0 .\CortexM4\ARM_GCC_541\Debug\cy_ipc_pipe.o
                0x10081958                Cy_IPC_Pipe_SendMessage
 .text.Cy_IPC_Pipe_RegisterCallback
                0x10081a08       0x40 .\CortexM4\ARM_GCC_541\Debug\cy_ipc_pipe.o
                0x10081a08                Cy_IPC_Pipe_RegisterCallback
 .text.Cy_IPC_Pipe_RegisterCallbackRel
                0x10081a48       0x2c .\CortexM4\ARM_GCC_541\Debug\cy_ipc_pipe.o
                0x10081a48                Cy_IPC_Pipe_RegisterCallbackRel
 .text.Cy_IPC_Pipe_ExecCallback
                0x10081a74       0xb0 .\CortexM4\ARM_GCC_541\Debug\cy_ipc_pipe.o
                0x10081a74                Cy_IPC_Pipe_ExecCallback
 .text.Cy_IPC_Pipe_EndpointPause
                0x10081b24       0x50 .\CortexM4\ARM_GCC_541\Debug\cy_ipc_pipe.o
                0x10081b24                Cy_IPC_Pipe_EndpointPause
 .text.Cy_IPC_Pipe_EndpointResume
                0x10081b74       0x48 .\CortexM4\ARM_GCC_541\Debug\cy_ipc_pipe.o
                0x10081b74                Cy_IPC_Pipe_EndpointResume
 .text.Cy_TCPWM_Counter_Init
                0x10081bbc      0x110 .\CortexM4\ARM_GCC_541\Debug\cy_tcpwm_counter.o
                0x10081bbc                Cy_TCPWM_Counter_Init
 .text.Cy_TCPWM_PWM_Init
                0x10081ccc      0x16c .\CortexM4\ARM_GCC_541\Debug\cy_tcpwm_pwm.o
                0x10081ccc                Cy_TCPWM_PWM_Init
 .text.Cy_SCB_ReadArrayNoCheck
                0x10081e38       0x38 .\CortexM4\ARM_GCC_541\Debug\cy_scb_common.o
                0x10081e38                Cy_SCB_ReadArrayNoCheck
 .text.Cy_SCB_ReadArray
                0x10081e70       0x1c .\CortexM4\ARM_GCC_541\Debug\cy_scb_common.o
                0x10081e70                Cy_SCB_ReadArray
 .text.Cy_SCB_Write
                0x10081e8c       0x28 .\CortexM4\ARM_GCC_541\Debug\cy_scb_common.o
                0x10081e8c                Cy_SCB_Write
 .text.Cy_SCB_WriteArrayNoCheck
                0x10081eb4       0x38 .\CortexM4\ARM_GCC_541\Debug\cy_scb_common.o
                0x10081eb4                Cy_SCB_WriteArrayNoCheck
 .text.Cy_SCB_WriteArray
                0x10081eec       0x2c .\CortexM4\ARM_GCC_541\Debug\cy_scb_common.o
                0x10081eec                Cy_SCB_WriteArray
 .text.Cy_SCB_SPI_Init
                0x10081f18      0x28c .\CortexM4\ARM_GCC_541\Debug\cy_scb_spi.o
                0x10081f18                Cy_SCB_SPI_Init
 .text.HandleDataTransmit
                0x100821a4       0xdc .\CortexM4\ARM_GCC_541\Debug\cy_scb_uart.o
 .text.HandleDataReceive
                0x10082280       0xf8 .\CortexM4\ARM_GCC_541\Debug\cy_scb_uart.o
 .text.Cy_SCB_UART_Init
                0x10082378      0x370 .\CortexM4\ARM_GCC_541\Debug\cy_scb_uart.o
                0x10082378                Cy_SCB_UART_Init
 .text.Cy_SCB_UART_GetNumInRingBuffer
                0x100826e8       0x18 .\CortexM4\ARM_GCC_541\Debug\cy_scb_uart.o
                0x100826e8                Cy_SCB_UART_GetNumInRingBuffer
 .text.HandleRingBuffer
                0x10082700       0xcc .\CortexM4\ARM_GCC_541\Debug\cy_scb_uart.o
 .text.Cy_SCB_UART_Interrupt
                0x100827cc       0xe8 .\CortexM4\ARM_GCC_541\Debug\cy_scb_uart.o
                0x100827cc                Cy_SCB_UART_Interrupt
 .text.Cy_Flash_ProcessOpcode
                0x100828b4       0xac .\CortexM4\ARM_GCC_541\Debug\cy_flash.o
 .text.Cy_Flash_OperationStatus
                0x10082960       0x44 .\CortexM4\ARM_GCC_541\Debug\cy_flash.o
 .text.Cy_Flash_Init
                0x100829a4       0x4c .\CortexM4\ARM_GCC_541\Debug\cy_flash.o
                0x100829a4                Cy_Flash_Init
 .text.Cy_SysPm_RegisterCallback
                0x100829f0       0x70 .\CortexM4\ARM_GCC_541\Debug\cy_syspm.o
                0x100829f0                Cy_SysPm_RegisterCallback
 .text.Cy_SysPm_UnregisterCallback
                0x10082a60       0x60 .\CortexM4\ARM_GCC_541\Debug\cy_syspm.o
                0x10082a60                Cy_SysPm_UnregisterCallback
 .text.Cy_SysLib_Delay
                0x10082ac0       0x30 .\CortexM4\ARM_GCC_541\Debug\cy_syslib.o
                0x10082ac0                Cy_SysLib_Delay
 .text.Cy_SysLib_DelayUs
                0x10082af0       0x14 .\CortexM4\ARM_GCC_541\Debug\cy_syslib.o
                0x10082af0                Cy_SysLib_DelayUs
 .text.Cy_SysLib_Halt
                0x10082b04        0x4 .\CortexM4\ARM_GCC_541\Debug\cy_syslib.o
                0x10082b04                Cy_SysLib_Halt
 .text.Cy_SysLib_AssertFailed
                0x10082b08       0x1c .\CortexM4\ARM_GCC_541\Debug\cy_syslib.o
                0x10082b08                Cy_SysLib_AssertFailed
 .text.Cy_SysLib_ProcessingFault
                0x10082b24        0x4 .\CortexM4\ARM_GCC_541\Debug\cy_syslib.o
                0x10082b24                Cy_SysLib_ProcessingFault
 .text.Cy_SysLib_FaultHandler
                0x10082b28       0xa4 .\CortexM4\ARM_GCC_541\Debug\cy_syslib.o
                0x10082b28                Cy_SysLib_FaultHandler
 *fill*         0x10082bcc        0x4 
 .text          0x10082bd0       0x20 .\CortexM4\ARM_GCC_541\Debug\cy_syslib_gcc.o
                0x10082bd0                Cy_SysLib_DelayCycles
                0x10082be2                Cy_SysLib_EnterCriticalSection
                0x10082bea                Cy_SysLib_ExitCriticalSection
 .text.Cy_SysTick_ServiceCallbacks
                0x10082bf0       0x2c .\CortexM4\ARM_GCC_541\Debug\cy_systick.o
 .text.Cy_SysTick_Enable
                0x10082c1c       0x18 .\CortexM4\ARM_GCC_541\Debug\cy_systick.o
                0x10082c1c                Cy_SysTick_Enable
 .text.Cy_SysTick_SetClockSource
                0x10082c34       0x30 .\CortexM4\ARM_GCC_541\Debug\cy_systick.o
                0x10082c34                Cy_SysTick_SetClockSource
 .text.Cy_SysTick_Init
                0x10082c64       0x44 .\CortexM4\ARM_GCC_541\Debug\cy_systick.o
                0x10082c64                Cy_SysTick_Init
 .text.Cy_SysTick_SetCallback
                0x10082ca8       0x1c .\CortexM4\ARM_GCC_541\Debug\cy_systick.o
                0x10082ca8                Cy_SysTick_SetCallback
 .text.Cy_DMA_Descriptor_Init
                0x10082cc4      0x21c .\CortexM4\ARM_GCC_541\Debug\cy_dma.o
                0x10082cc4                Cy_DMA_Descriptor_Init
 .text.Cy_DMA_Channel_Init
                0x10082ee0       0x94 .\CortexM4\ARM_GCC_541\Debug\cy_dma.o
                0x10082ee0                Cy_DMA_Channel_Init
 .text.Cy_DMA_Descriptor_SetNextDescriptor
                0x10082f74       0x30 .\CortexM4\ARM_GCC_541\Debug\cy_dma.o
                0x10082f74                Cy_DMA_Descriptor_SetNextDescriptor
 .text.Cy_SAR_Init
                0x10082fa4      0x1e8 .\CortexM4\ARM_GCC_541\Debug\cy_sar.o
                0x10082fa4                Cy_SAR_Init
 .text.Cy_SAR_DeInit
                0x1008318c       0x70 .\CortexM4\ARM_GCC_541\Debug\cy_sar.o
                0x1008318c                Cy_SAR_DeInit
 .text.Cy_SAR_Enable
                0x100831fc       0x20 .\CortexM4\ARM_GCC_541\Debug\cy_sar.o
                0x100831fc                Cy_SAR_Enable
 .text.Cy_SAR_StartConvert
                0x1008321c       0x2c .\CortexM4\ARM_GCC_541\Debug\cy_sar.o
                0x1008321c                Cy_SAR_StartConvert
 .text.Cy_SAR_StopConvert
                0x10083248       0x14 .\CortexM4\ARM_GCC_541\Debug\cy_sar.o
                0x10083248                Cy_SAR_StopConvert
 .text.Cy_SAR_IsEndConversion
                0x1008325c       0x64 .\CortexM4\ARM_GCC_541\Debug\cy_sar.o
                0x1008325c                Cy_SAR_IsEndConversion
 .text.Cy_SAR_IsChannelSingleEnded
                0x100832c0       0x34 .\CortexM4\ARM_GCC_541\Debug\cy_sar.o
                0x100832c0                Cy_SAR_IsChannelSingleEnded
 .text.Cy_SAR_IsChannelSigned
                0x100832f4       0x54 .\CortexM4\ARM_GCC_541\Debug\cy_sar.o
                0x100832f4                Cy_SAR_IsChannelSigned
 .text.Cy_SAR_GetResult16
                0x10083348       0x2c .\CortexM4\ARM_GCC_541\Debug\cy_sar.o
                0x10083348                Cy_SAR_GetResult16
 .text.Cy_SAR_RawCounts2Counts
                0x10083374       0x80 .\CortexM4\ARM_GCC_541\Debug\cy_sar.o
                0x10083374                Cy_SAR_RawCounts2Counts
 .text.Cy_SAR_CountsTo_Volts
                0x100833f4       0x6c .\CortexM4\ARM_GCC_541\Debug\cy_sar.o
                0x100833f4                Cy_SAR_CountsTo_Volts
 .text.Cy_BLE_DeepSleepCallback
                0x10083460       0x8c .\CortexM4\ARM_GCC_541\Debug\cy_ble.o
                0x10083460                Cy_BLE_DeepSleepCallback
 .text.Cy_BLE_SleepCallback
                0x100834ec       0x68 .\CortexM4\ARM_GCC_541\Debug\cy_ble.o
                0x100834ec                Cy_BLE_SleepCallback
 .text.Cy_BLE_UnregisterHostPMCallbacks
                0x10083554       0x18 .\CortexM4\ARM_GCC_541\Debug\cy_ble.o
                0x10083554                Cy_BLE_UnregisterHostPMCallbacks
 .text.Cy_BLE_Init
                0x1008356c       0x60 .\CortexM4\ARM_GCC_541\Debug\cy_ble.o
                0x1008356c                Cy_BLE_Init
 .text.Cy_BLE_Enable
                0x100835cc      0x108 .\CortexM4\ARM_GCC_541\Debug\cy_ble.o
                0x100835cc                Cy_BLE_Enable
 .text.Cy_BLE_IPC_HostMsgFlushRecvCallBack
                0x100836d4       0x1c .\CortexM4\ARM_GCC_541\Debug\cy_ble_hal_pvt.o
 .text.Cy_BLE_IPC_HostMsgRecvCallBack
                0x100836f0       0x1c .\CortexM4\ARM_GCC_541\Debug\cy_ble_hal_pvt.o
 .text.Cy_BLE_HAL_BlockCalcCRC8
                0x1008370c       0x34 .\CortexM4\ARM_GCC_541\Debug\cy_ble_hal_pvt.o
                0x1008370c                Cy_BLE_HAL_BlockCalcCRC8
 .text.Cy_BLE_HAL_CalcCRC8
                0x10083740        0xc .\CortexM4\ARM_GCC_541\Debug\cy_ble_hal_pvt.o
                0x10083740                Cy_BLE_HAL_CalcCRC8
 .text.Cy_BLE_HAL_EnterCriticalSection
                0x1008374c        0x8 .\CortexM4\ARM_GCC_541\Debug\cy_ble_hal_pvt.o
                0x1008374c                Cy_BLE_HAL_EnterCriticalSection
 .text.Cy_BLE_HAL_ExitCriticalSection
                0x10083754        0x8 .\CortexM4\ARM_GCC_541\Debug\cy_ble_hal_pvt.o
                0x10083754                Cy_BLE_HAL_ExitCriticalSection
 .text.Cy_BLE_Ipc_Cypipe_Isr_Enable
                0x1008375c        0xc .\CortexM4\ARM_GCC_541\Debug\cy_ble_hal_pvt.o
                0x1008375c                Cy_BLE_Ipc_Cypipe_Isr_Enable
 .text.Cy_BLE_HAL_EnableGlobalInterrupts
                0x10083768        0x8 .\CortexM4\ARM_GCC_541\Debug\cy_ble_hal_pvt.o
                0x10083768                Cy_BLE_HAL_EnableGlobalInterrupts
 .text.Cy_BLE_Ipc_Cypipe_Isr_Disable
                0x10083770        0xc .\CortexM4\ARM_GCC_541\Debug\cy_ble_hal_pvt.o
                0x10083770                Cy_BLE_Ipc_Cypipe_Isr_Disable
 .text.Cy_BLE_HAL_DisableGlobalInterrupts
                0x1008377c        0x8 .\CortexM4\ARM_GCC_541\Debug\cy_ble_hal_pvt.o
                0x1008377c                Cy_BLE_HAL_DisableGlobalInterrupts
 .text.Cy_BLE_IPC_HostRegisterClientCallbacks
                0x10083784       0x34 .\CortexM4\ARM_GCC_541\Debug\cy_ble_hal_pvt.o
                0x10083784                Cy_BLE_IPC_HostRegisterClientCallbacks
 .text.Cy_BLE_IPC_SendMessageToController
                0x100837b8       0x20 .\CortexM4\ARM_GCC_541\Debug\cy_ble_hal_pvt.o
                0x100837b8                Cy_BLE_IPC_SendMessageToController
 .text.Cy_BLE_HAL_EccHeapInit
                0x100837d8        0x4 .\CortexM4\ARM_GCC_541\Debug\cy_ble_hal_pvt.o
                0x100837d8                Cy_BLE_HAL_EccHeapInit
 .text.Cy_BLE_HAL_EccHeapDeInit
                0x100837dc        0x4 .\CortexM4\ARM_GCC_541\Debug\cy_ble_hal_pvt.o
                0x100837dc                Cy_BLE_HAL_EccHeapDeInit
 .text.Cy_BLE_HAL_EccGetFeatureHeapReq
                0x100837e0        0x4 .\CortexM4\ARM_GCC_541\Debug\cy_ble_hal_pvt.o
                0x100837e0                Cy_BLE_HAL_EccGetFeatureHeapReq
 .text.Cy_BLE_HAL_PairingLocalPublicKeyHandler
                0x100837e4        0x8 .\CortexM4\ARM_GCC_541\Debug\cy_ble_hal_pvt.o
                0x100837e4                Cy_BLE_HAL_PairingLocalPublicKeyHandler
 .text.Cy_BLE_HAL_PairingRemoteKeyHandler
                0x100837ec        0x8 .\CortexM4\ARM_GCC_541\Debug\cy_ble_hal_pvt.o
                0x100837ec                Cy_BLE_HAL_PairingRemoteKeyHandler
 .text.Cy_BLE_HAL_PairingDhkeyHandler
                0x100837f4        0x8 .\CortexM4\ARM_GCC_541\Debug\cy_ble_hal_pvt.o
                0x100837f4                Cy_BLE_HAL_PairingDhkeyHandler
 .text.Cy_BLE_HAL_PairingDhkeyCheckHandler
                0x100837fc        0x8 .\CortexM4\ARM_GCC_541\Debug\cy_ble_hal_pvt.o
                0x100837fc                Cy_BLE_HAL_PairingDhkeyCheckHandler
 .text.Cy_BLE_HAL_PairingKeypressNotificationHandler
                0x10083804        0x8 .\CortexM4\ARM_GCC_541\Debug\cy_ble_hal_pvt.o
                0x10083804                Cy_BLE_HAL_PairingKeypressNotificationHandler
 .text.Cy_BLE_HAL_PairingRandHandler
                0x1008380c        0x8 .\CortexM4\ARM_GCC_541\Debug\cy_ble_hal_pvt.o
                0x1008380c                Cy_BLE_HAL_PairingRandHandler
 .text.Cy_BLE_HAL_PairingConfirmHandler
                0x10083814        0x8 .\CortexM4\ARM_GCC_541\Debug\cy_ble_hal_pvt.o
                0x10083814                Cy_BLE_HAL_PairingConfirmHandler
 .text.Cy_BLE_HAL_PairingLrConfirmingHandler
                0x1008381c        0x8 .\CortexM4\ARM_GCC_541\Debug\cy_ble_hal_pvt.o
                0x1008381c                Cy_BLE_HAL_PairingLrConfirmingHandler
 .text.Cy_BLE_HAL_PairingScTbxLocalPubkeyGenerateComplete
                0x10083824        0x8 .\CortexM4\ARM_GCC_541\Debug\cy_ble_hal_pvt.o
                0x10083824                Cy_BLE_HAL_PairingScTbxLocalPubkeyGenerateComplete
 .text.Cy_BLE_HAL_PairingScTbxGenerateLocalP256PublicKey
                0x1008382c        0x8 .\CortexM4\ARM_GCC_541\Debug\cy_ble_hal_pvt.o
                0x1008382c                Cy_BLE_HAL_PairingScTbxGenerateLocalP256PublicKey
 .text.Cy_BLE_HAL_SeSmpScUserPasskeyHandler
                0x10083834        0x8 .\CortexM4\ARM_GCC_541\Debug\cy_ble_hal_pvt.o
                0x10083834                Cy_BLE_HAL_SeSmpScUserPasskeyHandler
 .text.Cy_BLE_HAL_EccPointMult
                0x1008383c        0x4 .\CortexM4\ARM_GCC_541\Debug\cy_ble_hal_pvt.o
                0x1008383c                Cy_BLE_HAL_EccPointMult
 .text.Cy_BLE_ServiceInit
                0x10083840       0x18 .\CortexM4\ARM_GCC_541\Debug\cy_ble_gap.o
                0x10083840                Cy_BLE_ServiceInit
 .text.Cy_BLE_GAPP_StartAdvertisement
                0x10083858      0x120 .\CortexM4\ARM_GCC_541\Debug\cy_ble_gap.o
                0x10083858                Cy_BLE_GAPP_StartAdvertisement
 .text.Cy_BLE_ChangeAdDeviceAddress
                0x10083978       0x5c .\CortexM4\ARM_GCC_541\Debug\cy_ble_gap.o
                0x10083978                Cy_BLE_ChangeAdDeviceAddress
 .text.Cy_BLE_GATTS_WriteAttributeValueCCCD
                0x100839d4       0x6c .\CortexM4\ARM_GCC_541\Debug\cy_ble_gatt.o
                0x100839d4                Cy_BLE_GATTS_WriteAttributeValueCCCD
 .text.Cy_BLE_GATTS_WriteEventHandler
                0x10083a40       0x84 .\CortexM4\ARM_GCC_541\Debug\cy_ble_gatt.o
                0x10083a40                Cy_BLE_GATTS_WriteEventHandler
 .text.Cy_BLE_GATTS_ReadAttributeValueCCCDReqHandler
                0x10083ac4       0x58 .\CortexM4\ARM_GCC_541\Debug\cy_ble_gatt.o
                0x10083ac4                Cy_BLE_GATTS_ReadAttributeValueCCCDReqHandler
 .text.Cy_BLE_SendWriteResponse
                0x10083b1c       0x40 .\CortexM4\ARM_GCC_541\Debug\cy_ble_event_handler.o
 .text.Cy_BLE_RegisterServiceEventHandler
                0x10083b5c       0x60 .\CortexM4\ARM_GCC_541\Debug\cy_ble_event_handler.o
                0x10083b5c                Cy_BLE_RegisterServiceEventHandler
 .text.Cy_BLE_InvokeServiceEventHandler
                0x10083bbc       0x38 .\CortexM4\ARM_GCC_541\Debug\cy_ble_event_handler.o
                0x10083bbc                Cy_BLE_InvokeServiceEventHandler
 .text.Cy_BLE_IsDeviceAddressValid
                0x10083bf4       0x20 .\CortexM4\ARM_GCC_541\Debug\cy_ble_event_handler.o
                0x10083bf4                Cy_BLE_IsDeviceAddressValid
 .text.Cy_BLE_EventHandler
                0x10083c14      0x6a4 .\CortexM4\ARM_GCC_541\Debug\cy_ble_event_handler.o
                0x10083c14                Cy_BLE_EventHandler
 .text.Cy_BLE_CUSTOM_EventHandler
                0x100842b8        0x4 .\CortexM4\ARM_GCC_541\Debug\cy_ble_custom.o
 .text.Cy_BLE_CUSTOM_Init
                0x100842bc       0x20 .\CortexM4\ARM_GCC_541\Debug\cy_ble_custom.o
                0x100842bc                Cy_BLE_CUSTOM_Init
 .text.Cy_BLE_DIS_EventHandler
                0x100842dc        0x4 .\CortexM4\ARM_GCC_541\Debug\cy_ble_dis.o
 .text.Cy_BLE_DIS_Init
                0x100842e0       0x20 .\CortexM4\ARM_GCC_541\Debug\cy_ble_dis.o
                0x100842e0                Cy_BLE_DIS_Init
 .text._write   0x10084300       0x24 .\CortexM4\ARM_GCC_541\Debug\retarget.o
                0x10084300                _write
 .text._read    0x10084324       0x28 .\CortexM4\ARM_GCC_541\Debug\retarget.o
                0x10084324                _read
 .text.AMux_2_Set
                0x1008434c       0x50 .\CortexM4\ARM_GCC_541\Debug\cyfitter_amux.o
                0x1008434c                AMux_2_Set
 .text.AMux_2_Unset
                0x1008439c       0x50 .\CortexM4\ARM_GCC_541\Debug\cyfitter_amux.o
                0x1008439c                AMux_2_Unset
 .text.AMux_1_Set
                0x100843ec       0x60 .\CortexM4\ARM_GCC_541\Debug\cyfitter_amux.o
                0x100843ec                AMux_1_Set
 .text.AMux_1_Unset
                0x1008444c       0x60 .\CortexM4\ARM_GCC_541\Debug\cyfitter_amux.o
                0x1008444c                AMux_1_Unset
 .text.AMux_1_Start
                0x100844ac       0x20 .\CortexM4\ARM_GCC_541\Debug\AMux_1.o
                0x100844ac                AMux_1_Start
 .text.AMux_1_FastSelect
                0x100844cc       0x20 .\CortexM4\ARM_GCC_541\Debug\AMux_1.o
                0x100844cc                AMux_1_FastSelect
 .text.ADC_1_InitConfig
                0x100844ec       0x58 .\CortexM4\ARM_GCC_541\Debug\ADC_1.o
                0x100844ec                ADC_1_InitConfig
 .text.ADC_1_StartConvert
                0x10084544       0x24 .\CortexM4\ARM_GCC_541\Debug\ADC_1.o
                0x10084544                ADC_1_StartConvert
 .text.ADC_1_IsEndConversion
                0x10084568       0x18 .\CortexM4\ARM_GCC_541\Debug\ADC_1.o
                0x10084568                ADC_1_IsEndConversion
 .text.ADC_1_Init
                0x10084580       0x34 .\CortexM4\ARM_GCC_541\Debug\ADC_1.o
                0x10084580                ADC_1_Init
 .text.ADC_1_Start
                0x100845b4       0x2c .\CortexM4\ARM_GCC_541\Debug\ADC_1.o
                0x100845b4                ADC_1_Start
 .text.ADC_1_ISR
                0x100845e0       0x30 .\CortexM4\ARM_GCC_541\Debug\ADC_1_INT.o
                0x100845e0                ADC_1_ISR
 .text.AMux_2_Start
                0x10084610       0x20 .\CortexM4\ARM_GCC_541\Debug\AMux_2.o
                0x10084610                AMux_2_Start
 .text.AMux_2_FastSelect
                0x10084630       0x20 .\CortexM4\ARM_GCC_541\Debug\AMux_2.o
                0x10084630                AMux_2_FastSelect
 .text.Timer_Start
                0x10084650       0x30 .\CortexM4\ARM_GCC_541\Debug\Timer.o
                0x10084650                Timer_Start
 .text          0x10084680      0x370 d:/mysoftware/cypress/psoc creator/4.4/psoc creator/import/gnu/arm/5.4.1/bin/../lib/gcc/arm-none-eabi/5.4.1/armv7e-m/softfp\libgcc.a(_arm_addsubdf3.o)
                0x10084680                __aeabi_drsub
                0x10084688                __aeabi_dsub
                0x10084688                __subdf3
                0x1008468c                __aeabi_dadd
                0x1008468c                __adddf3
                0x10084904                __floatunsidf
                0x10084904                __aeabi_ui2d
                0x10084924                __floatsidf
                0x10084924                __aeabi_i2d
                0x10084948                __aeabi_f2d
                0x10084948                __extendsfdf2
                0x10084984                __floatundidf
                0x10084984                __aeabi_ul2d
                0x10084994                __floatdidf
                0x10084994                __aeabi_l2d
 .text          0x100849f0      0x424 d:/mysoftware/cypress/psoc creator/4.4/psoc creator/import/gnu/arm/5.4.1/bin/../lib/gcc/arm-none-eabi/5.4.1/armv7e-m/softfp\libgcc.a(_arm_muldivdf3.o)
                0x100849f0                __aeabi_dmul
                0x100849f0                __muldf3
                0x10084c44                __divdf3
                0x10084c44                __aeabi_ddiv
 .text.memcmp   0x10084e14       0x1e d:/mysoftware/cypress/psoc creator/4.4/psoc creator/import/gnu/arm/5.4.1/bin/../lib/gcc/arm-none-eabi/5.4.1/../../../../arm-none-eabi/lib/armv7e-m/softfp\libg_nano.a(lib_a-memcmp.o)
                0x10084e14                memcmp
 .text.memcpy   0x10084e32       0x16 d:/mysoftware/cypress/psoc creator/4.4/psoc creator/import/gnu/arm/5.4.1/bin/../lib/gcc/arm-none-eabi/5.4.1/../../../../arm-none-eabi/lib/armv7e-m/softfp\libg_nano.a(lib_a-memcpy-stub.o)
                0x10084e32                memcpy
 .text.memset   0x10084e48       0x10 d:/mysoftware/cypress/psoc creator/4.4/psoc creator/import/gnu/arm/5.4.1/bin/../lib/gcc/arm-none-eabi/5.4.1/../../../../arm-none-eabi/lib/armv7e-m/softfp\libg_nano.a(lib_a-memset.o)
                0x10084e48                memset
 .text.__cvt    0x10084e58       0xc2 d:/mysoftware/cypress/psoc creator/4.4/psoc creator/import/gnu/arm/5.4.1/bin/../lib/gcc/arm-none-eabi/5.4.1/../../../../arm-none-eabi/lib/armv7e-m/softfp\libg_nano.a(lib_a-nano-vfprintf_float.o)
                0x10084e58                __cvt
 .text.__exponent
                0x10084f1a       0x60 d:/mysoftware/cypress/psoc creator/4.4/psoc creator/import/gnu/arm/5.4.1/bin/../lib/gcc/arm-none-eabi/5.4.1/../../../../arm-none-eabi/lib/armv7e-m/softfp\libg_nano.a(lib_a-nano-vfprintf_float.o)
                0x10084f1a                __exponent
 *fill*         0x10084f7a        0x2 
 .text._printf_float
                0x10084f7c      0x488 d:/mysoftware/cypress/psoc creator/4.4/psoc creator/import/gnu/arm/5.4.1/bin/../lib/gcc/arm-none-eabi/5.4.1/../../../../arm-none-eabi/lib/armv7e-m/softfp\libg_nano.a(lib_a-nano-vfprintf_float.o)
                0x10084f7c                _printf_float
 .text._printf_common
                0x10085404       0xec d:/mysoftware/cypress/psoc creator/4.4/psoc creator/import/gnu/arm/5.4.1/bin/../lib/gcc/arm-none-eabi/5.4.1/../../../../arm-none-eabi/lib/armv7e-m/softfp\libg_nano.a(lib_a-nano-vfprintf_i.o)
                0x10085404                _printf_common
 .text._printf_i
                0x100854f0      0x24c d:/mysoftware/cypress/psoc creator/4.4/psoc creator/import/gnu/arm/5.4.1/bin/../lib/gcc/arm-none-eabi/5.4.1/../../../../arm-none-eabi/lib/armv7e-m/softfp\libg_nano.a(lib_a-nano-vfprintf_i.o)
                0x100854f0                _printf_i
 .text.printf   0x1008573c       0x30 d:/mysoftware/cypress/psoc creator/4.4/psoc creator/import/gnu/arm/5.4.1/bin/../lib/gcc/arm-none-eabi/5.4.1/../../../../arm-none-eabi/lib/armv7e-m/softfp\libg_nano.a(lib_a-printf.o)
                0x1008573c                iprintf
                0x1008573c                printf
 .text.putchar  0x1008576c       0x28 d:/mysoftware/cypress/psoc creator/4.4/psoc creator/import/gnu/arm/5.4.1/bin/../lib/gcc/arm-none-eabi/5.4.1/../../../../arm-none-eabi/lib/armv7e-m/softfp\libg_nano.a(lib_a-putchar.o)
                0x1008576c                putchar
 .text._puts_r  0x10085794       0xb4 d:/mysoftware/cypress/psoc creator/4.4/psoc creator/import/gnu/arm/5.4.1/bin/../lib/gcc/arm-none-eabi/5.4.1/../../../../arm-none-eabi/lib/armv7e-m/softfp\libg_nano.a(lib_a-puts.o)
                0x10085794                _puts_r
 .text.puts     0x10085848       0x10 d:/mysoftware/cypress/psoc creator/4.4/psoc creator/import/gnu/arm/5.4.1/bin/../lib/gcc/arm-none-eabi/5.4.1/../../../../arm-none-eabi/lib/armv7e-m/softfp\libg_nano.a(lib_a-puts.o)
                0x10085848                puts
 .text.setvbuf  0x10085858      0x154 d:/mysoftware/cypress/psoc creator/4.4/psoc creator/import/gnu/arm/5.4.1/bin/../lib/gcc/arm-none-eabi/5.4.1/../../../../arm-none-eabi/lib/armv7e-m/softfp\libg_nano.a(lib_a-setvbuf.o)
                0x10085858                setvbuf
 .text          0x100859ac       0x10 d:/mysoftware/cypress/psoc creator/4.4/psoc creator/import/gnu/arm/5.4.1/bin/../lib/gcc/arm-none-eabi/5.4.1/../../../../arm-none-eabi/lib/armv7e-m/softfp\libg_nano.a(lib_a-strlen.o)
                0x100859ac                strlen
 .text.strncpy  0x100859bc       0x26 d:/mysoftware/cypress/psoc creator/4.4/psoc creator/import/gnu/arm/5.4.1/bin/../lib/gcc/arm-none-eabi/5.4.1/../../../../arm-none-eabi/lib/armv7e-m/softfp\libg_nano.a(lib_a-strncpy.o)
                0x100859bc                strncpy
 *fill*         0x100859e2        0x2 
 .text.__swbuf_r
                0x100859e4       0xa8 d:/mysoftware/cypress/psoc creator/4.4/psoc creator/import/gnu/arm/5.4.1/bin/../lib/gcc/arm-none-eabi/5.4.1/../../../../arm-none-eabi/lib/armv7e-m/softfp\libg_nano.a(lib_a-wbuf.o)
                0x100859e4                __swbuf_r
 .text.__swsetup_r
                0x10085a8c       0xdc d:/mysoftware/cypress/psoc creator/4.4/psoc creator/import/gnu/arm/5.4.1/bin/../lib/gcc/arm-none-eabi/5.4.1/../../../../arm-none-eabi/lib/armv7e-m/softfp\libg_nano.a(lib_a-wsetup.o)
                0x10085a8c                __swsetup_r
 .text.quorem   0x10085b68      0x11e d:/mysoftware/cypress/psoc creator/4.4/psoc creator/import/gnu/arm/5.4.1/bin/../lib/gcc/arm-none-eabi/5.4.1/../../../../arm-none-eabi/lib/armv7e-m/softfp\libg_nano.a(lib_a-dtoa.o)
 *fill*         0x10085c86        0x2 
 .text._dtoa_r  0x10085c88      0xb38 d:/mysoftware/cypress/psoc creator/4.4/psoc creator/import/gnu/arm/5.4.1/bin/../lib/gcc/arm-none-eabi/5.4.1/../../../../arm-none-eabi/lib/armv7e-m/softfp\libg_nano.a(lib_a-dtoa.o)
                0x10085c88                _dtoa_r
 .text.__sflush_r
                0x100867c0      0x110 d:/mysoftware/cypress/psoc creator/4.4/psoc creator/import/gnu/arm/5.4.1/bin/../lib/gcc/arm-none-eabi/5.4.1/../../../../arm-none-eabi/lib/armv7e-m/softfp\libg_nano.a(lib_a-fflush.o)
                0x100867c0                __sflush_r
 .text._fflush_r
                0x100868d0       0x54 d:/mysoftware/cypress/psoc creator/4.4/psoc creator/import/gnu/arm/5.4.1/bin/../lib/gcc/arm-none-eabi/5.4.1/../../../../arm-none-eabi/lib/armv7e-m/softfp\libg_nano.a(lib_a-fflush.o)
                0x100868d0                _fflush_r
 .text._cleanup_r
                0x10086924        0xc d:/mysoftware/cypress/psoc creator/4.4/psoc creator/import/gnu/arm/5.4.1/bin/../lib/gcc/arm-none-eabi/5.4.1/../../../../arm-none-eabi/lib/armv7e-m/softfp\libg_nano.a(lib_a-findfp.o)
                0x10086924                _cleanup_r
 .text.std.isra.0
                0x10086930       0x48 d:/mysoftware/cypress/psoc creator/4.4/psoc creator/import/gnu/arm/5.4.1/bin/../lib/gcc/arm-none-eabi/5.4.1/../../../../arm-none-eabi/lib/armv7e-m/softfp\libg_nano.a(lib_a-findfp.o)
 .text.__sfmoreglue
                0x10086978       0x2c d:/mysoftware/cypress/psoc creator/4.4/psoc creator/import/gnu/arm/5.4.1/bin/../lib/gcc/arm-none-eabi/5.4.1/../../../../arm-none-eabi/lib/armv7e-m/softfp\libg_nano.a(lib_a-findfp.o)
                0x10086978                __sfmoreglue
 .text.__sinit  0x100869a4       0x60 d:/mysoftware/cypress/psoc creator/4.4/psoc creator/import/gnu/arm/5.4.1/bin/../lib/gcc/arm-none-eabi/5.4.1/../../../../arm-none-eabi/lib/armv7e-m/softfp\libg_nano.a(lib_a-findfp.o)
                0x100869a4                __sinit
 .text.__sfp    0x10086a04       0x78 d:/mysoftware/cypress/psoc creator/4.4/psoc creator/import/gnu/arm/5.4.1/bin/../lib/gcc/arm-none-eabi/5.4.1/../../../../arm-none-eabi/lib/armv7e-m/softfp\libg_nano.a(lib_a-findfp.o)
                0x10086a04                __sfp
 .text._fwalk_reent
                0x10086a7c       0x3c d:/mysoftware/cypress/psoc creator/4.4/psoc creator/import/gnu/arm/5.4.1/bin/../lib/gcc/arm-none-eabi/5.4.1/../../../../arm-none-eabi/lib/armv7e-m/softfp\libg_nano.a(lib_a-fwalk.o)
                0x10086a7c                _fwalk_reent
 .text._localeconv_r
                0x10086ab8        0x8 d:/mysoftware/cypress/psoc creator/4.4/psoc creator/import/gnu/arm/5.4.1/bin/../lib/gcc/arm-none-eabi/5.4.1/../../../../arm-none-eabi/lib/armv7e-m/softfp\libg_nano.a(lib_a-locale.o)
                0x10086ab8                _localeconv_r
 .text.__swhatbuf_r
                0x10086ac0       0x46 d:/mysoftware/cypress/psoc creator/4.4/psoc creator/import/gnu/arm/5.4.1/bin/../lib/gcc/arm-none-eabi/5.4.1/../../../../arm-none-eabi/lib/armv7e-m/softfp\libg_nano.a(lib_a-makebuf.o)
                0x10086ac0                __swhatbuf_r
 *fill*         0x10086b06        0x2 
 .text.__smakebuf_r
                0x10086b08       0x78 d:/mysoftware/cypress/psoc creator/4.4/psoc creator/import/gnu/arm/5.4.1/bin/../lib/gcc/arm-none-eabi/5.4.1/../../../../arm-none-eabi/lib/armv7e-m/softfp\libg_nano.a(lib_a-makebuf.o)
                0x10086b08                __smakebuf_r
 .text.malloc   0x10086b80       0x10 d:/mysoftware/cypress/psoc creator/4.4/psoc creator/import/gnu/arm/5.4.1/bin/../lib/gcc/arm-none-eabi/5.4.1/../../../../arm-none-eabi/lib/armv7e-m/softfp\libg_nano.a(lib_a-malloc.o)
                0x10086b80                malloc
 .text          0x10086b90       0xa0 d:/mysoftware/cypress/psoc creator/4.4/psoc creator/import/gnu/arm/5.4.1/bin/../lib/gcc/arm-none-eabi/5.4.1/../../../../arm-none-eabi/lib/armv7e-m/softfp\libg_nano.a(lib_a-memchr.o)
                0x10086b90                memchr
 .text._Balloc  0x10086c30       0x6a d:/mysoftware/cypress/psoc creator/4.4/psoc creator/import/gnu/arm/5.4.1/bin/../lib/gcc/arm-none-eabi/5.4.1/../../../../arm-none-eabi/lib/armv7e-m/softfp\libg_nano.a(lib_a-mprec.o)
                0x10086c30                _Balloc
 .text._Bfree   0x10086c9a       0x2e d:/mysoftware/cypress/psoc creator/4.4/psoc creator/import/gnu/arm/5.4.1/bin/../lib/gcc/arm-none-eabi/5.4.1/../../../../arm-none-eabi/lib/armv7e-m/softfp\libg_nano.a(lib_a-mprec.o)
                0x10086c9a                _Bfree
 .text.__multadd
                0x10086cc8       0x76 d:/mysoftware/cypress/psoc creator/4.4/psoc creator/import/gnu/arm/5.4.1/bin/../lib/gcc/arm-none-eabi/5.4.1/../../../../arm-none-eabi/lib/armv7e-m/softfp\libg_nano.a(lib_a-mprec.o)
                0x10086cc8                __multadd
 .text.__hi0bits
                0x10086d3e       0x40 d:/mysoftware/cypress/psoc creator/4.4/psoc creator/import/gnu/arm/5.4.1/bin/../lib/gcc/arm-none-eabi/5.4.1/../../../../arm-none-eabi/lib/armv7e-m/softfp\libg_nano.a(lib_a-mprec.o)
                0x10086d3e                __hi0bits
 .text.__lo0bits
                0x10086d7e       0x5a d:/mysoftware/cypress/psoc creator/4.4/psoc creator/import/gnu/arm/5.4.1/bin/../lib/gcc/arm-none-eabi/5.4.1/../../../../arm-none-eabi/lib/armv7e-m/softfp\libg_nano.a(lib_a-mprec.o)
                0x10086d7e                __lo0bits
 .text.__i2b    0x10086dd8       0x12 d:/mysoftware/cypress/psoc creator/4.4/psoc creator/import/gnu/arm/5.4.1/bin/../lib/gcc/arm-none-eabi/5.4.1/../../../../arm-none-eabi/lib/armv7e-m/softfp\libg_nano.a(lib_a-mprec.o)
                0x10086dd8                __i2b
 .text.__multiply
                0x10086dea      0x122 d:/mysoftware/cypress/psoc creator/4.4/psoc creator/import/gnu/arm/5.4.1/bin/../lib/gcc/arm-none-eabi/5.4.1/../../../../arm-none-eabi/lib/armv7e-m/softfp\libg_nano.a(lib_a-mprec.o)
                0x10086dea                __multiply
 .text.__pow5mult
                0x10086f0c       0x9c d:/mysoftware/cypress/psoc creator/4.4/psoc creator/import/gnu/arm/5.4.1/bin/../lib/gcc/arm-none-eabi/5.4.1/../../../../arm-none-eabi/lib/armv7e-m/softfp\libg_nano.a(lib_a-mprec.o)
                0x10086f0c                __pow5mult
 .text.__lshift
                0x10086fa8       0xa2 d:/mysoftware/cypress/psoc creator/4.4/psoc creator/import/gnu/arm/5.4.1/bin/../lib/gcc/arm-none-eabi/5.4.1/../../../../arm-none-eabi/lib/armv7e-m/softfp\libg_nano.a(lib_a-mprec.o)
                0x10086fa8                __lshift
 .text.__mcmp   0x1008704a       0x38 d:/mysoftware/cypress/psoc creator/4.4/psoc creator/import/gnu/arm/5.4.1/bin/../lib/gcc/arm-none-eabi/5.4.1/../../../../arm-none-eabi/lib/armv7e-m/softfp\libg_nano.a(lib_a-mprec.o)
                0x1008704a                __mcmp
 .text.__mdiff  0x10087082       0xbe d:/mysoftware/cypress/psoc creator/4.4/psoc creator/import/gnu/arm/5.4.1/bin/../lib/gcc/arm-none-eabi/5.4.1/../../../../arm-none-eabi/lib/armv7e-m/softfp\libg_nano.a(lib_a-mprec.o)
                0x10087082                __mdiff
 .text.__d2b    0x10087140       0x9c d:/mysoftware/cypress/psoc creator/4.4/psoc creator/import/gnu/arm/5.4.1/bin/../lib/gcc/arm-none-eabi/5.4.1/../../../../arm-none-eabi/lib/armv7e-m/softfp\libg_nano.a(lib_a-mprec.o)
                0x10087140                __d2b
 .text._calloc_r
                0x100871dc       0x1c d:/mysoftware/cypress/psoc creator/4.4/psoc creator/import/gnu/arm/5.4.1/bin/../lib/gcc/arm-none-eabi/5.4.1/../../../../arm-none-eabi/lib/armv7e-m/softfp\libg_nano.a(lib_a-nano-callocr.o)
                0x100871dc                _calloc_r
 .text._free_r  0x100871f8       0x9c d:/mysoftware/cypress/psoc creator/4.4/psoc creator/import/gnu/arm/5.4.1/bin/../lib/gcc/arm-none-eabi/5.4.1/../../../../arm-none-eabi/lib/armv7e-m/softfp\libg_nano.a(lib_a-nano-freer.o)
                0x100871f8                _free_r
 .text._malloc_r
                0x10087294       0xbc d:/mysoftware/cypress/psoc creator/4.4/psoc creator/import/gnu/arm/5.4.1/bin/../lib/gcc/arm-none-eabi/5.4.1/../../../../arm-none-eabi/lib/armv7e-m/softfp\libg_nano.a(lib_a-nano-mallocr.o)
                0x10087294                _malloc_r
 .text.__sfputc_r
                0x10087350       0x30 d:/mysoftware/cypress/psoc creator/4.4/psoc creator/import/gnu/arm/5.4.1/bin/../lib/gcc/arm-none-eabi/5.4.1/../../../../arm-none-eabi/lib/armv7e-m/softfp\libg_nano.a(lib_a-nano-vfprintf.o)
 .text.__sfputs_r
                0x10087380       0x24 d:/mysoftware/cypress/psoc creator/4.4/psoc creator/import/gnu/arm/5.4.1/bin/../lib/gcc/arm-none-eabi/5.4.1/../../../../arm-none-eabi/lib/armv7e-m/softfp\libg_nano.a(lib_a-nano-vfprintf.o)
                0x10087380                __sfputs_r
 .text._vfprintf_r
                0x100873a4      0x238 d:/mysoftware/cypress/psoc creator/4.4/psoc creator/import/gnu/arm/5.4.1/bin/../lib/gcc/arm-none-eabi/5.4.1/../../../../arm-none-eabi/lib/armv7e-m/softfp\libg_nano.a(lib_a-nano-vfprintf.o)
                0x100873a4                _vfprintf_r
                0x100873a4                _vfiprintf_r
 .text._putc_r  0x100875dc       0x6c d:/mysoftware/cypress/psoc creator/4.4/psoc creator/import/gnu/arm/5.4.1/bin/../lib/gcc/arm-none-eabi/5.4.1/../../../../arm-none-eabi/lib/armv7e-m/softfp\libg_nano.a(lib_a-putc.o)
                0x100875dc                _putc_r
 .text._sbrk_r  0x10087648       0x20 d:/mysoftware/cypress/psoc creator/4.4/psoc creator/import/gnu/arm/5.4.1/bin/../lib/gcc/arm-none-eabi/5.4.1/../../../../arm-none-eabi/lib/armv7e-m/softfp\libg_nano.a(lib_a-sbrkr.o)
                0x10087648                _sbrk_r
 .text.__sread  0x10087668       0x22 d:/mysoftware/cypress/psoc creator/4.4/psoc creator/import/gnu/arm/5.4.1/bin/../lib/gcc/arm-none-eabi/5.4.1/../../../../arm-none-eabi/lib/armv7e-m/softfp\libg_nano.a(lib_a-stdio.o)
                0x10087668                __sread
 .text.__swrite
                0x1008768a       0x38 d:/mysoftware/cypress/psoc creator/4.4/psoc creator/import/gnu/arm/5.4.1/bin/../lib/gcc/arm-none-eabi/5.4.1/../../../../arm-none-eabi/lib/armv7e-m/softfp\libg_nano.a(lib_a-stdio.o)
                0x1008768a                __swrite
 .text.__sseek  0x100876c2       0x24 d:/mysoftware/cypress/psoc creator/4.4/psoc creator/import/gnu/arm/5.4.1/bin/../lib/gcc/arm-none-eabi/5.4.1/../../../../arm-none-eabi/lib/armv7e-m/softfp\libg_nano.a(lib_a-stdio.o)
                0x100876c2                __sseek
 .text.__sclose
                0x100876e6        0x8 d:/mysoftware/cypress/psoc creator/4.4/psoc creator/import/gnu/arm/5.4.1/bin/../lib/gcc/arm-none-eabi/5.4.1/../../../../arm-none-eabi/lib/armv7e-m/softfp\libg_nano.a(lib_a-stdio.o)
                0x100876e6                __sclose
 *fill*         0x100876ee        0x2 
 .text._write_r
                0x100876f0       0x24 d:/mysoftware/cypress/psoc creator/4.4/psoc creator/import/gnu/arm/5.4.1/bin/../lib/gcc/arm-none-eabi/5.4.1/../../../../arm-none-eabi/lib/armv7e-m/softfp\libg_nano.a(lib_a-writer.o)
                0x100876f0                _write_r
 .text._close_r
                0x10087714       0x20 d:/mysoftware/cypress/psoc creator/4.4/psoc creator/import/gnu/arm/5.4.1/bin/../lib/gcc/arm-none-eabi/5.4.1/../../../../arm-none-eabi/lib/armv7e-m/softfp\libg_nano.a(lib_a-closer.o)
                0x10087714                _close_r
 .text._fstat_r
                0x10087734       0x24 d:/mysoftware/cypress/psoc creator/4.4/psoc creator/import/gnu/arm/5.4.1/bin/../lib/gcc/arm-none-eabi/5.4.1/../../../../arm-none-eabi/lib/armv7e-m/softfp\libg_nano.a(lib_a-fstatr.o)
                0x10087734                _fstat_r
 .text._isatty_r
                0x10087758       0x20 d:/mysoftware/cypress/psoc creator/4.4/psoc creator/import/gnu/arm/5.4.1/bin/../lib/gcc/arm-none-eabi/5.4.1/../../../../arm-none-eabi/lib/armv7e-m/softfp\libg_nano.a(lib_a-isattyr.o)
                0x10087758                _isatty_r
 .text._lseek_r
                0x10087778       0x24 d:/mysoftware/cypress/psoc creator/4.4/psoc creator/import/gnu/arm/5.4.1/bin/../lib/gcc/arm-none-eabi/5.4.1/../../../../arm-none-eabi/lib/armv7e-m/softfp\libg_nano.a(lib_a-lseekr.o)
                0x10087778                _lseek_r
 .text.__malloc_lock
                0x1008779c        0x2 d:/mysoftware/cypress/psoc creator/4.4/psoc creator/import/gnu/arm/5.4.1/bin/../lib/gcc/arm-none-eabi/5.4.1/../../../../arm-none-eabi/lib/armv7e-m/softfp\libg_nano.a(lib_a-mlock.o)
                0x1008779c                __malloc_lock
 .text.__malloc_unlock
                0x1008779e        0x2 d:/mysoftware/cypress/psoc creator/4.4/psoc creator/import/gnu/arm/5.4.1/bin/../lib/gcc/arm-none-eabi/5.4.1/../../../../arm-none-eabi/lib/armv7e-m/softfp\libg_nano.a(lib_a-mlock.o)
                0x1008779e                __malloc_unlock
 .text._read_r  0x100877a0       0x24 d:/mysoftware/cypress/psoc creator/4.4/psoc creator/import/gnu/arm/5.4.1/bin/../lib/gcc/arm-none-eabi/5.4.1/../../../../arm-none-eabi/lib/armv7e-m/softfp\libg_nano.a(lib_a-readr.o)
                0x100877a0                _read_r
 .text          0x100877c4      0x110 d:/mysoftware/cypress/psoc creator/4.4/psoc creator/import/gnu/arm/5.4.1/bin/../lib/gcc/arm-none-eabi/5.4.1/armv7e-m/softfp\libgcc.a(_arm_cmpdf2.o)
                0x100877c4                __gtdf2
                0x100877c4                __gedf2
                0x100877cc                __ltdf2
                0x100877cc                __ledf2
                0x100877d4                __nedf2
                0x100877d4                __eqdf2
                0x100877d4                __cmpdf2
                0x10087850                __aeabi_cdrcmple
                0x10087860                __aeabi_cdcmpeq
                0x10087860                __aeabi_cdcmple
                0x10087870                __aeabi_dcmpeq
                0x10087884                __aeabi_dcmplt
                0x10087898                __aeabi_dcmple
                0x100878ac                __aeabi_dcmpge
                0x100878c0                __aeabi_dcmpgt
 .text          0x100878d4       0x2c d:/mysoftware/cypress/psoc creator/4.4/psoc creator/import/gnu/arm/5.4.1/bin/../lib/gcc/arm-none-eabi/5.4.1/armv7e-m/softfp\libgcc.a(_arm_unorddf2.o)
                0x100878d4                __unorddf2
                0x100878d4                __aeabi_dcmpun
 .text          0x10087900       0x50 d:/mysoftware/cypress/psoc creator/4.4/psoc creator/import/gnu/arm/5.4.1/bin/../lib/gcc/arm-none-eabi/5.4.1/armv7e-m/softfp\libgcc.a(_arm_fixdfsi.o)
                0x10087900                __aeabi_d2iz
                0x10087900                __fixdfsi
 .text._close   0x10087950       0x10 d:/mysoftware/cypress/psoc creator/4.4/psoc creator/import/gnu/arm/5.4.1/bin/../lib/gcc/arm-none-eabi/5.4.1/../../../../arm-none-eabi/lib/armv7e-m/softfp\libnosys.a(close.o)
                0x10087950                _close
 .text._fstat   0x10087960       0x10 d:/mysoftware/cypress/psoc creator/4.4/psoc creator/import/gnu/arm/5.4.1/bin/../lib/gcc/arm-none-eabi/5.4.1/../../../../arm-none-eabi/lib/armv7e-m/softfp\libnosys.a(fstat.o)
                0x10087960                _fstat
 .text._isatty  0x10087970       0x10 d:/mysoftware/cypress/psoc creator/4.4/psoc creator/import/gnu/arm/5.4.1/bin/../lib/gcc/arm-none-eabi/5.4.1/../../../../arm-none-eabi/lib/armv7e-m/softfp\libnosys.a(isatty.o)
                0x10087970                _isatty
 .text._lseek   0x10087980       0x10 d:/mysoftware/cypress/psoc creator/4.4/psoc creator/import/gnu/arm/5.4.1/bin/../lib/gcc/arm-none-eabi/5.4.1/../../../../arm-none-eabi/lib/armv7e-m/softfp\libnosys.a(lseek.o)
                0x10087980                _lseek
 .text._sbrk    0x10087990       0x1c d:/mysoftware/cypress/psoc creator/4.4/psoc creator/import/gnu/arm/5.4.1/bin/../lib/gcc/arm-none-eabi/5.4.1/../../../../arm-none-eabi/lib/armv7e-m/softfp\libnosys.a(sbrk.o)
                0x10087990                _sbrk
 *(.init)
 .init          0x100879ac        0x4 d:/mysoftware/cypress/psoc creator/4.4/psoc creator/import/gnu/arm/5.4.1/bin/../lib/gcc/arm-none-eabi/5.4.1/armv7e-m/softfp/crti.o
                0x100879ac                _init
 .init          0x100879b0        0x8 d:/mysoftware/cypress/psoc creator/4.4/psoc creator/import/gnu/arm/5.4.1/bin/../lib/gcc/arm-none-eabi/5.4.1/armv7e-m/softfp/crtn.o
 *(.fini)
 .fini          0x100879b8        0x4 d:/mysoftware/cypress/psoc creator/4.4/psoc creator/import/gnu/arm/5.4.1/bin/../lib/gcc/arm-none-eabi/5.4.1/armv7e-m/softfp/crti.o
                0x100879b8                _fini
 .fini          0x100879bc        0x8 d:/mysoftware/cypress/psoc creator/4.4/psoc creator/import/gnu/arm/5.4.1/bin/../lib/gcc/arm-none-eabi/5.4.1/armv7e-m/softfp/crtn.o
 *crtbegin.o(.ctors)
 *crtbegin?.o(.ctors)
 *(EXCLUDE_FILE(*crtend.o *crtend?.o) .ctors)
 *(SORT(.ctors.*))
 *(.ctors)
 *crtbegin.o(.dtors)
 *crtbegin?.o(.dtors)
 *(EXCLUDE_FILE(*crtend.o *crtend?.o) .dtors)
 *(SORT(.dtors.*))
 *(.dtors)
 *(.rodata .rodata.* .constdata .constdata.* .conststring .conststring.*)
 .rodata        0x100879c4       0x30 .\CortexM4\ARM_GCC_541\Debug\ledTask.o
 .rodata.str1.4
                0x100879f4       0xaa .\CortexM4\ARM_GCC_541\Debug\ledTask.o
 *fill*         0x10087a9e        0x2 
 .rodata.str1.4
                0x10087aa0      0x178 .\CortexM4\ARM_GCC_541\Debug\host_main.o
 .rodata        0x10087c18       0x34 .\CortexM4\ARM_GCC_541\Debug\cy_ipc_config.o
 .rodata        0x10087c4c       0x30 .\CortexM4\ARM_GCC_541\Debug\cyfitter_sysint_cfg.o
                0x10087c4c                ADC_1_IRQ_cfg
                0x10087c54                isrTimer_cfg
                0x10087c5c                WS_DMA_INT_cfg
                0x10087c64                WS_SPI_SCB_IRQ_cfg
                0x10087c6c                UART_SCB_IRQ_cfg
                0x10087c74                BLE_bless_isr_cfg
 .rodata        0x10087c7c      0x27e .\CortexM4\ARM_GCC_541\Debug\BLE_config.o
 *fill*         0x10087efa        0x2 
 .rodata        0x10087efc       0x14 .\CortexM4\ARM_GCC_541\Debug\BLE_dis_config.o
 .rodata        0x10087f10        0x8 .\CortexM4\ARM_GCC_541\Debug\BLE_custom_config.o
 .rodata        0x10087f18       0x40 .\CortexM4\ARM_GCC_541\Debug\UART.o
                0x10087f18                UART_config
 .rodata        0x10087f58       0x64 .\CortexM4\ARM_GCC_541\Debug\PWM.o
                0x10087f58                PWM_config
 .rodata.str1.4
                0x10087fbc       0x41 .\CortexM4\ARM_GCC_541\Debug\cy_sysint.o
 *fill*         0x10087ffd        0x3 
 .rodata.str1.4
                0x10088000       0x7f .\CortexM4\ARM_GCC_541\Debug\cy_ipc_drv.o
 *fill*         0x1008807f        0x1 
 .rodata.str1.4
                0x10088080       0x3f .\CortexM4\ARM_GCC_541\Debug\cy_ipc_sema.o
 *fill*         0x100880bf        0x1 
 .rodata.str1.4
                0x100880c0       0x40 .\CortexM4\ARM_GCC_541\Debug\cy_ipc_pipe.o
                                 0x7f (size before relaxing)
 .rodata.str1.4
                0x10088100       0x83 .\CortexM4\ARM_GCC_541\Debug\cy_scb_spi.o
 *fill*         0x10088183        0x1 
 .rodata.str1.4
                0x10088184       0x80 .\CortexM4\ARM_GCC_541\Debug\cy_scb_uart.o
                                 0xc4 (size before relaxing)
 .rodata.str1.4
                0x10088204       0x77 .\CortexM4\ARM_GCC_541\Debug\cy_dma.o
 *fill*         0x1008827b        0x1 
 .rodata.str1.4
                0x1008827c       0x3b .\CortexM4\ARM_GCC_541\Debug\cy_sar.o
 *fill*         0x100882b7        0x1 
 .rodata        0x100882b8       0x10 .\CortexM4\ARM_GCC_541\Debug\cy_ble.o
 .rodata        0x100882c8      0x100 .\CortexM4\ARM_GCC_541\Debug\cy_ble_hal_pvt.o
 .rodata        0x100883c8        0xa .\CortexM4\ARM_GCC_541\Debug\cy_ble_event_handler.o
 *fill*         0x100883d2        0x2 
 .rodata.str1.4
                0x100883d4       0x37 .\CortexM4\ARM_GCC_541\Debug\cy_ble_event_handler.o
 *fill*         0x1008840b        0x1 
 .rodata        0x1008840c       0x34 .\CortexM4\ARM_GCC_541\Debug\WS_SPI.o
                0x1008840c                WS_SPI_config
 .rodata.str1.4
                0x10088440       0x3c .\CortexM4\ARM_GCC_541\Debug\ADC_1_INT.o
                                 0x3b (size before relaxing)
 .rodata        0x1008847c       0x8c .\CortexM4\ARM_GCC_541\Debug\ADC_1_INIT.o
                0x1008847c                ADC_1_allConfigs
 .rodata        0x10088508       0x4c .\CortexM4\ARM_GCC_541\Debug\Timer.o
                0x10088508                Timer_config
 .constdata     0x10088554       0x18 Generated_Source\PSoC6\pdl\middleware\ble\lib\cy_ble_stack_gcc_host_ipc_cm4.a(BT_os.o)
                0x10088554                cyBleStackMemoryConfig
 .constdata     0x1008856c       0x58 Generated_Source\PSoC6\pdl\middleware\ble\lib\cy_ble_stack_gcc_host_ipc_cm4.a(l2cap_init.o)
                0x1008856c                l2cap_le_sig_handler
 .constdata     0x100885c4       0x3c Generated_Source\PSoC6\pdl\middleware\ble\lib\cy_ble_stack_gcc_host_ipc_cm4.a(fsm_engine_pl.o)
                0x100885c4                fsm_module_table
 .constdata     0x10088600      0x110 Generated_Source\PSoC6\pdl\middleware\ble\lib\cy_ble_stack_gcc_host_ipc_cm4.a(gap_hci_iface.o)
                0x10088600                hciCommandCompleteEventHandlers
 .constdata     0x10088710       0x20 Generated_Source\PSoC6\pdl\middleware\ble\lib\cy_ble_stack_gcc_host_ipc_cm4.a(gap_privacy.o)
 .constdata     0x10088730       0x32 Generated_Source\PSoC6\pdl\middleware\ble\lib\cy_ble_stack_gcc_host_ipc_cm4.a(smp_core.o)
                0x10088730                smp_iocap_assoc_map
                0x10088749                smp_sc_iocap_assoc_map
 *fill*         0x10088762        0x2 
 .constdata     0x10088764        0xc Generated_Source\PSoC6\pdl\middleware\ble\lib\cy_ble_stack_gcc_host_ipc_cm4.a(smp_interface.o)
                0x10088764                smp_event_fp
 .constdata     0x10088770       0x22 Generated_Source\PSoC6\pdl\middleware\ble\lib\cy_ble_stack_gcc_host_ipc_cm4.a(smp_utils.o)
                0x10088770                smp_event_map
 *fill*         0x10088792        0x2 
 .constdata     0x10088794       0xb4 Generated_Source\PSoC6\pdl\middleware\ble\lib\cy_ble_stack_gcc_host_ipc_cm4.a(smp_fsm_table.o)
                0x10088794                smp_state_event_table
 .constdata     0x10088848      0x110 Generated_Source\PSoC6\pdl\middleware\ble\lib\cy_ble_stack_gcc_host_ipc_cm4.a(smp_fsm_table.o)
                0x10088848                smp_event_handler_table
 .constdata     0x10088958       0x20 Generated_Source\PSoC6\pdl\middleware\ble\lib\cy_ble_stack_gcc_host_ipc_cm4.a(aes_cmac.o)
                0x10088958                cmac_zero_data
                0x10088968                cmac_rb_data
 .constdata     0x10088978       0x60 Generated_Source\PSoC6\pdl\middleware\ble\lib\cy_ble_stack_gcc_host_ipc_cm4.a(att_fsm_table.o)
                0x10088978                att_state_event_table
 .constdata     0x100889d8       0x58 Generated_Source\PSoC6\pdl\middleware\ble\lib\cy_ble_stack_gcc_host_ipc_cm4.a(att_fsm_table.o)
                0x100889d8                att_event_handler_table
 .rodata.str1.1
                0x10088a30        0x2 d:/mysoftware/cypress/psoc creator/4.4/psoc creator/import/gnu/arm/5.4.1/bin/../lib/gcc/arm-none-eabi/5.4.1/../../../../arm-none-eabi/lib/armv7e-m/softfp\libg_nano.a(lib_a-impure.o)
 *fill*         0x10088a32        0x2 
 .rodata._global_impure_ptr
                0x10088a34        0x4 d:/mysoftware/cypress/psoc creator/4.4/psoc creator/import/gnu/arm/5.4.1/bin/../lib/gcc/arm-none-eabi/5.4.1/../../../../arm-none-eabi/lib/armv7e-m/softfp\libg_nano.a(lib_a-impure.o)
                0x10088a34                _global_impure_ptr
 .rodata.str1.1
                0x10088a38       0x12 d:/mysoftware/cypress/psoc creator/4.4/psoc creator/import/gnu/arm/5.4.1/bin/../lib/gcc/arm-none-eabi/5.4.1/../../../../arm-none-eabi/lib/armv7e-m/softfp\libg_nano.a(lib_a-nano-vfprintf_float.o)
 .rodata.str1.1
                0x10088a4a       0x22 d:/mysoftware/cypress/psoc creator/4.4/psoc creator/import/gnu/arm/5.4.1/bin/../lib/gcc/arm-none-eabi/5.4.1/../../../../arm-none-eabi/lib/armv7e-m/softfp\libg_nano.a(lib_a-nano-vfprintf_i.o)
 .rodata.str1.1
                0x10088a6c        0xd d:/mysoftware/cypress/psoc creator/4.4/psoc creator/import/gnu/arm/5.4.1/bin/../lib/gcc/arm-none-eabi/5.4.1/../../../../arm-none-eabi/lib/armv7e-m/softfp\libg_nano.a(lib_a-dtoa.o)
                                  0xf (size before relaxing)
 *fill*         0x10088a79        0x3 
 .rodata.__sf_fake_stdin
                0x10088a7c       0x20 d:/mysoftware/cypress/psoc creator/4.4/psoc creator/import/gnu/arm/5.4.1/bin/../lib/gcc/arm-none-eabi/5.4.1/../../../../arm-none-eabi/lib/armv7e-m/softfp\libg_nano.a(lib_a-findfp.o)
                0x10088a7c                __sf_fake_stdin
 .rodata.__sf_fake_stdout
                0x10088a9c       0x20 d:/mysoftware/cypress/psoc creator/4.4/psoc creator/import/gnu/arm/5.4.1/bin/../lib/gcc/arm-none-eabi/5.4.1/../../../../arm-none-eabi/lib/armv7e-m/softfp\libg_nano.a(lib_a-findfp.o)
                0x10088a9c                __sf_fake_stdout
 .rodata.__sf_fake_stderr
                0x10088abc       0x20 d:/mysoftware/cypress/psoc creator/4.4/psoc creator/import/gnu/arm/5.4.1/bin/../lib/gcc/arm-none-eabi/5.4.1/../../../../arm-none-eabi/lib/armv7e-m/softfp\libg_nano.a(lib_a-findfp.o)
                0x10088abc                __sf_fake_stderr
 .rodata.str1.1
                0x10088adc        0x8 d:/mysoftware/cypress/psoc creator/4.4/psoc creator/import/gnu/arm/5.4.1/bin/../lib/gcc/arm-none-eabi/5.4.1/../../../../arm-none-eabi/lib/armv7e-m/softfp\libg_nano.a(lib_a-locale.o)
                                  0xb (size before relaxing)
 .rodata.p05.5410
                0x10088ae4        0xc d:/mysoftware/cypress/psoc creator/4.4/psoc creator/import/gnu/arm/5.4.1/bin/../lib/gcc/arm-none-eabi/5.4.1/../../../../arm-none-eabi/lib/armv7e-m/softfp\libg_nano.a(lib_a-mprec.o)
 .rodata.__mprec_bigtens
                0x10088af0       0x28 d:/mysoftware/cypress/psoc creator/4.4/psoc creator/import/gnu/arm/5.4.1/bin/../lib/gcc/arm-none-eabi/5.4.1/../../../../arm-none-eabi/lib/armv7e-m/softfp\libg_nano.a(lib_a-mprec.o)
                0x10088af0                __mprec_bigtens
 .rodata.__mprec_tens
                0x10088b18       0xc8 d:/mysoftware/cypress/psoc creator/4.4/psoc creator/import/gnu/arm/5.4.1/bin/../lib/gcc/arm-none-eabi/5.4.1/../../../../arm-none-eabi/lib/armv7e-m/softfp\libg_nano.a(lib_a-mprec.o)
                0x10088b18                __mprec_tens
 .rodata.str1.1
                0x10088be0       0x11 d:/mysoftware/cypress/psoc creator/4.4/psoc creator/import/gnu/arm/5.4.1/bin/../lib/gcc/arm-none-eabi/5.4.1/../../../../arm-none-eabi/lib/armv7e-m/softfp\libg_nano.a(lib_a-nano-vfprintf.o)
 *(.eh_frame*)
 *fill*         0x10088bf1        0x3 
 .eh_frame      0x10088bf4        0x0 d:/mysoftware/cypress/psoc creator/4.4/psoc creator/import/gnu/arm/5.4.1/bin/../lib/gcc/arm-none-eabi/5.4.1/armv7e-m/softfp/crtbegin.o
 .eh_frame      0x10088bf4        0x4 d:/mysoftware/cypress/psoc creator/4.4/psoc creator/import/gnu/arm/5.4.1/bin/../lib/gcc/arm-none-eabi/5.4.1/armv7e-m/softfp/crtend.o

.glue_7         0x10088bf8        0x0
 .glue_7        0x10088bf8        0x0 linker stubs

.glue_7t        0x10088bf8        0x0
 .glue_7t       0x10088bf8        0x0 linker stubs

.vfp11_veneer   0x10088bf8        0x0
 .vfp11_veneer  0x10088bf8        0x0 linker stubs

.v4_bx          0x10088bf8        0x0
 .v4_bx         0x10088bf8        0x0 linker stubs

.iplt           0x10088bf8        0x0
 .iplt          0x10088bf8        0x0 d:/mysoftware/cypress/psoc creator/4.4/psoc creator/import/gnu/arm/5.4.1/bin/../lib/gcc/arm-none-eabi/5.4.1/armv7e-m/softfp/crtbegin.o

i.CyBleStackMgr_Init
                0x10088bf8       0xdc
 i.CyBleStackMgr_Init
                0x10088bf8       0xdc Generated_Source\PSoC6\pdl\middleware\ble\lib\cy_ble_stack_gcc_host_ipc_cm4.a(CyBleStackMgrIP_Interface.o)
                0x10088bf8                CyBleStackMgr_Init

i.CyBleStackMgr_ProcessBleEvents
                0x10088cd4       0x14
 i.CyBleStackMgr_ProcessBleEvents
                0x10088cd4       0x14 Generated_Source\PSoC6\pdl\middleware\ble\lib\cy_ble_stack_gcc_host_ipc_cm4.a(CyBleStackMgrIP_Interface.o)
                0x10088cd4                CyBleStackMgr_ProcessBleEvents

i.CyBleStackMgr_Shutdown
                0x10088ce8       0x20
 i.CyBleStackMgr_Shutdown
                0x10088ce8       0x20 Generated_Source\PSoC6\pdl\middleware\ble\lib\cy_ble_stack_gcc_host_ipc_cm4.a(CyBleStackMgrIP_Interface.o)
                0x10088ce8                CyBleStackMgr_Shutdown

i.CyBle_GetHeapMemory
                0x10088d08       0x3c
 i.CyBle_GetHeapMemory
                0x10088d08       0x3c Generated_Source\PSoC6\pdl\middleware\ble\lib\cy_ble_stack_gcc_host_ipc_cm4.a(CyBleStackMgrIP_Interface.o)
                0x10088d08                CyBle_GetHeapMemory

i.CyBle_GetNumAppBufferPools
                0x10088d44        0xc
 i.CyBle_GetNumAppBufferPools
                0x10088d44        0xc Generated_Source\PSoC6\pdl\middleware\ble\lib\cy_ble_stack_gcc_host_ipc_cm4.a(CyBleStackMgrIP_Interface.o)
                0x10088d44                CyBle_GetNumAppBufferPools

i.CyBle_HostStackBufferPoolInit
                0x10088d50       0xc4
 i.CyBle_HostStackBufferPoolInit
                0x10088d50       0xc4 Generated_Source\PSoC6\pdl\middleware\ble\lib\cy_ble_stack_gcc_host_ipc_cm4.a(CyBleStackMgrIP_Interface.o)

i.CyBle_SortBufers
                0x10088e14       0x40
 i.CyBle_SortBufers
                0x10088e14       0x40 Generated_Source\PSoC6\pdl\middleware\ble\lib\cy_ble_stack_gcc_host_ipc_cm4.a(CyBleStackMgrIP_Interface.o)
                0x10088e14                CyBle_SortBufers

i.CyBle_StackGetConfigPtr
                0x10088e54        0x8
 i.CyBle_StackGetConfigPtr
                0x10088e54        0x8 Generated_Source\PSoC6\pdl\middleware\ble\lib\cy_ble_stack_gcc_host_ipc_cm4.a(CyBleStackMgrIP_Interface.o)
                0x10088e54                CyBle_StackGetConfigPtr

i.Cy_BLE_EnableDleFeature
                0x10088e5c        0x4
 i.Cy_BLE_EnableDleFeature
                0x10088e5c        0x4 Generated_Source\PSoC6\pdl\middleware\ble\lib\cy_ble_stack_gcc_host_ipc_cm4.a(CyBleStackMgrIP_Interface.o)
                0x10088e5c                Cy_BLE_EnableDleFeature

i.Cy_BLE_EnablePhyUpdateFeature
                0x10088e60        0x4
 i.Cy_BLE_EnablePhyUpdateFeature
                0x10088e60        0x4 Generated_Source\PSoC6\pdl\middleware\ble\lib\cy_ble_stack_gcc_host_ipc_cm4.a(CyBleStackMgrIP_Interface.o)
                0x10088e60                Cy_BLE_EnablePhyUpdateFeature

i.Cy_BLE_EnablePrivacyFeature
                0x10088e64        0x4
 i.Cy_BLE_EnablePrivacyFeature
                0x10088e64        0x4 Generated_Source\PSoC6\pdl\middleware\ble\lib\cy_ble_stack_gcc_host_ipc_cm4.a(CyBleStackMgrIP_Interface.o)
                0x10088e64                Cy_BLE_EnablePrivacyFeature

i.Cy_BLE_GetStackLibraryVersion
                0x10088e68       0x1c
 i.Cy_BLE_GetStackLibraryVersion
                0x10088e68       0x1c Generated_Source\PSoC6\pdl\middleware\ble\lib\cy_ble_stack_gcc_host_ipc_cm4.a(CyBleStackMgrIP_Interface.o)
                0x10088e68                Cy_BLE_GetStackLibraryVersion

i.Cy_BLE_ProcessEvents
                0x10088e84        0x4
 i.Cy_BLE_ProcessEvents
                0x10088e84        0x4 Generated_Source\PSoC6\pdl\middleware\ble\lib\cy_ble_stack_gcc_host_ipc_cm4.a(CyBleStackMgrIP_Interface.o)
                0x10088e84                Cy_BLE_ProcessEvents

i.Cy_BLE_StackEnterLPM
                0x10088e88       0x16
 i.Cy_BLE_StackEnterLPM
                0x10088e88       0x16 Generated_Source\PSoC6\pdl\middleware\ble\lib\cy_ble_stack_gcc_host_ipc_cm4.a(CyBleStackMgrIP_Interface.o)
                0x10088e88                Cy_BLE_StackEnterLPM

i.Cy_BLE_StackGetBleSsState
                0x10088e9e        0x4
 i.Cy_BLE_StackGetBleSsState
                0x10088e9e        0x4 Generated_Source\PSoC6\pdl\middleware\ble\lib\cy_ble_stack_gcc_host_ipc_cm4.a(CyBleStackMgrIP_Interface.o)
                0x10088e9e                Cy_BLE_StackGetBleSsState

i.Cy_BLE_StackGetFeatureConfig
                0x10088ea4       0x20
 i.Cy_BLE_StackGetFeatureConfig
                0x10088ea4       0x20 Generated_Source\PSoC6\pdl\middleware\ble\lib\cy_ble_stack_gcc_host_ipc_cm4.a(CyBleStackMgrIP_Interface.o)
                0x10088ea4                Cy_BLE_StackGetFeatureConfig

i.Cy_BLE_StackInit
                0x10088ec4       0x70
 i.Cy_BLE_StackInit
                0x10088ec4       0x70 Generated_Source\PSoC6\pdl\middleware\ble\lib\cy_ble_stack_gcc_host_ipc_cm4.a(CyBleStackMgrIP_Interface.o)
                0x10088ec4                Cy_BLE_StackInit

i.Cy_BLE_StackSetFeatureConfig
                0x10088f34       0x54
 i.Cy_BLE_StackSetFeatureConfig
                0x10088f34       0x54 Generated_Source\PSoC6\pdl\middleware\ble\lib\cy_ble_stack_gcc_host_ipc_cm4.a(CyBleStackMgrIP_Interface.o)
                0x10088f34                Cy_BLE_StackSetFeatureConfig

i.ble_stack_idle_task_callback
                0x10088f88        0x2
 i.ble_stack_idle_task_callback
                0x10088f88        0x2 Generated_Source\PSoC6\pdl\middleware\ble\lib\cy_ble_stack_gcc_host_ipc_cm4.a(CyBleStackMgrIP_Interface.o)
                0x10088f88                ble_stack_idle_task_callback

i.BT_OSFreeBuf  0x10088f8c       0x20
 i.BT_OSFreeBuf
                0x10088f8c       0x20 Generated_Source\PSoC6\pdl\middleware\ble\lib\cy_ble_stack_gcc_host_ipc_cm4.a(BT_os.o)
                0x10088f8c                BT_OSFreeBuf

i.BT_OSGetBuF   0x10088fac       0x30
 i.BT_OSGetBuF  0x10088fac       0x30 Generated_Source\PSoC6\pdl\middleware\ble\lib\cy_ble_stack_gcc_host_ipc_cm4.a(BT_os.o)
                0x10088fac                BT_OSGetBuF

i.BT_OSMemCreate
                0x10088fdc       0x3c
 i.BT_OSMemCreate
                0x10088fdc       0x3c Generated_Source\PSoC6\pdl\middleware\ble\lib\cy_ble_stack_gcc_host_ipc_cm4.a(BT_os.o)
                0x10088fdc                BT_OSMemCreate

i.BT_alloc_mem_ext
                0x10089018       0x40
 i.BT_alloc_mem_ext
                0x10089018       0x40 Generated_Source\PSoC6\pdl\middleware\ble\lib\cy_ble_stack_gcc_host_ipc_cm4.a(BT_os.o)
                0x10089018                BT_alloc_mem_ext

i.BT_free_mem   0x10089058        0xa
 i.BT_free_mem  0x10089058        0xa Generated_Source\PSoC6\pdl\middleware\ble\lib\cy_ble_stack_gcc_host_ipc_cm4.a(BT_os.o)
                0x10089058                BT_free_mem

i.bt_stack_create_buffer_pool
                0x10089064       0x2c
 i.bt_stack_create_buffer_pool
                0x10089064       0x2c Generated_Source\PSoC6\pdl\middleware\ble\lib\cy_ble_stack_gcc_host_ipc_cm4.a(BT_os.o)
                0x10089064                bt_stack_create_buffer_pool

i.CyBle_CreateBleStackTask
                0x10089090       0x30
 i.CyBle_CreateBleStackTask
                0x10089090       0x30 Generated_Source\PSoC6\pdl\middleware\ble\lib\cy_ble_stack_gcc_host_ipc_cm4.a(CyBleStackMgr_StackTaskHandler.o)
                0x10089090                CyBle_CreateBleStackTask

i.CyBle_SignalBleStackTask
                0x100890c0       0x38
 i.CyBle_SignalBleStackTask
                0x100890c0       0x38 Generated_Source\PSoC6\pdl\middleware\ble\lib\cy_ble_stack_gcc_host_ipc_cm4.a(CyBleStackMgr_StackTaskHandler.o)
                0x100890c0                CyBle_SignalBleStackTask

i.CyBle_StackTaskHandler
                0x100890f8       0x74
 i.CyBle_StackTaskHandler
                0x100890f8       0x74 Generated_Source\PSoC6\pdl\middleware\ble\lib\cy_ble_stack_gcc_host_ipc_cm4.a(CyBleStackMgr_StackTaskHandler.o)
                0x100890f8                CyBle_StackTaskHandler

i.IsStackTaskFree
                0x1008916c        0xc
 i.IsStackTaskFree
                0x1008916c        0xc Generated_Source\PSoC6\pdl\middleware\ble\lib\cy_ble_stack_gcc_host_ipc_cm4.a(CyBleStackMgr_StackTaskHandler.o)
                0x1008916c                IsStackTaskFree

i.storage_bt_init_pl
                0x10089178       0x8c
 i.storage_bt_init_pl
                0x10089178       0x8c Generated_Source\PSoC6\pdl\middleware\ble\lib\cy_ble_stack_gcc_host_ipc_cm4.a(storage_pl.o)
                0x10089178                storage_bt_init_pl

i.storage_bt_reset_offset
                0x10089204       0x3c
 i.storage_bt_reset_offset
                0x10089204       0x3c Generated_Source\PSoC6\pdl\middleware\ble\lib\cy_ble_stack_gcc_host_ipc_cm4.a(storage_pl.o)
                0x10089204                storage_bt_reset_offset

i.storage_manager_init
                0x10089240       0x54
 i.storage_manager_init
                0x10089240       0x54 Generated_Source\PSoC6\pdl\middleware\ble\lib\cy_ble_stack_gcc_host_ipc_cm4.a(storage_pl.o)
                0x10089240                storage_manager_init

i.storage_manager_register_module
                0x10089294       0x68
 i.storage_manager_register_module
                0x10089294       0x68 Generated_Source\PSoC6\pdl\middleware\ble\lib\cy_ble_stack_gcc_host_ipc_cm4.a(storage_pl.o)
                0x10089294                storage_manager_register_module

i.storage_validate_init_params
                0x100892fc       0x98
 i.storage_validate_init_params
                0x100892fc       0x98 Generated_Source\PSoC6\pdl\middleware\ble\lib\cy_ble_stack_gcc_host_ipc_cm4.a(storage_pl.o)
                0x100892fc                storage_validate_init_params

i.OS_init       0x10089394       0x64
 i.OS_init      0x10089394       0x64 Generated_Source\PSoC6\pdl\middleware\ble\lib\cy_ble_stack_gcc_host_ipc_cm4.a(mint_os.o)
                0x10089394                OS_init

i.OS_shutdown   0x100893f8        0x4
 i.OS_shutdown  0x100893f8        0x4 Generated_Source\PSoC6\pdl\middleware\ble\lib\cy_ble_stack_gcc_host_ipc_cm4.a(mint_os.o)
                0x100893f8                OS_shutdown

i.mintos_malloc
                0x100893fc       0x34
 i.mintos_malloc
                0x100893fc       0x34 Generated_Source\PSoC6\pdl\middleware\ble\lib\cy_ble_stack_gcc_host_ipc_cm4.a(mint_os.o)
                0x100893fc                mintos_malloc

i.OS_create_queue
                0x10089430       0x74
 i.OS_create_queue
                0x10089430       0x74 Generated_Source\PSoC6\pdl\middleware\ble\lib\cy_ble_stack_gcc_host_ipc_cm4.a(mint_os_queue.o)
                0x10089430                OS_create_queue

i.OS_enqueue_item
                0x100894a4       0x9c
 i.OS_enqueue_item
                0x100894a4       0x9c Generated_Source\PSoC6\pdl\middleware\ble\lib\cy_ble_stack_gcc_host_ipc_cm4.a(mint_os_queue.o)
                0x100894a4                OS_enqueue_item

i.OS_queue_get_num_of_items
                0x10089540       0x2c
 i.OS_queue_get_num_of_items
                0x10089540       0x2c Generated_Source\PSoC6\pdl\middleware\ble\lib\cy_ble_stack_gcc_host_ipc_cm4.a(mint_os_queue.o)
                0x10089540                OS_queue_get_num_of_items

i.OS_queue_mgmt_init
                0x1008956c       0x58
 i.OS_queue_mgmt_init
                0x1008956c       0x58 Generated_Source\PSoC6\pdl\middleware\ble\lib\cy_ble_stack_gcc_host_ipc_cm4.a(mint_os_queue.o)
                0x1008956c                OS_queue_mgmt_init

i.OS_remove_item
                0x100895c4       0xb8
 i.OS_remove_item
                0x100895c4       0xb8 Generated_Source\PSoC6\pdl\middleware\ble\lib\cy_ble_stack_gcc_host_ipc_cm4.a(mint_os_queue.o)
                0x100895c4                OS_remove_item

i.OS_create_task
                0x1008967c       0x88
 i.OS_create_task
                0x1008967c       0x88 Generated_Source\PSoC6\pdl\middleware\ble\lib\cy_ble_stack_gcc_host_ipc_cm4.a(mint_os_task.o)
                0x1008967c                OS_create_task

i.OS_is_task_free
                0x10089704       0x30
 i.OS_is_task_free
                0x10089704       0x30 Generated_Source\PSoC6\pdl\middleware\ble\lib\cy_ble_stack_gcc_host_ipc_cm4.a(mint_os_task.o)
                0x10089704                OS_is_task_free

i.OS_scheduler  0x10089734       0x64
 i.OS_scheduler
                0x10089734       0x64 Generated_Source\PSoC6\pdl\middleware\ble\lib\cy_ble_stack_gcc_host_ipc_cm4.a(mint_os_task.o)
                0x10089734                OS_scheduler

i.OS_send_signal_to_task
                0x10089798        0xc
 i.OS_send_signal_to_task
                0x10089798        0xc Generated_Source\PSoC6\pdl\middleware\ble\lib\cy_ble_stack_gcc_host_ipc_cm4.a(mint_os_task.o)
                0x10089798                OS_send_signal_to_task

i.OS_send_signal_to_task_context
                0x100897a4       0x3c
 i.OS_send_signal_to_task_context
                0x100897a4       0x3c Generated_Source\PSoC6\pdl\middleware\ble\lib\cy_ble_stack_gcc_host_ipc_cm4.a(mint_os_task.o)

i.OS_task_mgmt_init
                0x100897e0       0x60
 i.OS_task_mgmt_init
                0x100897e0       0x60 Generated_Source\PSoC6\pdl\middleware\ble\lib\cy_ble_stack_gcc_host_ipc_cm4.a(mint_os_task.o)
                0x100897e0                OS_task_mgmt_init

i.mint_buf_mgmt_allocate_buffer
                0x10089840       0x54
 i.mint_buf_mgmt_allocate_buffer
                0x10089840       0x54 Generated_Source\PSoC6\pdl\middleware\ble\lib\cy_ble_stack_gcc_host_ipc_cm4.a(mint_buf_mgmt.o)