ARM GAS  C:\Users\43479\AppData\Local\Temp\ccnK1GAg.s 			page 1


   1              		.syntax unified
   2              		.cpu cortex-m0plus
   3              		.fpu softvfp
   4              		.eabi_attribute 20, 1
   5              		.eabi_attribute 21, 1
   6              		.eabi_attribute 23, 3
   7              		.eabi_attribute 24, 1
   8              		.eabi_attribute 25, 1
   9              		.eabi_attribute 26, 1
  10              		.eabi_attribute 30, 1
  11              		.eabi_attribute 34, 0
  12              		.eabi_attribute 18, 4
  13              		.thumb
  14              		.syntax unified
  15              		.file	"cyfitter_amux.c"
  16              		.text
  17              	.Ltext0:
  18              		.cfi_sections	.debug_frame
  19              		.section	.text.AMux_2_Set,"ax",%progbits
  20              		.align	2
  21              		.global	AMux_2_Set
  22              		.code	16
  23              		.thumb_func
  24              		.type	AMux_2_Set, %function
  25              	AMux_2_Set:
  26              	.LFB39:
  27              		.file 1 "Generated_Source\\PSoC6\\cyfitter_amux.c"
   1:Generated_Source\PSoC6/cyfitter_amux.c **** /*******************************************************************************
   2:Generated_Source\PSoC6/cyfitter_amux.c **** * File Name: cyfitter_amux.c
   3:Generated_Source\PSoC6/cyfitter_amux.c **** * 
   4:Generated_Source\PSoC6/cyfitter_amux.c **** * PSoC Creator  4.4
   5:Generated_Source\PSoC6/cyfitter_amux.c **** *
   6:Generated_Source\PSoC6/cyfitter_amux.c **** * Description:
   7:Generated_Source\PSoC6/cyfitter_amux.c **** * APIs for analog mux channel switching
   8:Generated_Source\PSoC6/cyfitter_amux.c **** * This file is automatically generated by PSoC Creator.
   9:Generated_Source\PSoC6/cyfitter_amux.c **** *
  10:Generated_Source\PSoC6/cyfitter_amux.c **** ********************************************************************************
  11:Generated_Source\PSoC6/cyfitter_amux.c **** * Copyright (c) 2007-2020 Cypress Semiconductor.  All rights reserved.
  12:Generated_Source\PSoC6/cyfitter_amux.c **** * You may use this file only in accordance with the license, terms, conditions, 
  13:Generated_Source\PSoC6/cyfitter_amux.c **** * disclaimers, and limitations in the end user license agreement accompanying 
  14:Generated_Source\PSoC6/cyfitter_amux.c **** * the software package with which this file was provided.
  15:Generated_Source\PSoC6/cyfitter_amux.c **** ********************************************************************************/
  16:Generated_Source\PSoC6/cyfitter_amux.c **** 
  17:Generated_Source\PSoC6/cyfitter_amux.c **** #include "cyfitter_cfg.h"
  18:Generated_Source\PSoC6/cyfitter_amux.c **** #include "cydevice_trm.h"
  19:Generated_Source\PSoC6/cyfitter_amux.c **** #include <string.h>
  20:Generated_Source\PSoC6/cyfitter_amux.c **** 
  21:Generated_Source\PSoC6/cyfitter_amux.c **** #if defined(__GNUC__) || defined(__ARMCC_VERSION)
  22:Generated_Source\PSoC6/cyfitter_amux.c ****     #define CYPACKED 
  23:Generated_Source\PSoC6/cyfitter_amux.c ****     #define CYPACKED_ATTR __attribute__ ((packed))
  24:Generated_Source\PSoC6/cyfitter_amux.c ****     #define CYALIGNED __attribute__ ((aligned))
  25:Generated_Source\PSoC6/cyfitter_amux.c ****     #define CY_CFG_UNUSED __attribute__ ((unused))
  26:Generated_Source\PSoC6/cyfitter_amux.c ****     #ifndef CY_CFG_SECTION
  27:Generated_Source\PSoC6/cyfitter_amux.c ****         #define CY_CFG_SECTION __attribute__ ((section(".psocinit")))
  28:Generated_Source\PSoC6/cyfitter_amux.c ****     #endif
  29:Generated_Source\PSoC6/cyfitter_amux.c ****     
  30:Generated_Source\PSoC6/cyfitter_amux.c ****     #if defined(__ARMCC_VERSION)
ARM GAS  C:\Users\43479\AppData\Local\Temp\ccnK1GAg.s 			page 2


  31:Generated_Source\PSoC6/cyfitter_amux.c ****         #define CY_CFG_MEMORY_BARRIER() __memory_changed()
  32:Generated_Source\PSoC6/cyfitter_amux.c ****     #else
  33:Generated_Source\PSoC6/cyfitter_amux.c ****         #define CY_CFG_MEMORY_BARRIER() __sync_synchronize()
  34:Generated_Source\PSoC6/cyfitter_amux.c ****     #endif
  35:Generated_Source\PSoC6/cyfitter_amux.c ****     
  36:Generated_Source\PSoC6/cyfitter_amux.c **** #elif defined(__ICCARM__)
  37:Generated_Source\PSoC6/cyfitter_amux.c ****     #include <intrinsics.h>
  38:Generated_Source\PSoC6/cyfitter_amux.c **** 
  39:Generated_Source\PSoC6/cyfitter_amux.c ****     #define CYPACKED __packed
  40:Generated_Source\PSoC6/cyfitter_amux.c ****     #define CYPACKED_ATTR 
  41:Generated_Source\PSoC6/cyfitter_amux.c ****     #define CYALIGNED _Pragma("data_alignment=4")
  42:Generated_Source\PSoC6/cyfitter_amux.c ****     #define CY_CFG_UNUSED _Pragma("diag_suppress=Pe177")
  43:Generated_Source\PSoC6/cyfitter_amux.c ****     #define CY_CFG_SECTION _Pragma("location=\".psocinit\"")
  44:Generated_Source\PSoC6/cyfitter_amux.c ****     
  45:Generated_Source\PSoC6/cyfitter_amux.c ****     #define CY_CFG_MEMORY_BARRIER() __DMB()
  46:Generated_Source\PSoC6/cyfitter_amux.c ****     
  47:Generated_Source\PSoC6/cyfitter_amux.c **** #else
  48:Generated_Source\PSoC6/cyfitter_amux.c ****     #error Unsupported toolchain
  49:Generated_Source\PSoC6/cyfitter_amux.c **** #endif
  50:Generated_Source\PSoC6/cyfitter_amux.c **** 
  51:Generated_Source\PSoC6/cyfitter_amux.c **** #ifndef CYCODE
  52:Generated_Source\PSoC6/cyfitter_amux.c ****     #define CYCODE
  53:Generated_Source\PSoC6/cyfitter_amux.c **** #endif
  54:Generated_Source\PSoC6/cyfitter_amux.c **** #ifndef CYDATA
  55:Generated_Source\PSoC6/cyfitter_amux.c ****     #define CYDATA
  56:Generated_Source\PSoC6/cyfitter_amux.c **** #endif
  57:Generated_Source\PSoC6/cyfitter_amux.c **** #ifndef CYFAR
  58:Generated_Source\PSoC6/cyfitter_amux.c ****     #define CYFAR
  59:Generated_Source\PSoC6/cyfitter_amux.c **** #endif
  60:Generated_Source\PSoC6/cyfitter_amux.c **** #ifndef CYXDATA
  61:Generated_Source\PSoC6/cyfitter_amux.c ****     #define CYXDATA
  62:Generated_Source\PSoC6/cyfitter_amux.c **** #endif
  63:Generated_Source\PSoC6/cyfitter_amux.c **** 
  64:Generated_Source\PSoC6/cyfitter_amux.c **** 
  65:Generated_Source\PSoC6/cyfitter_amux.c **** CY_CFG_UNUSED
  66:Generated_Source\PSoC6/cyfitter_amux.c **** static void CYMEMZERO(void *s, size_t n);
  67:Generated_Source\PSoC6/cyfitter_amux.c **** CY_CFG_UNUSED
  68:Generated_Source\PSoC6/cyfitter_amux.c **** static void CYMEMZERO(void *s, size_t n)
  69:Generated_Source\PSoC6/cyfitter_amux.c **** {
  70:Generated_Source\PSoC6/cyfitter_amux.c **** 	(void)memset(s, 0, n);
  71:Generated_Source\PSoC6/cyfitter_amux.c **** }
  72:Generated_Source\PSoC6/cyfitter_amux.c **** CY_CFG_UNUSED
  73:Generated_Source\PSoC6/cyfitter_amux.c **** static void CYCONFIGCPY(void *dest, const void *src, size_t n);
  74:Generated_Source\PSoC6/cyfitter_amux.c **** CY_CFG_UNUSED
  75:Generated_Source\PSoC6/cyfitter_amux.c **** static void CYCONFIGCPY(void *dest, const void *src, size_t n)
  76:Generated_Source\PSoC6/cyfitter_amux.c **** {
  77:Generated_Source\PSoC6/cyfitter_amux.c **** 	(void)memcpy(dest, src, n);
  78:Generated_Source\PSoC6/cyfitter_amux.c **** }
  79:Generated_Source\PSoC6/cyfitter_amux.c **** CY_CFG_UNUSED
  80:Generated_Source\PSoC6/cyfitter_amux.c **** static void CYCONFIGCPYCODE(void *dest, const void *src, size_t n);
  81:Generated_Source\PSoC6/cyfitter_amux.c **** CY_CFG_UNUSED
  82:Generated_Source\PSoC6/cyfitter_amux.c **** static void CYCONFIGCPYCODE(void *dest, const void *src, size_t n)
  83:Generated_Source\PSoC6/cyfitter_amux.c **** {
  84:Generated_Source\PSoC6/cyfitter_amux.c **** 	(void)memcpy(dest, src, n);
  85:Generated_Source\PSoC6/cyfitter_amux.c **** }
  86:Generated_Source\PSoC6/cyfitter_amux.c **** 
  87:Generated_Source\PSoC6/cyfitter_amux.c **** 
ARM GAS  C:\Users\43479\AppData\Local\Temp\ccnK1GAg.s 			page 3


  88:Generated_Source\PSoC6/cyfitter_amux.c **** #define CY_AMUX_UNUSED CYREG_CPUSS_CM0_STATUS
  89:Generated_Source\PSoC6/cyfitter_amux.c **** /*******************************************************************************
  90:Generated_Source\PSoC6/cyfitter_amux.c **** * Function Name: AMux_2_Set
  91:Generated_Source\PSoC6/cyfitter_amux.c **** ********************************************************************************
  92:Generated_Source\PSoC6/cyfitter_amux.c **** * Summary:
  93:Generated_Source\PSoC6/cyfitter_amux.c **** *  This function is used to set a particular channel as active on the AMux.
  94:Generated_Source\PSoC6/cyfitter_amux.c **** *
  95:Generated_Source\PSoC6/cyfitter_amux.c **** * Parameters:  
  96:Generated_Source\PSoC6/cyfitter_amux.c **** *   channel - The mux channel input to set as active
  97:Generated_Source\PSoC6/cyfitter_amux.c **** *
  98:Generated_Source\PSoC6/cyfitter_amux.c **** * Return:
  99:Generated_Source\PSoC6/cyfitter_amux.c **** *   void
 100:Generated_Source\PSoC6/cyfitter_amux.c **** *
 101:Generated_Source\PSoC6/cyfitter_amux.c **** *******************************************************************************/
 102:Generated_Source\PSoC6/cyfitter_amux.c **** void AMux_2_Set(uint8 channel)
 103:Generated_Source\PSoC6/cyfitter_amux.c **** {
  28              		.loc 1 103 0
  29              		.cfi_startproc
  30              		@ args = 0, pretend = 0, frame = 0
  31              		@ frame_needed = 0, uses_anonymous_args = 0
  32              		@ link register save eliminated.
  33              	.LVL0:
 104:Generated_Source\PSoC6/cyfitter_amux.c **** 	switch (channel) {
  34              		.loc 1 104 0
  35 0000 0528     		cmp	r0, #5
  36 0002 20D8     		bhi	.L1
  37 0004 8000     		lsls	r0, r0, #2
  38              	.LVL1:
  39 0006 104B     		ldr	r3, .L10
  40 0008 1B58     		ldr	r3, [r3, r0]
  41 000a 9F46     		mov	pc, r3
  42              		.section	.rodata
  43              		.align	2
  44              	.L4:
  45 0000 0C000000 		.word	.L3
  46 0004 16000000 		.word	.L5
  47 0008 20000000 		.word	.L6
  48 000c 2A000000 		.word	.L7
  49 0010 34000000 		.word	.L8
  50 0014 3E000000 		.word	.L9
  51              		.section	.text.AMux_2_Set
  52              	.L3:
 105:Generated_Source\PSoC6/cyfitter_amux.c **** 		case 0u:
 106:Generated_Source\PSoC6/cyfitter_amux.c **** 			CY_SET_REG32((void CYXDATA *)CYREG_SAR_MUX_SWITCH0, (0x100u));
  53              		.loc 1 106 0
  54 000c 8022     		movs	r2, #128
  55 000e 5200     		lsls	r2, r2, #1
  56 0010 0E4B     		ldr	r3, .L10+4
  57 0012 1A60     		str	r2, [r3]
 107:Generated_Source\PSoC6/cyfitter_amux.c **** 			break;
  58              		.loc 1 107 0
  59 0014 17E0     		b	.L1
  60              	.L5:
 108:Generated_Source\PSoC6/cyfitter_amux.c **** 		case 1u:
 109:Generated_Source\PSoC6/cyfitter_amux.c **** 			CY_SET_REG32((void CYXDATA *)CYREG_SAR_MUX_SWITCH0, (0x200u));
  61              		.loc 1 109 0
  62 0016 8022     		movs	r2, #128
ARM GAS  C:\Users\43479\AppData\Local\Temp\ccnK1GAg.s 			page 4


  63 0018 9200     		lsls	r2, r2, #2
  64 001a 0C4B     		ldr	r3, .L10+4
  65 001c 1A60     		str	r2, [r3]
 110:Generated_Source\PSoC6/cyfitter_amux.c **** 			break;
  66              		.loc 1 110 0
  67 001e 12E0     		b	.L1
  68              	.L6:
 111:Generated_Source\PSoC6/cyfitter_amux.c **** 		case 2u:
 112:Generated_Source\PSoC6/cyfitter_amux.c **** 			CY_SET_REG32((void CYXDATA *)CYREG_SAR_MUX_SWITCH0, (0x400u));
  69              		.loc 1 112 0
  70 0020 8022     		movs	r2, #128
  71 0022 D200     		lsls	r2, r2, #3
  72 0024 094B     		ldr	r3, .L10+4
  73 0026 1A60     		str	r2, [r3]
 113:Generated_Source\PSoC6/cyfitter_amux.c **** 			break;
  74              		.loc 1 113 0
  75 0028 0DE0     		b	.L1
  76              	.L7:
 114:Generated_Source\PSoC6/cyfitter_amux.c **** 		case 3u:
 115:Generated_Source\PSoC6/cyfitter_amux.c **** 			CY_SET_REG32((void CYXDATA *)CYREG_SAR_MUX_SWITCH0, (0x800u));
  77              		.loc 1 115 0
  78 002a 8022     		movs	r2, #128
  79 002c 1201     		lsls	r2, r2, #4
  80 002e 074B     		ldr	r3, .L10+4
  81 0030 1A60     		str	r2, [r3]
 116:Generated_Source\PSoC6/cyfitter_amux.c **** 			break;
  82              		.loc 1 116 0
  83 0032 08E0     		b	.L1
  84              	.L8:
 117:Generated_Source\PSoC6/cyfitter_amux.c **** 		case 4u:
 118:Generated_Source\PSoC6/cyfitter_amux.c **** 			CY_SET_REG32((void CYXDATA *)CYREG_SAR_MUX_SWITCH0, (0x1000u));
  85              		.loc 1 118 0
  86 0034 8022     		movs	r2, #128
  87 0036 5201     		lsls	r2, r2, #5
  88 0038 044B     		ldr	r3, .L10+4
  89 003a 1A60     		str	r2, [r3]
 119:Generated_Source\PSoC6/cyfitter_amux.c **** 			break;
  90              		.loc 1 119 0
  91 003c 03E0     		b	.L1
  92              	.L9:
 120:Generated_Source\PSoC6/cyfitter_amux.c **** 		case 5u:
 121:Generated_Source\PSoC6/cyfitter_amux.c **** 			CY_SET_REG32((void CYXDATA *)CYREG_SAR_MUX_SWITCH0, (0x2000u));
  93              		.loc 1 121 0
  94 003e 8022     		movs	r2, #128
  95 0040 9201     		lsls	r2, r2, #6
  96 0042 024B     		ldr	r3, .L10+4
  97 0044 1A60     		str	r2, [r3]
  98              	.L1:
 122:Generated_Source\PSoC6/cyfitter_amux.c **** 			break;
 123:Generated_Source\PSoC6/cyfitter_amux.c **** 		default:
 124:Generated_Source\PSoC6/cyfitter_amux.c **** 			break;
 125:Generated_Source\PSoC6/cyfitter_amux.c **** 	}
 126:Generated_Source\PSoC6/cyfitter_amux.c **** }
  99              		.loc 1 126 0
 100              		@ sp needed
 101 0046 7047     		bx	lr
 102              	.L11:
ARM GAS  C:\Users\43479\AppData\Local\Temp\ccnK1GAg.s 			page 5


 103              		.align	2
 104              	.L10:
 105 0048 00000000 		.word	.L4
 106 004c 00031D41 		.word	1092420352
 107              		.cfi_endproc
 108              	.LFE39:
 109              		.size	AMux_2_Set, .-AMux_2_Set
 110              		.section	.text.AMux_2_Unset,"ax",%progbits
 111              		.align	2
 112              		.global	AMux_2_Unset
 113              		.code	16
 114              		.thumb_func
 115              		.type	AMux_2_Unset, %function
 116              	AMux_2_Unset:
 117              	.LFB40:
 127:Generated_Source\PSoC6/cyfitter_amux.c **** 
 128:Generated_Source\PSoC6/cyfitter_amux.c **** /*******************************************************************************
 129:Generated_Source\PSoC6/cyfitter_amux.c **** * Function Name: AMux_2_Unset
 130:Generated_Source\PSoC6/cyfitter_amux.c **** ********************************************************************************
 131:Generated_Source\PSoC6/cyfitter_amux.c **** * Summary:
 132:Generated_Source\PSoC6/cyfitter_amux.c **** *  This function is used to clear a particular channel from being active on the
 133:Generated_Source\PSoC6/cyfitter_amux.c **** *  AMux.
 134:Generated_Source\PSoC6/cyfitter_amux.c **** *
 135:Generated_Source\PSoC6/cyfitter_amux.c **** * Parameters:  
 136:Generated_Source\PSoC6/cyfitter_amux.c **** *   channel - The mux channel input to mark inactive
 137:Generated_Source\PSoC6/cyfitter_amux.c **** *
 138:Generated_Source\PSoC6/cyfitter_amux.c **** * Return:
 139:Generated_Source\PSoC6/cyfitter_amux.c **** *   void
 140:Generated_Source\PSoC6/cyfitter_amux.c **** *
 141:Generated_Source\PSoC6/cyfitter_amux.c **** *******************************************************************************/
 142:Generated_Source\PSoC6/cyfitter_amux.c **** void AMux_2_Unset(uint8 channel)
 143:Generated_Source\PSoC6/cyfitter_amux.c **** {
 118              		.loc 1 143 0
 119              		.cfi_startproc
 120              		@ args = 0, pretend = 0, frame = 0
 121              		@ frame_needed = 0, uses_anonymous_args = 0
 122              		@ link register save eliminated.
 123              	.LVL2:
 144:Generated_Source\PSoC6/cyfitter_amux.c **** 	switch (channel) {
 124              		.loc 1 144 0
 125 0000 0528     		cmp	r0, #5
 126 0002 20D8     		bhi	.L12
 127 0004 8000     		lsls	r0, r0, #2
 128              	.LVL3:
 129 0006 104B     		ldr	r3, .L21
 130 0008 1B58     		ldr	r3, [r3, r0]
 131 000a 9F46     		mov	pc, r3
 132              		.section	.rodata
 133              		.align	2
 134              	.L15:
 135 0018 0C000000 		.word	.L14
 136 001c 16000000 		.word	.L16
 137 0020 20000000 		.word	.L17
 138 0024 2A000000 		.word	.L18
 139 0028 34000000 		.word	.L19
 140 002c 3E000000 		.word	.L20
 141              		.section	.text.AMux_2_Unset
ARM GAS  C:\Users\43479\AppData\Local\Temp\ccnK1GAg.s 			page 6


 142              	.L14:
 145:Generated_Source\PSoC6/cyfitter_amux.c **** 		case 0u:
 146:Generated_Source\PSoC6/cyfitter_amux.c **** 			CY_SET_REG32((void CYXDATA *)CYREG_SAR_MUX_SWITCH_CLEAR0, (0x100u));
 143              		.loc 1 146 0
 144 000c 8022     		movs	r2, #128
 145 000e 5200     		lsls	r2, r2, #1
 146 0010 0E4B     		ldr	r3, .L21+4
 147 0012 1A60     		str	r2, [r3]
 147:Generated_Source\PSoC6/cyfitter_amux.c **** 			break;
 148              		.loc 1 147 0
 149 0014 17E0     		b	.L12
 150              	.L16:
 148:Generated_Source\PSoC6/cyfitter_amux.c **** 		case 1u:
 149:Generated_Source\PSoC6/cyfitter_amux.c **** 			CY_SET_REG32((void CYXDATA *)CYREG_SAR_MUX_SWITCH_CLEAR0, (0x200u));
 151              		.loc 1 149 0
 152 0016 8022     		movs	r2, #128
 153 0018 9200     		lsls	r2, r2, #2
 154 001a 0C4B     		ldr	r3, .L21+4
 155 001c 1A60     		str	r2, [r3]
 150:Generated_Source\PSoC6/cyfitter_amux.c **** 			break;
 156              		.loc 1 150 0
 157 001e 12E0     		b	.L12
 158              	.L17:
 151:Generated_Source\PSoC6/cyfitter_amux.c **** 		case 2u:
 152:Generated_Source\PSoC6/cyfitter_amux.c **** 			CY_SET_REG32((void CYXDATA *)CYREG_SAR_MUX_SWITCH_CLEAR0, (0x400u));
 159              		.loc 1 152 0
 160 0020 8022     		movs	r2, #128
 161 0022 D200     		lsls	r2, r2, #3
 162 0024 094B     		ldr	r3, .L21+4
 163 0026 1A60     		str	r2, [r3]
 153:Generated_Source\PSoC6/cyfitter_amux.c **** 			break;
 164              		.loc 1 153 0
 165 0028 0DE0     		b	.L12
 166              	.L18:
 154:Generated_Source\PSoC6/cyfitter_amux.c **** 		case 3u:
 155:Generated_Source\PSoC6/cyfitter_amux.c **** 			CY_SET_REG32((void CYXDATA *)CYREG_SAR_MUX_SWITCH_CLEAR0, (0x800u));
 167              		.loc 1 155 0
 168 002a 8022     		movs	r2, #128
 169 002c 1201     		lsls	r2, r2, #4
 170 002e 074B     		ldr	r3, .L21+4
 171 0030 1A60     		str	r2, [r3]
 156:Generated_Source\PSoC6/cyfitter_amux.c **** 			break;
 172              		.loc 1 156 0
 173 0032 08E0     		b	.L12
 174              	.L19:
 157:Generated_Source\PSoC6/cyfitter_amux.c **** 		case 4u:
 158:Generated_Source\PSoC6/cyfitter_amux.c **** 			CY_SET_REG32((void CYXDATA *)CYREG_SAR_MUX_SWITCH_CLEAR0, (0x1000u));
 175              		.loc 1 158 0
 176 0034 8022     		movs	r2, #128
 177 0036 5201     		lsls	r2, r2, #5
 178 0038 044B     		ldr	r3, .L21+4
 179 003a 1A60     		str	r2, [r3]
 159:Generated_Source\PSoC6/cyfitter_amux.c **** 			break;
 180              		.loc 1 159 0
 181 003c 03E0     		b	.L12
 182              	.L20:
 160:Generated_Source\PSoC6/cyfitter_amux.c **** 		case 5u:
ARM GAS  C:\Users\43479\AppData\Local\Temp\ccnK1GAg.s 			page 7


 161:Generated_Source\PSoC6/cyfitter_amux.c **** 			CY_SET_REG32((void CYXDATA *)CYREG_SAR_MUX_SWITCH_CLEAR0, (0x2000u));
 183              		.loc 1 161 0
 184 003e 8022     		movs	r2, #128
 185 0040 9201     		lsls	r2, r2, #6
 186 0042 024B     		ldr	r3, .L21+4
 187 0044 1A60     		str	r2, [r3]
 188              	.L12:
 162:Generated_Source\PSoC6/cyfitter_amux.c **** 			break;
 163:Generated_Source\PSoC6/cyfitter_amux.c **** 		default:
 164:Generated_Source\PSoC6/cyfitter_amux.c **** 			break;
 165:Generated_Source\PSoC6/cyfitter_amux.c **** 	}
 166:Generated_Source\PSoC6/cyfitter_amux.c **** }
 189              		.loc 1 166 0
 190              		@ sp needed
 191 0046 7047     		bx	lr
 192              	.L22:
 193              		.align	2
 194              	.L21:
 195 0048 18000000 		.word	.L15
 196 004c 04031D41 		.word	1092420356
 197              		.cfi_endproc
 198              	.LFE40:
 199              		.size	AMux_2_Unset, .-AMux_2_Unset
 200              		.section	.text.AMux_1_Set,"ax",%progbits
 201              		.align	2
 202              		.global	AMux_1_Set
 203              		.code	16
 204              		.thumb_func
 205              		.type	AMux_1_Set, %function
 206              	AMux_1_Set:
 207              	.LFB41:
 167:Generated_Source\PSoC6/cyfitter_amux.c **** 
 168:Generated_Source\PSoC6/cyfitter_amux.c **** /*******************************************************************************
 169:Generated_Source\PSoC6/cyfitter_amux.c **** * Function Name: AMux_1_Set
 170:Generated_Source\PSoC6/cyfitter_amux.c **** ********************************************************************************
 171:Generated_Source\PSoC6/cyfitter_amux.c **** * Summary:
 172:Generated_Source\PSoC6/cyfitter_amux.c **** *  This function is used to set a particular channel as active on the AMux.
 173:Generated_Source\PSoC6/cyfitter_amux.c **** *
 174:Generated_Source\PSoC6/cyfitter_amux.c **** * Parameters:  
 175:Generated_Source\PSoC6/cyfitter_amux.c **** *   channel - The mux channel input to set as active
 176:Generated_Source\PSoC6/cyfitter_amux.c **** *
 177:Generated_Source\PSoC6/cyfitter_amux.c **** * Return:
 178:Generated_Source\PSoC6/cyfitter_amux.c **** *   void
 179:Generated_Source\PSoC6/cyfitter_amux.c **** *
 180:Generated_Source\PSoC6/cyfitter_amux.c **** *******************************************************************************/
 181:Generated_Source\PSoC6/cyfitter_amux.c **** void AMux_1_Set(uint8 channel)
 182:Generated_Source\PSoC6/cyfitter_amux.c **** {
 208              		.loc 1 182 0
 209              		.cfi_startproc
 210              		@ args = 0, pretend = 0, frame = 0
 211              		@ frame_needed = 0, uses_anonymous_args = 0
 212              		@ link register save eliminated.
 213              	.LVL4:
 183:Generated_Source\PSoC6/cyfitter_amux.c **** 	switch (channel) {
 214              		.loc 1 183 0
 215 0000 0528     		cmp	r0, #5
 216 0002 2AD8     		bhi	.L23
ARM GAS  C:\Users\43479\AppData\Local\Temp\ccnK1GAg.s 			page 8


 217 0004 8000     		lsls	r0, r0, #2
 218              	.LVL5:
 219 0006 154B     		ldr	r3, .L32
 220 0008 1B58     		ldr	r3, [r3, r0]
 221 000a 9F46     		mov	pc, r3
 222              		.section	.rodata
 223              		.align	2
 224              	.L26:
 225 0030 0C000000 		.word	.L25
 226 0034 18000000 		.word	.L27
 227 0038 26000000 		.word	.L28
 228 003c 34000000 		.word	.L29
 229 0040 42000000 		.word	.L30
 230 0044 4E000000 		.word	.L31
 231              		.section	.text.AMux_1_Set
 232              	.L25:
 184:Generated_Source\PSoC6/cyfitter_amux.c **** 		case 0u:
 185:Generated_Source\PSoC6/cyfitter_amux.c **** 			CY_SET_REG32((void CYXDATA *)CYREG_HSIOM_PRT9_PORT_SEL0, (CY_GET_REG32((void CYXDATA *)CYREG_HSI
 233              		.loc 1 185 0
 234 000c 144A     		ldr	r2, .L32+4
 235 000e 1168     		ldr	r1, [r2]
 236 0010 0523     		movs	r3, #5
 237 0012 0B43     		orrs	r3, r1
 238 0014 1360     		str	r3, [r2]
 186:Generated_Source\PSoC6/cyfitter_amux.c **** 			break;
 239              		.loc 1 186 0
 240 0016 20E0     		b	.L23
 241              	.L27:
 187:Generated_Source\PSoC6/cyfitter_amux.c **** 		case 1u:
 188:Generated_Source\PSoC6/cyfitter_amux.c **** 			CY_SET_REG32((void CYXDATA *)CYREG_HSIOM_PRT9_PORT_SEL0, (CY_GET_REG32((void CYXDATA *)CYREG_HSI
 242              		.loc 1 188 0
 243 0018 114A     		ldr	r2, .L32+4
 244 001a 1368     		ldr	r3, [r2]
 245 001c A021     		movs	r1, #160
 246 001e C900     		lsls	r1, r1, #3
 247 0020 0B43     		orrs	r3, r1
 248 0022 1360     		str	r3, [r2]
 189:Generated_Source\PSoC6/cyfitter_amux.c **** 			break;
 249              		.loc 1 189 0
 250 0024 19E0     		b	.L23
 251              	.L28:
 190:Generated_Source\PSoC6/cyfitter_amux.c **** 		case 2u:
 191:Generated_Source\PSoC6/cyfitter_amux.c **** 			CY_SET_REG32((void CYXDATA *)CYREG_HSIOM_PRT9_PORT_SEL0, (CY_GET_REG32((void CYXDATA *)CYREG_HSI
 252              		.loc 1 191 0
 253 0026 0E4A     		ldr	r2, .L32+4
 254 0028 1368     		ldr	r3, [r2]
 255 002a A021     		movs	r1, #160
 256 002c C902     		lsls	r1, r1, #11
 257 002e 0B43     		orrs	r3, r1
 258 0030 1360     		str	r3, [r2]
 192:Generated_Source\PSoC6/cyfitter_amux.c **** 			break;
 259              		.loc 1 192 0
 260 0032 12E0     		b	.L23
 261              	.L29:
 193:Generated_Source\PSoC6/cyfitter_amux.c **** 		case 3u:
 194:Generated_Source\PSoC6/cyfitter_amux.c **** 			CY_SET_REG32((void CYXDATA *)CYREG_HSIOM_PRT9_PORT_SEL1, (CY_GET_REG32((void CYXDATA *)CYREG_HSI
 262              		.loc 1 194 0
ARM GAS  C:\Users\43479\AppData\Local\Temp\ccnK1GAg.s 			page 9


 263 0034 0B4A     		ldr	r2, .L32+8
 264 0036 1368     		ldr	r3, [r2]
 265 0038 A021     		movs	r1, #160
 266 003a C904     		lsls	r1, r1, #19
 267 003c 0B43     		orrs	r3, r1
 268 003e 1360     		str	r3, [r2]
 195:Generated_Source\PSoC6/cyfitter_amux.c **** 			break;
 269              		.loc 1 195 0
 270 0040 0BE0     		b	.L23
 271              	.L30:
 196:Generated_Source\PSoC6/cyfitter_amux.c **** 		case 4u:
 197:Generated_Source\PSoC6/cyfitter_amux.c **** 			CY_SET_REG32((void CYXDATA *)CYREG_HSIOM_PRT9_PORT_SEL1, (CY_GET_REG32((void CYXDATA *)CYREG_HSI
 272              		.loc 1 197 0
 273 0042 084A     		ldr	r2, .L32+8
 274 0044 1168     		ldr	r1, [r2]
 275 0046 0523     		movs	r3, #5
 276 0048 0B43     		orrs	r3, r1
 277 004a 1360     		str	r3, [r2]
 198:Generated_Source\PSoC6/cyfitter_amux.c **** 			break;
 278              		.loc 1 198 0
 279 004c 05E0     		b	.L23
 280              	.L31:
 199:Generated_Source\PSoC6/cyfitter_amux.c **** 		case 5u:
 200:Generated_Source\PSoC6/cyfitter_amux.c **** 			CY_SET_REG32((void CYXDATA *)CYREG_HSIOM_PRT9_PORT_SEL1, (CY_GET_REG32((void CYXDATA *)CYREG_HSI
 281              		.loc 1 200 0
 282 004e 054A     		ldr	r2, .L32+8
 283 0050 1368     		ldr	r3, [r2]
 284 0052 A021     		movs	r1, #160
 285 0054 C900     		lsls	r1, r1, #3
 286 0056 0B43     		orrs	r3, r1
 287 0058 1360     		str	r3, [r2]
 288              	.L23:
 201:Generated_Source\PSoC6/cyfitter_amux.c **** 			break;
 202:Generated_Source\PSoC6/cyfitter_amux.c **** 		default:
 203:Generated_Source\PSoC6/cyfitter_amux.c **** 			break;
 204:Generated_Source\PSoC6/cyfitter_amux.c **** 	}
 205:Generated_Source\PSoC6/cyfitter_amux.c **** }
 289              		.loc 1 205 0
 290              		@ sp needed
 291 005a 7047     		bx	lr
 292              	.L33:
 293              		.align	2
 294              	.L32:
 295 005c 30000000 		.word	.L26
 296 0060 90003140 		.word	1076953232
 297 0064 94003140 		.word	1076953236
 298              		.cfi_endproc
 299              	.LFE41:
 300              		.size	AMux_1_Set, .-AMux_1_Set
 301              		.section	.text.AMux_1_Unset,"ax",%progbits
 302              		.align	2
 303              		.global	AMux_1_Unset
 304              		.code	16
 305              		.thumb_func
 306              		.type	AMux_1_Unset, %function
 307              	AMux_1_Unset:
 308              	.LFB42:
ARM GAS  C:\Users\43479\AppData\Local\Temp\ccnK1GAg.s 			page 10


 206:Generated_Source\PSoC6/cyfitter_amux.c **** 
 207:Generated_Source\PSoC6/cyfitter_amux.c **** /*******************************************************************************
 208:Generated_Source\PSoC6/cyfitter_amux.c **** * Function Name: AMux_1_Unset
 209:Generated_Source\PSoC6/cyfitter_amux.c **** ********************************************************************************
 210:Generated_Source\PSoC6/cyfitter_amux.c **** * Summary:
 211:Generated_Source\PSoC6/cyfitter_amux.c **** *  This function is used to clear a particular channel from being active on the
 212:Generated_Source\PSoC6/cyfitter_amux.c **** *  AMux.
 213:Generated_Source\PSoC6/cyfitter_amux.c **** *
 214:Generated_Source\PSoC6/cyfitter_amux.c **** * Parameters:  
 215:Generated_Source\PSoC6/cyfitter_amux.c **** *   channel - The mux channel input to mark inactive
 216:Generated_Source\PSoC6/cyfitter_amux.c **** *
 217:Generated_Source\PSoC6/cyfitter_amux.c **** * Return:
 218:Generated_Source\PSoC6/cyfitter_amux.c **** *   void
 219:Generated_Source\PSoC6/cyfitter_amux.c **** *
 220:Generated_Source\PSoC6/cyfitter_amux.c **** *******************************************************************************/
 221:Generated_Source\PSoC6/cyfitter_amux.c **** void AMux_1_Unset(uint8 channel)
 222:Generated_Source\PSoC6/cyfitter_amux.c **** {
 309              		.loc 1 222 0
 310              		.cfi_startproc
 311              		@ args = 0, pretend = 0, frame = 0
 312              		@ frame_needed = 0, uses_anonymous_args = 0
 313              		@ link register save eliminated.
 314              	.LVL6:
 223:Generated_Source\PSoC6/cyfitter_amux.c **** 	switch (channel) {
 315              		.loc 1 223 0
 316 0000 0528     		cmp	r0, #5
 317 0002 26D8     		bhi	.L34
 318 0004 8000     		lsls	r0, r0, #2
 319              	.LVL7:
 320 0006 134B     		ldr	r3, .L43
 321 0008 1B58     		ldr	r3, [r3, r0]
 322 000a 9F46     		mov	pc, r3
 323              		.section	.rodata
 324              		.align	2
 325              	.L37:
 326 0048 0C000000 		.word	.L36
 327 004c 18000000 		.word	.L38
 328 0050 24000000 		.word	.L39
 329 0054 30000000 		.word	.L40
 330 0058 3C000000 		.word	.L41
 331 005c 48000000 		.word	.L42
 332              		.section	.text.AMux_1_Unset
 333              	.L36:
 224:Generated_Source\PSoC6/cyfitter_amux.c **** 		case 0u:
 225:Generated_Source\PSoC6/cyfitter_amux.c **** 			CY_SET_REG32((void CYXDATA *)CYREG_HSIOM_PRT9_PORT_SEL0, (CY_GET_REG32((void CYXDATA *)CYREG_HSI
 334              		.loc 1 225 0
 335 000c 124A     		ldr	r2, .L43+4
 336 000e 1368     		ldr	r3, [r2]
 337 0010 0521     		movs	r1, #5
 338 0012 8B43     		bics	r3, r1
 339 0014 1360     		str	r3, [r2]
 226:Generated_Source\PSoC6/cyfitter_amux.c **** 			break;
 340              		.loc 1 226 0
 341 0016 1CE0     		b	.L34
 342              	.L38:
 227:Generated_Source\PSoC6/cyfitter_amux.c **** 		case 1u:
 228:Generated_Source\PSoC6/cyfitter_amux.c **** 			CY_SET_REG32((void CYXDATA *)CYREG_HSIOM_PRT9_PORT_SEL0, (CY_GET_REG32((void CYXDATA *)CYREG_HSI
ARM GAS  C:\Users\43479\AppData\Local\Temp\ccnK1GAg.s 			page 11


 343              		.loc 1 228 0
 344 0018 0F4A     		ldr	r2, .L43+4
 345 001a 1168     		ldr	r1, [r2]
 346 001c 0F4B     		ldr	r3, .L43+8
 347 001e 0B40     		ands	r3, r1
 348 0020 1360     		str	r3, [r2]
 229:Generated_Source\PSoC6/cyfitter_amux.c **** 			break;
 349              		.loc 1 229 0
 350 0022 16E0     		b	.L34
 351              	.L39:
 230:Generated_Source\PSoC6/cyfitter_amux.c **** 		case 2u:
 231:Generated_Source\PSoC6/cyfitter_amux.c **** 			CY_SET_REG32((void CYXDATA *)CYREG_HSIOM_PRT9_PORT_SEL0, (CY_GET_REG32((void CYXDATA *)CYREG_HSI
 352              		.loc 1 231 0
 353 0024 0C4A     		ldr	r2, .L43+4
 354 0026 1168     		ldr	r1, [r2]
 355 0028 0D4B     		ldr	r3, .L43+12
 356 002a 0B40     		ands	r3, r1
 357 002c 1360     		str	r3, [r2]
 232:Generated_Source\PSoC6/cyfitter_amux.c **** 			break;
 358              		.loc 1 232 0
 359 002e 10E0     		b	.L34
 360              	.L40:
 233:Generated_Source\PSoC6/cyfitter_amux.c **** 		case 3u:
 234:Generated_Source\PSoC6/cyfitter_amux.c **** 			CY_SET_REG32((void CYXDATA *)CYREG_HSIOM_PRT9_PORT_SEL1, (CY_GET_REG32((void CYXDATA *)CYREG_HSI
 361              		.loc 1 234 0
 362 0030 0C4A     		ldr	r2, .L43+16
 363 0032 1168     		ldr	r1, [r2]
 364 0034 0C4B     		ldr	r3, .L43+20
 365 0036 0B40     		ands	r3, r1
 366 0038 1360     		str	r3, [r2]
 235:Generated_Source\PSoC6/cyfitter_amux.c **** 			break;
 367              		.loc 1 235 0
 368 003a 0AE0     		b	.L34
 369              	.L41:
 236:Generated_Source\PSoC6/cyfitter_amux.c **** 		case 4u:
 237:Generated_Source\PSoC6/cyfitter_amux.c **** 			CY_SET_REG32((void CYXDATA *)CYREG_HSIOM_PRT9_PORT_SEL1, (CY_GET_REG32((void CYXDATA *)CYREG_HSI
 370              		.loc 1 237 0
 371 003c 094A     		ldr	r2, .L43+16
 372 003e 1368     		ldr	r3, [r2]
 373 0040 0521     		movs	r1, #5
 374 0042 8B43     		bics	r3, r1
 375 0044 1360     		str	r3, [r2]
 238:Generated_Source\PSoC6/cyfitter_amux.c **** 			break;
 376              		.loc 1 238 0
 377 0046 04E0     		b	.L34
 378              	.L42:
 239:Generated_Source\PSoC6/cyfitter_amux.c **** 		case 5u:
 240:Generated_Source\PSoC6/cyfitter_amux.c **** 			CY_SET_REG32((void CYXDATA *)CYREG_HSIOM_PRT9_PORT_SEL1, (CY_GET_REG32((void CYXDATA *)CYREG_HSI
 379              		.loc 1 240 0
 380 0048 064A     		ldr	r2, .L43+16
 381 004a 1168     		ldr	r1, [r2]
 382 004c 034B     		ldr	r3, .L43+8
 383 004e 0B40     		ands	r3, r1
 384 0050 1360     		str	r3, [r2]
 385              	.L34:
 241:Generated_Source\PSoC6/cyfitter_amux.c **** 			break;
 242:Generated_Source\PSoC6/cyfitter_amux.c **** 		default:
ARM GAS  C:\Users\43479\AppData\Local\Temp\ccnK1GAg.s 			page 12


 243:Generated_Source\PSoC6/cyfitter_amux.c **** 			break;
 244:Generated_Source\PSoC6/cyfitter_amux.c **** 	}
 245:Generated_Source\PSoC6/cyfitter_amux.c **** }
 386              		.loc 1 245 0
 387              		@ sp needed
 388 0052 7047     		bx	lr
 389              	.L44:
 390              		.align	2
 391              	.L43:
 392 0054 48000000 		.word	.L37
 393 0058 90003140 		.word	1076953232
 394 005c FFFAFFFF 		.word	-1281
 395 0060 FFFFFAFF 		.word	-327681
 396 0064 94003140 		.word	1076953236
 397 0068 FFFFFFFA 		.word	-83886081
 398              		.cfi_endproc
 399              	.LFE42:
 400              		.size	AMux_1_Unset, .-AMux_1_Unset
 401              		.text
 402              	.Letext0:
 403              		.file 2 "d:\\mysoftware\\cypress\\psoc creator\\4.4\\psoc creator\\import\\gnu\\arm\\5.4.1\\arm-no
 404              		.file 3 "d:\\mysoftware\\cypress\\psoc creator\\4.4\\psoc creator\\import\\gnu\\arm\\5.4.1\\arm-no
 405              		.file 4 "Generated_Source\\PSoC6\\pdl\\drivers/peripheral/syslib/cy_syslib.h"
 406              		.section	.debug_info,"",%progbits
 407              	.Ldebug_info0:
 408 0000 53010000 		.4byte	0x153
 409 0004 0400     		.2byte	0x4
 410 0006 00000000 		.4byte	.Ldebug_abbrev0
 411 000a 04       		.byte	0x4
 412 000b 01       		.uleb128 0x1
 413 000c 57010000 		.4byte	.LASF23
 414 0010 0C       		.byte	0xc
 415 0011 E3000000 		.4byte	.LASF24
 416 0015 16010000 		.4byte	.LASF25
 417 0019 00000000 		.4byte	.Ldebug_ranges0+0
 418 001d 00000000 		.4byte	0
 419 0021 00000000 		.4byte	.Ldebug_line0
 420 0025 02       		.uleb128 0x2
 421 0026 01       		.byte	0x1
 422 0027 06       		.byte	0x6
 423 0028 CA000000 		.4byte	.LASF0
 424 002c 03       		.uleb128 0x3
 425 002d 55000000 		.4byte	.LASF5
 426 0031 02       		.byte	0x2
 427 0032 1D       		.byte	0x1d
 428 0033 37000000 		.4byte	0x37
 429 0037 02       		.uleb128 0x2
 430 0038 01       		.byte	0x1
 431 0039 08       		.byte	0x8
 432 003a 78000000 		.4byte	.LASF1
 433 003e 02       		.uleb128 0x2
 434 003f 02       		.byte	0x2
 435 0040 05       		.byte	0x5
 436 0041 4D010000 		.4byte	.LASF2
 437 0045 02       		.uleb128 0x2
 438 0046 02       		.byte	0x2
 439 0047 07       		.byte	0x7
ARM GAS  C:\Users\43479\AppData\Local\Temp\ccnK1GAg.s 			page 13


 440 0048 B7000000 		.4byte	.LASF3
 441 004c 02       		.uleb128 0x2
 442 004d 04       		.byte	0x4
 443 004e 05       		.byte	0x5
 444 004f 94000000 		.4byte	.LASF4
 445 0053 03       		.uleb128 0x3
 446 0054 1B000000 		.4byte	.LASF6
 447 0058 02       		.byte	0x2
 448 0059 41       		.byte	0x41
 449 005a 5E000000 		.4byte	0x5e
 450 005e 02       		.uleb128 0x2
 451 005f 04       		.byte	0x4
 452 0060 07       		.byte	0x7
 453 0061 2C000000 		.4byte	.LASF7
 454 0065 02       		.uleb128 0x2
 455 0066 08       		.byte	0x8
 456 0067 05       		.byte	0x5
 457 0068 00000000 		.4byte	.LASF8
 458 006c 02       		.uleb128 0x2
 459 006d 08       		.byte	0x8
 460 006e 07       		.byte	0x7
 461 006f 3E000000 		.4byte	.LASF9
 462 0073 04       		.uleb128 0x4
 463 0074 04       		.byte	0x4
 464 0075 05       		.byte	0x5
 465 0076 696E7400 		.ascii	"int\000"
 466 007a 02       		.uleb128 0x2
 467 007b 04       		.byte	0x4
 468 007c 07       		.byte	0x7
 469 007d E9010000 		.4byte	.LASF10
 470 0081 03       		.uleb128 0x3
 471 0082 70000000 		.4byte	.LASF11
 472 0086 03       		.byte	0x3
 473 0087 18       		.byte	0x18
 474 0088 2C000000 		.4byte	0x2c
 475 008c 03       		.uleb128 0x3
 476 008d 8B000000 		.4byte	.LASF12
 477 0091 03       		.byte	0x3
 478 0092 30       		.byte	0x30
 479 0093 53000000 		.4byte	0x53
 480 0097 02       		.uleb128 0x2
 481 0098 04       		.byte	0x4
 482 0099 07       		.byte	0x7
 483 009a F6010000 		.4byte	.LASF13
 484 009e 02       		.uleb128 0x2
 485 009f 01       		.byte	0x1
 486 00a0 08       		.byte	0x8
 487 00a1 86000000 		.4byte	.LASF14
 488 00a5 02       		.uleb128 0x2
 489 00a6 04       		.byte	0x4
 490 00a7 04       		.byte	0x4
 491 00a8 5F000000 		.4byte	.LASF15
 492 00ac 02       		.uleb128 0x2
 493 00ad 08       		.byte	0x8
 494 00ae 04       		.byte	0x4
 495 00af 9D000000 		.4byte	.LASF16
 496 00b3 05       		.uleb128 0x5
ARM GAS  C:\Users\43479\AppData\Local\Temp\ccnK1GAg.s 			page 14


 497 00b4 26000000 		.4byte	.LASF17
 498 00b8 04       		.byte	0x4
 499 00b9 8503     		.2byte	0x385
 500 00bb 81000000 		.4byte	0x81
 501 00bf 02       		.uleb128 0x2
 502 00c0 08       		.byte	0x8
 503 00c1 04       		.byte	0x4
 504 00c2 0A010000 		.4byte	.LASF18
 505 00c6 06       		.uleb128 0x6
 506 00c7 A4000000 		.4byte	.LASF19
 507 00cb 01       		.byte	0x1
 508 00cc 66       		.byte	0x66
 509 00cd 00000000 		.4byte	.LFB39
 510 00d1 50000000 		.4byte	.LFE39-.LFB39
 511 00d5 01       		.uleb128 0x1
 512 00d6 9C       		.byte	0x9c
 513 00d7 EB000000 		.4byte	0xeb
 514 00db 07       		.uleb128 0x7
 515 00dc AF000000 		.4byte	.LASF21
 516 00e0 01       		.byte	0x1
 517 00e1 66       		.byte	0x66
 518 00e2 B3000000 		.4byte	0xb3
 519 00e6 00000000 		.4byte	.LLST0
 520 00ea 00       		.byte	0
 521 00eb 06       		.uleb128 0x6
 522 00ec 0E000000 		.4byte	.LASF20
 523 00f0 01       		.byte	0x1
 524 00f1 8E       		.byte	0x8e
 525 00f2 00000000 		.4byte	.LFB40
 526 00f6 50000000 		.4byte	.LFE40-.LFB40
 527 00fa 01       		.uleb128 0x1
 528 00fb 9C       		.byte	0x9c
 529 00fc 10010000 		.4byte	0x110
 530 0100 07       		.uleb128 0x7
 531 0101 AF000000 		.4byte	.LASF21
 532 0105 01       		.byte	0x1
 533 0106 8E       		.byte	0x8e
 534 0107 B3000000 		.4byte	0xb3
 535 010b 21000000 		.4byte	.LLST1
 536 010f 00       		.byte	0
 537 0110 06       		.uleb128 0x6
 538 0111 65000000 		.4byte	.LASF22
 539 0115 01       		.byte	0x1
 540 0116 B5       		.byte	0xb5
 541 0117 00000000 		.4byte	.LFB41
 542 011b 68000000 		.4byte	.LFE41-.LFB41
 543 011f 01       		.uleb128 0x1
 544 0120 9C       		.byte	0x9c
 545 0121 35010000 		.4byte	0x135
 546 0125 07       		.uleb128 0x7
 547 0126 AF000000 		.4byte	.LASF21
 548 012a 01       		.byte	0x1
 549 012b B5       		.byte	0xb5
 550 012c B3000000 		.4byte	0xb3
 551 0130 42000000 		.4byte	.LLST2
 552 0134 00       		.byte	0
 553 0135 08       		.uleb128 0x8
ARM GAS  C:\Users\43479\AppData\Local\Temp\ccnK1GAg.s 			page 15


 554 0136 D6000000 		.4byte	.LASF26
 555 013a 01       		.byte	0x1
 556 013b DD       		.byte	0xdd
 557 013c 00000000 		.4byte	.LFB42
 558 0140 6C000000 		.4byte	.LFE42-.LFB42
 559 0144 01       		.uleb128 0x1
 560 0145 9C       		.byte	0x9c
 561 0146 07       		.uleb128 0x7
 562 0147 AF000000 		.4byte	.LASF21
 563 014b 01       		.byte	0x1
 564 014c DD       		.byte	0xdd
 565 014d B3000000 		.4byte	0xb3
 566 0151 63000000 		.4byte	.LLST3
 567 0155 00       		.byte	0
 568 0156 00       		.byte	0
 569              		.section	.debug_abbrev,"",%progbits
 570              	.Ldebug_abbrev0:
 571 0000 01       		.uleb128 0x1
 572 0001 11       		.uleb128 0x11
 573 0002 01       		.byte	0x1
 574 0003 25       		.uleb128 0x25
 575 0004 0E       		.uleb128 0xe
 576 0005 13       		.uleb128 0x13
 577 0006 0B       		.uleb128 0xb
 578 0007 03       		.uleb128 0x3
 579 0008 0E       		.uleb128 0xe
 580 0009 1B       		.uleb128 0x1b
 581 000a 0E       		.uleb128 0xe
 582 000b 55       		.uleb128 0x55
 583 000c 17       		.uleb128 0x17
 584 000d 11       		.uleb128 0x11
 585 000e 01       		.uleb128 0x1
 586 000f 10       		.uleb128 0x10
 587 0010 17       		.uleb128 0x17
 588 0011 00       		.byte	0
 589 0012 00       		.byte	0
 590 0013 02       		.uleb128 0x2
 591 0014 24       		.uleb128 0x24
 592 0015 00       		.byte	0
 593 0016 0B       		.uleb128 0xb
 594 0017 0B       		.uleb128 0xb
 595 0018 3E       		.uleb128 0x3e
 596 0019 0B       		.uleb128 0xb
 597 001a 03       		.uleb128 0x3
 598 001b 0E       		.uleb128 0xe
 599 001c 00       		.byte	0
 600 001d 00       		.byte	0
 601 001e 03       		.uleb128 0x3
 602 001f 16       		.uleb128 0x16
 603 0020 00       		.byte	0
 604 0021 03       		.uleb128 0x3
 605 0022 0E       		.uleb128 0xe
 606 0023 3A       		.uleb128 0x3a
 607 0024 0B       		.uleb128 0xb
 608 0025 3B       		.uleb128 0x3b
 609 0026 0B       		.uleb128 0xb
 610 0027 49       		.uleb128 0x49
ARM GAS  C:\Users\43479\AppData\Local\Temp\ccnK1GAg.s 			page 16


 611 0028 13       		.uleb128 0x13
 612 0029 00       		.byte	0
 613 002a 00       		.byte	0
 614 002b 04       		.uleb128 0x4
 615 002c 24       		.uleb128 0x24
 616 002d 00       		.byte	0
 617 002e 0B       		.uleb128 0xb
 618 002f 0B       		.uleb128 0xb
 619 0030 3E       		.uleb128 0x3e
 620 0031 0B       		.uleb128 0xb
 621 0032 03       		.uleb128 0x3
 622 0033 08       		.uleb128 0x8
 623 0034 00       		.byte	0
 624 0035 00       		.byte	0
 625 0036 05       		.uleb128 0x5
 626 0037 16       		.uleb128 0x16
 627 0038 00       		.byte	0
 628 0039 03       		.uleb128 0x3
 629 003a 0E       		.uleb128 0xe
 630 003b 3A       		.uleb128 0x3a
 631 003c 0B       		.uleb128 0xb
 632 003d 3B       		.uleb128 0x3b
 633 003e 05       		.uleb128 0x5
 634 003f 49       		.uleb128 0x49
 635 0040 13       		.uleb128 0x13
 636 0041 00       		.byte	0
 637 0042 00       		.byte	0
 638 0043 06       		.uleb128 0x6
 639 0044 2E       		.uleb128 0x2e
 640 0045 01       		.byte	0x1
 641 0046 3F       		.uleb128 0x3f
 642 0047 19       		.uleb128 0x19
 643 0048 03       		.uleb128 0x3
 644 0049 0E       		.uleb128 0xe
 645 004a 3A       		.uleb128 0x3a
 646 004b 0B       		.uleb128 0xb
 647 004c 3B       		.uleb128 0x3b
 648 004d 0B       		.uleb128 0xb
 649 004e 27       		.uleb128 0x27
 650 004f 19       		.uleb128 0x19
 651 0050 11       		.uleb128 0x11
 652 0051 01       		.uleb128 0x1
 653 0052 12       		.uleb128 0x12
 654 0053 06       		.uleb128 0x6
 655 0054 40       		.uleb128 0x40
 656 0055 18       		.uleb128 0x18
 657 0056 9742     		.uleb128 0x2117
 658 0058 19       		.uleb128 0x19
 659 0059 01       		.uleb128 0x1
 660 005a 13       		.uleb128 0x13
 661 005b 00       		.byte	0
 662 005c 00       		.byte	0
 663 005d 07       		.uleb128 0x7
 664 005e 05       		.uleb128 0x5
 665 005f 00       		.byte	0
 666 0060 03       		.uleb128 0x3
 667 0061 0E       		.uleb128 0xe
ARM GAS  C:\Users\43479\AppData\Local\Temp\ccnK1GAg.s 			page 17


 668 0062 3A       		.uleb128 0x3a
 669 0063 0B       		.uleb128 0xb
 670 0064 3B       		.uleb128 0x3b
 671 0065 0B       		.uleb128 0xb
 672 0066 49       		.uleb128 0x49
 673 0067 13       		.uleb128 0x13
 674 0068 02       		.uleb128 0x2
 675 0069 17       		.uleb128 0x17
 676 006a 00       		.byte	0
 677 006b 00       		.byte	0
 678 006c 08       		.uleb128 0x8
 679 006d 2E       		.uleb128 0x2e
 680 006e 01       		.byte	0x1
 681 006f 3F       		.uleb128 0x3f
 682 0070 19       		.uleb128 0x19
 683 0071 03       		.uleb128 0x3
 684 0072 0E       		.uleb128 0xe
 685 0073 3A       		.uleb128 0x3a
 686 0074 0B       		.uleb128 0xb
 687 0075 3B       		.uleb128 0x3b
 688 0076 0B       		.uleb128 0xb
 689 0077 27       		.uleb128 0x27
 690 0078 19       		.uleb128 0x19
 691 0079 11       		.uleb128 0x11
 692 007a 01       		.uleb128 0x1
 693 007b 12       		.uleb128 0x12
 694 007c 06       		.uleb128 0x6
 695 007d 40       		.uleb128 0x40
 696 007e 18       		.uleb128 0x18
 697 007f 9742     		.uleb128 0x2117
 698 0081 19       		.uleb128 0x19
 699 0082 00       		.byte	0
 700 0083 00       		.byte	0
 701 0084 00       		.byte	0
 702              		.section	.debug_loc,"",%progbits
 703              	.Ldebug_loc0:
 704              	.LLST0:
 705 0000 00000000 		.4byte	.LVL0
 706 0004 06000000 		.4byte	.LVL1
 707 0008 0100     		.2byte	0x1
 708 000a 50       		.byte	0x50
 709 000b 06000000 		.4byte	.LVL1
 710 000f 50000000 		.4byte	.LFE39
 711 0013 0400     		.2byte	0x4
 712 0015 F3       		.byte	0xf3
 713 0016 01       		.uleb128 0x1
 714 0017 50       		.byte	0x50
 715 0018 9F       		.byte	0x9f
 716 0019 00000000 		.4byte	0
 717 001d 00000000 		.4byte	0
 718              	.LLST1:
 719 0021 00000000 		.4byte	.LVL2
 720 0025 06000000 		.4byte	.LVL3
 721 0029 0100     		.2byte	0x1
 722 002b 50       		.byte	0x50
 723 002c 06000000 		.4byte	.LVL3
 724 0030 50000000 		.4byte	.LFE40
ARM GAS  C:\Users\43479\AppData\Local\Temp\ccnK1GAg.s 			page 18


 725 0034 0400     		.2byte	0x4
 726 0036 F3       		.byte	0xf3
 727 0037 01       		.uleb128 0x1
 728 0038 50       		.byte	0x50
 729 0039 9F       		.byte	0x9f
 730 003a 00000000 		.4byte	0
 731 003e 00000000 		.4byte	0
 732              	.LLST2:
 733 0042 00000000 		.4byte	.LVL4
 734 0046 06000000 		.4byte	.LVL5
 735 004a 0100     		.2byte	0x1
 736 004c 50       		.byte	0x50
 737 004d 06000000 		.4byte	.LVL5
 738 0051 68000000 		.4byte	.LFE41
 739 0055 0400     		.2byte	0x4
 740 0057 F3       		.byte	0xf3
 741 0058 01       		.uleb128 0x1
 742 0059 50       		.byte	0x50
 743 005a 9F       		.byte	0x9f
 744 005b 00000000 		.4byte	0
 745 005f 00000000 		.4byte	0
 746              	.LLST3:
 747 0063 00000000 		.4byte	.LVL6
 748 0067 06000000 		.4byte	.LVL7
 749 006b 0100     		.2byte	0x1
 750 006d 50       		.byte	0x50
 751 006e 06000000 		.4byte	.LVL7
 752 0072 6C000000 		.4byte	.LFE42
 753 0076 0400     		.2byte	0x4
 754 0078 F3       		.byte	0xf3
 755 0079 01       		.uleb128 0x1
 756 007a 50       		.byte	0x50
 757 007b 9F       		.byte	0x9f
 758 007c 00000000 		.4byte	0
 759 0080 00000000 		.4byte	0
 760              		.section	.debug_aranges,"",%progbits
 761 0000 34000000 		.4byte	0x34
 762 0004 0200     		.2byte	0x2
 763 0006 00000000 		.4byte	.Ldebug_info0
 764 000a 04       		.byte	0x4
 765 000b 00       		.byte	0
 766 000c 0000     		.2byte	0
 767 000e 0000     		.2byte	0
 768 0010 00000000 		.4byte	.LFB39
 769 0014 50000000 		.4byte	.LFE39-.LFB39
 770 0018 00000000 		.4byte	.LFB40
 771 001c 50000000 		.4byte	.LFE40-.LFB40
 772 0020 00000000 		.4byte	.LFB41
 773 0024 68000000 		.4byte	.LFE41-.LFB41
 774 0028 00000000 		.4byte	.LFB42
 775 002c 6C000000 		.4byte	.LFE42-.LFB42
 776 0030 00000000 		.4byte	0
 777 0034 00000000 		.4byte	0
 778              		.section	.debug_ranges,"",%progbits
 779              	.Ldebug_ranges0:
 780 0000 00000000 		.4byte	.LFB39
 781 0004 50000000 		.4byte	.LFE39
ARM GAS  C:\Users\43479\AppData\Local\Temp\ccnK1GAg.s 			page 19


 782 0008 00000000 		.4byte	.LFB40
 783 000c 50000000 		.4byte	.LFE40
 784 0010 00000000 		.4byte	.LFB41
 785 0014 68000000 		.4byte	.LFE41
 786 0018 00000000 		.4byte	.LFB42
 787 001c 6C000000 		.4byte	.LFE42
 788 0020 00000000 		.4byte	0
 789 0024 00000000 		.4byte	0
 790              		.section	.debug_line,"",%progbits
 791              	.Ldebug_line0:
 792 0000 E6010000 		.section	.debug_str,"MS",%progbits,1
 792      02006C01 
 792      00000201 
 792      FB0E0D00 
 792      01010101 
 793              	.LASF8:
 794 0000 6C6F6E67 		.ascii	"long long int\000"
 794      206C6F6E 
 794      6720696E 
 794      7400
 795              	.LASF20:
 796 000e 414D7578 		.ascii	"AMux_2_Unset\000"
 796      5F325F55 
 796      6E736574 
 796      00
 797              	.LASF6:
 798 001b 5F5F7569 		.ascii	"__uint32_t\000"
 798      6E743332 
 798      5F7400
 799              	.LASF17:
 800 0026 75696E74 		.ascii	"uint8\000"
 800      3800
 801              	.LASF7:
 802 002c 6C6F6E67 		.ascii	"long unsigned int\000"
 802      20756E73 
 802      69676E65 
 802      6420696E 
 802      7400
 803              	.LASF9:
 804 003e 6C6F6E67 		.ascii	"long long unsigned int\000"
 804      206C6F6E 
 804      6720756E 
 804      7369676E 
 804      65642069 
 805              	.LASF5:
 806 0055 5F5F7569 		.ascii	"__uint8_t\000"
 806      6E74385F 
 806      7400
 807              	.LASF15:
 808 005f 666C6F61 		.ascii	"float\000"
 808      7400
 809              	.LASF22:
 810 0065 414D7578 		.ascii	"AMux_1_Set\000"
 810      5F315F53 
 810      657400
 811              	.LASF11:
 812 0070 75696E74 		.ascii	"uint8_t\000"
ARM GAS  C:\Users\43479\AppData\Local\Temp\ccnK1GAg.s 			page 20


 812      385F7400 
 813              	.LASF1:
 814 0078 756E7369 		.ascii	"unsigned char\000"
 814      676E6564 
 814      20636861 
 814      7200
 815              	.LASF14:
 816 0086 63686172 		.ascii	"char\000"
 816      00
 817              	.LASF12:
 818 008b 75696E74 		.ascii	"uint32_t\000"
 818      33325F74 
 818      00
 819              	.LASF4:
 820 0094 6C6F6E67 		.ascii	"long int\000"
 820      20696E74 
 820      00
 821              	.LASF16:
 822 009d 646F7562 		.ascii	"double\000"
 822      6C6500
 823              	.LASF19:
 824 00a4 414D7578 		.ascii	"AMux_2_Set\000"
 824      5F325F53 
 824      657400
 825              	.LASF21:
 826 00af 6368616E 		.ascii	"channel\000"
 826      6E656C00 
 827              	.LASF3:
 828 00b7 73686F72 		.ascii	"short unsigned int\000"
 828      7420756E 
 828      7369676E 
 828      65642069 
 828      6E7400
 829              	.LASF0:
 830 00ca 7369676E 		.ascii	"signed char\000"
 830      65642063 
 830      68617200 
 831              	.LASF26:
 832 00d6 414D7578 		.ascii	"AMux_1_Unset\000"
 832      5F315F55 
 832      6E736574 
 832      00
 833              	.LASF24:
 834 00e3 47656E65 		.ascii	"Generated_Source\\PSoC6\\cyfitter_amux.c\000"
 834      72617465 
 834      645F536F 
 834      75726365 
 834      5C50536F 
 835              	.LASF18:
 836 010a 6C6F6E67 		.ascii	"long double\000"
 836      20646F75 
 836      626C6500 
 837              	.LASF25:
 838 0116 483A5C47 		.ascii	"H:\\Githubrepo\\Intern\\PSoC\\Final_project01_54Byt"
 838      69746875 
 838      62726570 
 838      6F5C496E 
ARM GAS  C:\Users\43479\AppData\Local\Temp\ccnK1GAg.s 			page 21


 838      7465726E 
 839 0145 652E6379 		.ascii	"e.cydsn\000"
 839      64736E00 
 840              	.LASF2:
 841 014d 73686F72 		.ascii	"short int\000"
 841      7420696E 
 841      7400
 842              	.LASF23:
 843 0157 474E5520 		.ascii	"GNU C11 5.4.1 20160609 (release) [ARM/embedded-5-br"
 843      43313120 
 843      352E342E 
 843      31203230 
 843      31363036 
 844 018a 616E6368 		.ascii	"anch revision 237715] -mcpu=cortex-m0plus -mthumb -"
 844      20726576 
 844      6973696F 
 844      6E203233 
 844      37373135 
 845 01bd 67202D4F 		.ascii	"g -Og -ffunction-sections -ffat-lto-objects\000"
 845      67202D66 
 845      66756E63 
 845      74696F6E 
 845      2D736563 
 846              	.LASF10:
 847 01e9 756E7369 		.ascii	"unsigned int\000"
 847      676E6564 
 847      20696E74 
 847      00
 848              	.LASF13:
 849 01f6 73697A65 		.ascii	"sizetype\000"
 849      74797065 
 849      00
 850              		.ident	"GCC: (GNU Tools for ARM Embedded Processors) 5.4.1 20160609 (release) [ARM/embedded-5-bran
